Γùç injected env (38) from .env // tip: Γîÿ override existing { override: true }
node : FAIL src/tests/services/risk.service.test.js
At line:1 char:56
+ ... or\backend; node node_modules/jest/bin/jest.js --forceExit --no-cover ...
+                 ~~~~~~~~~~~~~~~~~~~~~~~~~~~~~~~~~~~~~~~~~~~~~~~~~~~~~~~~~
    + CategoryInfo          : NotSpecified: (FAIL src/tests/...service.test.js:String) [], RemoteException
    + FullyQualifiedErrorId : NativeCommandError
 
  riskService
    createRisk
      ΓêÜ should create a risk with the provided data (84 ms)
    getRisks
      ΓêÜ should return paginated risks with filters (3 ms)
      ΓêÜ should return risks without filters when not provided (2 ms)
      ΓêÜ should calculate totalPages correctly for non-exact divisions (1 ms)
    getRiskById
      ΓêÜ should return a risk by id (1 ms)
      ΓêÜ should throw AppError when risk not found (11 ms)
    updateRisk
      ├ù should update a risk (34 ms)
      ΓêÜ should throw error when risk not found during update (3 ms)
    deleteRisk
      ΓêÜ should delete a risk (8 ms)
      ΓêÜ should throw error when risk not found during delete (2 ms)

  ΓùÅ riskService ΓÇ║ updateRisk ΓÇ║ should update a risk

    expect(received).toEqual(expected) // deep equality

    - Expected  - 0
    + Received  + 1

      Object {
        "id": "risk-1",
        "status": "closed",
        "title": "Test Risk",
    +   "update": [Function mockConstructor],
      }

    [0m [90m 228 |[39m
     [90m 229 |[39m       expect(mockRisk[33m.[39mupdate)[33m.[39mtoHaveBeenCalledWith(updateData)[33m;[39m
    [31m[1m>[22m[39m[90m 230 |[39m       expect(result)[33m.[39mtoEqual({
     [90m     |[39m                      [31m[1m^[22m[39m
     [90m 231 |[39m         id[33m:[39m riskId[33m,[39m
     [90m 232 |[39m         title[33m:[39m [32m"Test Risk"[39m[33m,[39m
     [90m 233 |[39m         status[33m:[39m [32m"closed"[39m[33m,[39m[0m

      at Object.<anonymous> (src/tests/services/risk.service.test.js:230:22)

PASS src/tests/services/notificationChannels.service.test.js
  notificationChannels.service
    dispatch
      ΓêÜ should return empty results when no channels specified (default realtime only) (49 ms)
      ΓêÜ should dispatch to email when email channel is specified (2 ms)
      ΓêÜ should handle email dispatch failure gracefully (1 ms)
      ΓêÜ should dispatch to SMS when sms channel is specified (1 ms)
      ΓêÜ should handle skipped SMS (1 ms)
      ΓêÜ should handle SMS dispatch failure gracefully (1 ms)
      ΓêÜ should not dispatch email without recipientEmail (1 ms)
      ΓêÜ should not dispatch SMS without recipientPhone (1 ms)
      ΓêÜ should dispatch to multiple channels (5 ms)
      ΓêÜ should continue with other channels when one fails (1 ms)
      ΓêÜ should use DEFAULT_CHANNELS constant

FAIL src/tests/controllers/roles.controller.test.js
  ΓùÅ Test suite failed to run

    Jest encountered an unexpected token

    Jest failed to parse a file. This happens e.g. when your code or its dependencies use non-standard JavaScript 
syntax, or when Jest is not configured to support such syntax.

    Out of the box Jest supports Babel, which will be used to transform your files into valid JS based on your Babel 
configuration.

    By default "node_modules" folder is ignored by transformers.

    Here's what you can do:
     ΓÇó If you are trying to use ECMAScript Modules, see https://jestjs.io/docs/ecmascript-modules for how to enable 
it.
     ΓÇó If you are trying to use TypeScript, see https://jestjs.io/docs/getting-started#using-typescript
     ΓÇó To have some of your "node_modules" files transformed, you can specify a custom "transformIgnorePatterns" in 
your config.
     ΓÇó If you need a custom transformation, specify a "transform" option in your config.
     ΓÇó If you simply want to mock your non-JS modules (e.g. binary assets) you can stub them out with the 
"moduleNameMapper" config option.

    You'll find more details and examples of these config options in the docs:
    https://jestjs.io/docs/configuration
    For information about custom transformations, see:
    https://jestjs.io/docs/code-transformation

    Details:

    C:\Users\Zed\Documents\Project\Callibrator\backend\src\tests\controllers\roles.controller.test.js:416
          });
          ^

    SyntaxError: Unexpected token '}'

      at ModuleExecutor.compile (node_modules/jest-runtime/build/index.js:2104:44)

FAIL src/tests/controllers/tenant.controller.test.js
  tenant Controller
    getAllTenants
      ΓêÜ should return paginated tenants (50 ms)
      ΓêÜ should filter by status (8 ms)
      ΓêÜ should filter by search term (5 ms)
      ΓêÜ should return 400 on validation error (7 ms)
      ΓêÜ should handle missing page and limit (2 ms)
    getSpecificTenant
      ΓêÜ should return a specific tenant (2 ms)
      ΓêÜ should return 404 when tenant not found (2 ms)
      ΓêÜ should use default message when result has no message (6 ms)
      ΓêÜ should return 400 on invalid tenantId (1 ms)
    getPublicBranding
      ΓêÜ should return public branding (8 ms)
      ΓêÜ should accept tenantId from query param (4 ms)
      ΓêÜ should handle empty tenantId (5 ms)
      ├ù should handle tenantId from body (8 ms)
      ΓêÜ should return 404 when branding not found (2 ms)
    createTenant
      ΓêÜ should create a tenant (2 ms)
      ΓêÜ should handle uploaded logo (3 ms)
      ΓêÜ should return 400 on validation error (1 ms)
      ΓêÜ should use default message when result has no message (1 ms)
      ΓêÜ should clean up uploaded file on error (1 ms)
      ΓêÜ should handle file deletion error in catch block (7 ms)
    updateTenant
      ΓêÜ should update a tenant (2 ms)
      ΓêÜ should return 404 when tenant not found (1 ms)
      ΓêÜ should handle uploaded logo update (4 ms)
      ΓêÜ should return 400 on validation error (1 ms)
    deleteTenant
      ΓêÜ should delete a tenant (2 ms)
      ΓêÜ should return 404 when tenant not found (5 ms)
      ΓêÜ should return 400 on validation error (1 ms)
      ΓêÜ should return 400 when tenant deletion fails validation (4 ms)
    getTenantSettings
      ΓêÜ should return tenant settings (2 ms)
      ΓêÜ should return 404 when tenant not found (1 ms)
      ΓêÜ should return 400 on invalid tenantId (1 ms)
    updateTenantSettings
      ΓêÜ should update tenant settings (2 ms)
      ΓêÜ should return 404 when tenant not found (5 ms)
      ΓêÜ should use default message when result has no message (1 ms)
    getTenantUserCount
      ΓêÜ should return tenant user count (5 ms)
      ΓêÜ should use default message when result has no message (1 ms)
      ΓêÜ should return 404 when tenant not found (1 ms)
      ΓêÜ should return 400 on invalid tenantId (1 ms)
    uploadTenantLogo
      ΓêÜ should upload tenant logo (5 ms)
      ΓêÜ should return 400 when no file uploaded (1 ms)
    removeTenantLogo
      ΓêÜ should remove tenant logo (6 ms)

  ΓùÅ tenant Controller ΓÇ║ getPublicBranding ΓÇ║ should handle tenantId from body

    expect(jest.fn()).toHaveBeenCalledWith(...expected)

    Expected: "550e8400-e29b-41d4-a716-446655440001"

    Number of calls: 0

    [0m [90m 262 |[39m       [36mawait[39m tenantController[33m.[39mgetPublicBranding(req[33m,[39m 
res[33m,[39m next)[33m;[39m
     [90m 263 |[39m
    [31m[1m>[22m[39m[90m 264 |[39m       
expect(tenantService[33m.[39mgetPublicBranding)[33m.[39mtoHaveBeenCalledWith(
     [90m     |[39m                                               [31m[1m^[22m[39m
     [90m 265 |[39m         [33mVALID_TENANT_ID[39m[33m,[39m
     [90m 266 |[39m       )[33m;[39m
     [90m 267 |[39m     })[33m;[39m[0m

      at Object.<anonymous> (src/tests/controllers/tenant.controller.test.js:264:47)

2026-07-16 11:19:17 [[32minfo[39m]: Configuration validated successfully
2026-07-16 11:19:18 [[32minfo[39m]: Configuration validated successfully
2026-07-16 11:19:18 [[32minfo[39m]: Configuration validated successfully
2026-07-16 11:19:18 [[32minfo[39m]: Configuration validated successfully
2026-07-16 11:19:18 [[32minfo[39m]: Configuration validated successfully
2026-07-16 11:19:18 [[32minfo[39m]: Configuration validated successfully
2026-07-16 11:19:18 [[32minfo[39m]: Configuration validated successfully
2026-07-16 11:19:19 [[32minfo[39m]: Configuration validated successfully
2026-07-16 11:19:19 [[32minfo[39m]: Configuration validated successfully
2026-07-16 11:19:19 [[32minfo[39m]: Configuration validated successfully
2026-07-16 11:19:19 [[32minfo[39m]: Configuration validated successfully
2026-07-16 11:19:19 [[32minfo[39m]: Configuration validated successfully
2026-07-16 11:19:19 [[32minfo[39m]: Configuration validated successfully
2026-07-16 11:19:20 [[32minfo[39m]: Configuration validated successfully
2026-07-16 11:19:20 [[32minfo[39m]: E-signature key pair generated
2026-07-16 11:19:20 [[32minfo[39m]: Configuration validated successfully
2026-07-16 11:19:21 [[32minfo[39m]: Configuration validated successfully
2026-07-16 11:19:21 [[31merror[39m]: Key pair generation failed
PASS src/tests/routes/billing.routes.test.js (7.719 s)
  Billing Routes
    ΓêÜ should export an Express router (27 ms)
    ΓêÜ should have registered routes (6 ms)
    ΓêÜ should have GET /subscription route (7 ms)
    ΓêÜ should have PATCH /subscription route (2 ms)
    ΓêÜ should have GET /invoices route (6 ms)
    ΓêÜ should have POST /webhook route (1 ms)

PASS src/tests/routes/iot.route.test.js (5.989 s)
  IoT Routes
    ΓêÜ should export an Express router (7 ms)
    ΓêÜ should have registered routes (5 ms)
    ΓêÜ should have multiple route handlers registered (6 ms)
    ΓêÜ should have POST route for /ingest (1 ms)
    ΓêÜ should have exactly 1 route endpoint
    ΓêÜ should have all routes using POST method (1 ms)

PASS src/tests/routes/finance.routes.test.js (7.689 s)
  Finance Routes
    ΓêÜ should export an Express router (18 ms)
    ΓêÜ should have registered routes (4 ms)
    ΓêÜ should have GET /reports/depreciation route (9 ms)
    ΓêÜ should have GET / route (5 ms)
    ΓêÜ should have POST / route (5 ms)
    ΓêÜ should have PATCH /:financeId route (1 ms)
    ΓêÜ should have DELETE /:financeId route

2026-07-16 11:19:21 [[32minfo[39m]: Configuration validated successfully
PASS src/tests/routes/eSignature.routes.test.js (8.006 s)
  E-Signature Routes
    ΓêÜ should export an Express router (34 ms)
    ΓêÜ should have registered routes (7 ms)
    ΓêÜ should have GET /key-pairs route (5 ms)
    ΓêÜ should have POST /key-pairs route (5 ms)
    ΓêÜ should have DELETE /key-pairs/:keyPairId route (1 ms)
    ΓêÜ should have GET /workflows route (5 ms)
    ΓêÜ should have GET /history route (5 ms)

PASS src/tests/routes/warehouse.route.test.js (8.133 s)
  Warehouse Routes
    ΓêÜ should export an Express router (30 ms)
    ΓêÜ should have registered routes (10 ms)
    ΓêÜ should have multiple route handlers registered (1 ms)
    ΓêÜ should have middleware or routes in stack (1 ms)
    ΓêÜ should have all routes using valid HTTP methods (7 ms)

PASS src/tests/routes/tenant.routes.test.js (7.909 s)
  Tenant Routes
    ΓêÜ should export an Express router (30 ms)
    ΓêÜ should have registered routes (13 ms)
    ΓêÜ should have multiple route handlers registered (3 ms)
    ΓêÜ should have route paths defined (7 ms)
    ΓêÜ should have GET method routes (7 ms)
    ΓêÜ should have POST method routes (5 ms)
    ΓêÜ should have PATCH method routes (1 ms)
    ΓêÜ should have DELETE method routes (9 ms)
    ΓêÜ should have public route (no auth) at /public (1 ms)
    ΓêÜ should have create route (4 ms)
    ΓêÜ should have edit route (1 ms)
    ΓêÜ should have delete route (1 ms)
    ΓêÜ should have settings route (1 ms)
    ΓêÜ should have user-count route (4 ms)
    ΓêÜ should have detail route (1 ms)

PASS src/tests/routes/dashboard.route.test.js (8.279 s)
  Dashboard Routes
    ΓêÜ should export an Express router (52 ms)
    ΓêÜ should have registered routes (8 ms)
    ΓêÜ should have multiple route handlers registered (8 ms)
    ΓêÜ should have GET route for /metrics (3 ms)
    ΓêÜ should have middleware layers in stack (15 ms)
    ΓêÜ should have router.use() applied before routes (4 ms)
    ΓêÜ should have all routes using GET method (5 ms)
    ΓêÜ should have exactly 1 route endpoint (5 ms)

PASS src/tests/routes/meteredBilling.route.test.js (7.004 s)
  MeteredBilling Routes
    ΓêÜ should export an Express router (8 ms)
    ΓêÜ should have registered routes (8 ms)
    ΓêÜ should have multiple route handlers registered (7 ms)
    ΓêÜ should have middleware or routes in stack (8 ms)
    ΓêÜ should have all routes using valid HTTP methods (3 ms)

2026-07-16 11:19:22 [[32minfo[39m]: Configuration validated successfully
PASS src/tests/routes/user.routes.test.js (6.871 s)
  User Routes
    ΓêÜ should export an Express router (24 ms)
    ΓêÜ should have registered routes (7 ms)
    ΓêÜ should have multiple route handlers registered (7 ms)
    ΓêÜ should have GET method routes (2 ms)
    ΓêÜ should have POST method routes (5 ms)
    ΓêÜ should have PATCH method routes (4 ms)
    ΓêÜ should have DELETE method routes (8 ms)
    ΓêÜ should have /all route (4 ms)
    ΓêÜ should have /detail route (1 ms)
    ΓêÜ should have /create route (1 ms)
    ΓêÜ should have /edit route (3 ms)
    ΓêÜ should have /delete route (1 ms)
    ΓêÜ should have /username-check route
    ΓêÜ should have /role-update route (5 ms)
    ΓêÜ should have avatar routes with userId param (3 ms)

PASS src/tests/routes/notifications.routes.test.js (8.729 s)
  Notifications Routes
    ΓêÜ should export an Express router (29 ms)
    ΓêÜ should have registered routes (16 ms)
    ΓêÜ should have GET / route (8 ms)
    ΓêÜ should have POST /test route (1 ms)
    ΓêÜ should have PATCH /read-all route (1 ms)
    ΓêÜ should have PATCH /:notificationId/read route (6 ms)
    ΓêÜ should have DELETE /:notificationId route (4 ms)

2026-07-16 11:19:23 [[32minfo[39m]: Configuration validated successfully
2026-07-16 11:19:23 [[32minfo[39m]: Configuration validated successfully
2026-07-16 11:19:23 [[32minfo[39m]: Configuration validated successfully
PASS src/tests/routes/calibrationScheduler.route.test.js (9.63 s)
  Calibration Scheduler Routes
    ΓêÜ should export an Express router (29 ms)
    ΓêÜ should have registered routes (8 ms)
    ΓêÜ should have multiple route handlers registered (12 ms)
    ΓêÜ should have GET route for /due (6 ms)
    ΓêÜ should have POST route for /run (1 ms)
    ΓêÜ should have middleware layers in stack (2 ms)
    ΓêÜ should have router.use() applied before routes
    ΓêÜ should have all routes using GET or POST methods (2 ms)
    ΓêÜ should have exactly 2 route endpoints (6 ms)

2026-07-16 11:19:23 [[32minfo[39m]: Configuration validated successfully
2026-07-16 11:19:23 [[32minfo[39m]: Configuration validated successfully
2026-07-16 11:19:23 [[32minfo[39m]: Configuration validated successfully
2026-07-16 11:19:23 [[32minfo[39m]: Configuration validated successfully
PASS src/tests/services/auth.service.test.js (9.64 s)
  auth.service
    registerUser
      ΓêÜ should register a new user (53 ms)
    loginUser
      ΓêÜ should login with username and return opaque refresh token (16 ms)
      ΓêÜ should reject inactive user (36 ms)
      ΓêÜ should reject wrong password (14 ms)
    logoutSession
      ΓêÜ should revoke the current session token (25 ms)
      ΓêÜ should not fail if no token present (6 ms)
    refreshUserToken
      ΓêÜ should refresh token successfully with rotation (19 ms)
      ΓêÜ should reject invalid refresh token (7 ms)
      ΓêÜ should reject session mismatch and revoke all sessions (10 ms)
      ΓêÜ should reject when user not found (6 ms)
      ΓêÜ should use session IP when ipAddress not provided (3 ms)
    logoutAllUserSessions
      ΓêÜ should revoke all sessions (8 ms)
    activateAccount
      ΓêÜ should activate an unverified user account (8 ms)
      ΓêÜ should return success for already activated account (7 ms)
      ΓêÜ should reject when user not found (10 ms)
    requestOTP
      ΓêÜ should return success when user exists and send OTP (10 ms)
      ΓêÜ should return generic success when user does not exist (3 ms)
    processResetPassword
      ΓêÜ should reset password with valid OTP (13 ms)
      ΓêÜ should reject when user not found (8 ms)
      ΓêÜ should reject invalid OTP (9 ms)
      ΓêÜ should reject expired OTP (14 ms)
    verifyUserSession
      ΓêÜ should return user data for valid session (11 ms)
      ΓêÜ should reject when user not found (8 ms)
      ΓêÜ should reject suspended user (7 ms)
    getAuthUserWithTenant
      ΓêÜ should return user with role and tenant (12 ms)
    justUpdatePassword
      ΓêÜ should update password and revoke sessions (7 ms)
      ΓêÜ should reject when user not found (1 ms)
      ΓêÜ should reject password below minimum length (14 ms)
      ΓêÜ should reject empty password (3 ms)
    passIsValid
      ΓêÜ should return valid=true when password matches (2 ms)
      ΓêÜ should return valid=false when password does not match (3 ms)
      ΓêÜ should reject when user not found (7 ms)
    loginMfa
      ΓêÜ should complete MFA login with valid code (512 ms)
      ΓêÜ should reject invalid MFA code (382 ms)
      ΓêÜ should reject when MFA not enabled (429 ms)
    setupMfa
      ΓêÜ should generate MFA setup data (502 ms)
      ΓêÜ should reject when user not found (315 ms)
    verifyMfaSetup
      ΓêÜ should enable MFA with valid code (426 ms)
      ΓêÜ should reject invalid MFA code (569 ms)
      ΓêÜ should reject when MFA setup not initiated (510 ms)
      ΓêÜ should reject when user not found (367 ms)
    impersonateUser
      ΓêÜ should create tokens for target user when caller is super admin (6 ms)
      ΓêÜ should reject when caller is not super admin (2 ms)
      ΓêÜ should reject when target user not found (4 ms)
      ΓêÜ should reject self-impersonation (1 ms)
      ΓêÜ should accept SUPERADMIN role name (5 ms)

PASS src/tests/routes/webhooks.route.test.js (6.658 s)
  Webhooks Routes
    ΓêÜ should export an Express router (11 ms)
    ΓêÜ should have registered routes (2 ms)
    ΓêÜ should have multiple route handlers registered (1 ms)
    ΓêÜ should have middleware or routes in stack (5 ms)
    ΓêÜ should have all routes using valid HTTP methods (7 ms)

2026-07-16 11:19:23 [[32minfo[39m]: Signature request sent
2026-07-16 11:19:23 [[32minfo[39m]: Signature workflow created
2026-07-16 11:19:23 [[32minfo[39m]: Configuration validated successfully
2026-07-16 11:19:24 [[32minfo[39m]: Configuration validated successfully
2026-07-16 11:19:24 [[32minfo[39m]: Configuration validated successfully
PASS src/tests/middlewares/tenantContext.test.js
  tenantContext middleware
    ΓêÜ should run AsyncLocalStorage with tenant context details (10 ms)
    ΓêÜ should detect super admin status in context (7 ms)
    ΓêÜ should setup local transaction and query session variables in postgres dialect (7 ms)

2026-07-16 11:19:24 [[32minfo[39m]: Configuration validated successfully
2026-07-16 11:19:24 [[32minfo[39m]: Configuration validated successfully
PASS src/tests/controllers/oidcProvider.controller.test.js
  oidcProvider Controller
    discover
      ΓêÜ should return OIDC discovery configuration (27 ms)
    jwks
      ΓêÜ should return JWKS payload (5 ms)
    registerClient
      ΓêÜ should register a new OIDC client (5 ms)
      ΓêÜ should use default scopes and grantTypes (2 ms)
      ΓêÜ should return 400 on validation failure (7 ms)
    getClients
      ΓêÜ should return all OIDC clients for the tenant (5 ms)
      ΓêÜ should return empty array when no clients exist (2 ms)
    rotateSecret
      ΓêÜ should rotate client secret (6 ms)
    deleteClient
      ΓêÜ should delete an OIDC client (5 ms)
      ΓêÜ should return deleted false when client not found (1 ms)

2026-07-16 11:19:24 [[33mwarn[39m]: Failed to notify on workflow completion
2026-07-16 11:19:24 [[32minfo[39m]: Document signed
2026-07-16 11:19:24 [[32minfo[39m]: Configuration validated successfully
PASS src/tests/routes/oidc.route.test.js
  Oidc Routes
    ΓêÜ should export an Express router (6 ms)
    ΓêÜ should have registered routes (5 ms)
    ΓêÜ should have multiple route handlers registered (6 ms)
    ΓêÜ should have middleware or routes in stack (6 ms)
    ΓêÜ should have all routes using valid HTTP methods (5 ms)

PASS src/tests/routes/vendor.route.test.js
  Vendor Routes
    ΓêÜ should export an Express router (7 ms)
    ΓêÜ should have registered routes (6 ms)
    ΓêÜ should have multiple route handlers registered (1 ms)
    ΓêÜ should have middleware or routes in stack
    ΓêÜ should have all routes using valid HTTP methods (1 ms)

PASS src/tests/routes/calibrationRecords.route.test.js
  Calibration Records Routes
    ΓêÜ should export an Express router (3 ms)
    ΓêÜ should have registered routes (1 ms)
    ΓêÜ should have multiple route handlers registered (2 ms)
    ΓêÜ should have GET route for / (8 ms)
    ΓêÜ should have POST route for / (1 ms)
    ΓêÜ should have GET route for /:calibrationRecordId
    ΓêÜ should have PUT route for /:calibrationRecordId
    ΓêÜ should have DELETE route for /:calibrationRecordId (7 ms)
    ΓêÜ should have middleware layers in stack (1 ms)
    ΓêÜ should have router.use() applied before routes (1 ms)
    ΓêÜ should have all routes using GET, POST, PUT, or DELETE methods (1 ms)
    ΓêÜ should have exactly 5 route endpoints (1 ms)

PASS src/tests/routes/risk.route.test.js
  Risk Routes
    ΓêÜ should export an Express router (18 ms)
    ΓêÜ should have registered routes (10 ms)
    ΓêÜ should have multiple route handlers registered (1 ms)
    ΓêÜ should have middleware or routes in stack (1 ms)
    ΓêÜ should have all routes using valid HTTP methods (7 ms)

2026-07-16 11:19:25 [[32minfo[39m]: Configuration validated successfully
2026-07-16 11:19:25 [[32minfo[39m]: Configuration validated successfully
PASS src/tests/routes/content.routes.test.js
  Content Routes
    ΓêÜ should export an Express router (6 ms)
    ΓêÜ should have registered routes (1 ms)
    ΓêÜ should have GET /posts/public route
    ΓêÜ should have GET /posts/public/:slug route
    ΓêÜ should have GET /categories/public route (1 ms)
    ΓêÜ should have POST /categories route
    ΓêÜ should have PATCH /categories/:id route (11 ms)
    ΓêÜ should have DELETE /categories/:id route (1 ms)

2026-07-16 11:19:25 [[32minfo[39m]: Configuration validated successfully
PASS src/tests/routes/networkSecurity.route.test.js
  NetworkSecurity Routes
    ΓêÜ should export an Express router (4 ms)
    ΓêÜ should have registered routes (5 ms)
    ΓêÜ should have multiple route handlers registered (5 ms)
    ΓêÜ should have middleware or routes in stack (3 ms)
    ΓêÜ should have all routes using valid HTTP methods (1 ms)

2026-07-16 11:19:25 [[32minfo[39m]: Configuration validated successfully
PASS src/tests/routes/menuGroups.route.test.js
  Menu Groups Routes
    ΓêÜ should export an Express router (5 ms)
    ΓêÜ should have registered routes (7 ms)
    ΓêÜ should have multiple route handlers registered (1 ms)
    ΓêÜ should have POST route for /filter (1 ms)
    ΓêÜ should have POST route for /get-assignments (1 ms)
    ΓêÜ should have GET route for /menu-groups (1 ms)
    ΓêÜ should have GET route for /menu-groups/admin (1 ms)
    ΓêÜ should have GET route for /roles
    ΓêÜ should have POST route for /create
    ΓêÜ should have POST route for /update (1 ms)
    ΓêÜ should have POST route for /delete (1 ms)
    ΓêÜ should have POST route for /assign
    ΓêÜ should have POST route for /revoke
    ΓêÜ should have POST route for /assign-item (1 ms)
    ΓêÜ should have POST route for /revoke-item
    ΓêÜ should have POST route for /bulk-assign (1 ms)
    ΓêÜ should have POST route for /bulk-revoke (6 ms)
    ΓêÜ should have middleware or routes in stack (12 ms)
    ΓêÜ should have middleware or routes in stack (3 ms)
    ΓêÜ should have all routes using GET or POST methods (2 ms)
    ΓêÜ should have exactly 14 route endpoints (8 ms)

PASS src/tests/routes/auth.routes.test.js
  Auth Routes
    ΓêÜ should export an Express router (6 ms)
    ΓêÜ should have registered routes (4 ms)
    ΓêÜ should have multiple route handlers registered (1 ms)
    ΓêÜ should have POST method routes (1 ms)
    ΓêÜ should have GET method routes (5 ms)
    ΓêÜ should have public routes at /register, /login, /activation (1 ms)
    ΓêÜ should have auth-protected routes at /logout, /verify, /refresh (1 ms)
    ΓêÜ should have SSO routes
    ΓêÜ should have MFA routes (1 ms)
    ΓêÜ should have impersonation routes (4 ms)
    ΓêÜ should have socket-token route (1 ms)
    ΓêÜ should have send-otp route
    ΓêÜ should have reset-password route (4 ms)

2026-07-16 11:19:26 [[32minfo[39m]: Configuration validated successfully
2026-07-16 11:19:26 [[32minfo[39m]: Configuration validated successfully
2026-07-16 11:19:26 [[32minfo[39m]: Configuration validated successfully
PASS src/tests/routes/quota.route.test.js
  Quota Routes
    ΓêÜ should export an Express router (5 ms)
    ΓêÜ should have registered routes (5 ms)
    ΓêÜ should have multiple route handlers registered (4 ms)
    ΓêÜ should have middleware or routes in stack (1 ms)
    ΓêÜ should have all routes using valid HTTP methods (3 ms)

2026-07-16 11:19:26 [[32minfo[39m]: Configuration validated successfully
2026-07-16 11:19:26 [[32minfo[39m]: Configuration validated successfully
2026-07-16 11:19:26 [[32minfo[39m]: Configuration validated successfully
2026-07-16 11:19:26 [[32minfo[39m]: Configuration validated successfully
PASS src/tests/routes/tenantBackup.routes.test.js
  Tenant Backup Routes
    ΓêÜ should export an Express router (2 ms)
    ΓêÜ should have registered routes (1 ms)
    ΓêÜ should have POST /:tenantId/backups route (4 ms)
    ΓêÜ should have GET /:tenantId/backups route (1 ms)
    ΓêÜ should have DELETE /:tenantId/backups/:backupId route (4 ms)

PASS src/tests/routes/sop.route.test.js
  Sop Routes
    ΓêÜ should export an Express router (9 ms)
    ΓêÜ should have registered routes (2 ms)
    ΓêÜ should have multiple route handlers registered (8 ms)
    ΓêÜ should have middleware or routes in stack (6 ms)
    ΓêÜ should have all routes using valid HTTP methods (1 ms)

2026-07-16 11:19:27 [[32minfo[39m]: Configuration validated successfully
PASS src/tests/routes/tenantLifecycle.routes.test.js
  Tenant Lifecycle Routes
    ΓêÜ should export an Express router (7 ms)
    ΓêÜ should have registered routes (5 ms)
    ΓêÜ should have GET /:tenantId/status route (2 ms)
    ΓêÜ should have POST /:tenantId/suspend route (5 ms)
    ΓêÜ should have POST /:tenantId/resume route (11 ms)
    ΓêÜ should have POST /:tenantId/grace-period route (1 ms)
    ΓêÜ should have POST /:tenantId/offboard route (24 ms)
    ΓêÜ should have POST /:tenantId/offboard/cancel route (1 ms)
    ΓêÜ should have GET /:tenantId/export route (3 ms)

2026-07-16 11:19:27 [[32minfo[39m]: Configuration validated successfully
2026-07-16 11:19:27 [[32minfo[39m]: Configuration validated successfully
2026-07-16 11:19:27 [[32minfo[39m]: Configuration validated successfully
PASS src/tests/routes/predictiveMaintenance.route.test.js
  PredictiveMaintenance Routes
    ΓêÜ should export an Express router (10 ms)
    ΓêÜ should have registered routes (1 ms)
    ΓêÜ should have multiple route handlers registered
    ΓêÜ should have middleware or routes in stack (1 ms)
    ΓêÜ should have all routes using valid HTTP methods (1 ms)

2026-07-16 11:19:27 [[32minfo[39m]: Configuration validated successfully
PASS src/tests/routes/supplierScorecard.route.test.js
  SupplierScorecard Routes
    ΓêÜ should export an Express router (6 ms)
    ΓêÜ should have registered routes (1 ms)
    ΓêÜ should have multiple route handlers registered (1 ms)
    ΓêÜ should have middleware or routes in stack (1 ms)
    ΓêÜ should have all routes using valid HTTP methods (4 ms)

PASS src/tests/routes/qms.route.test.js
  Qms Routes
    ΓêÜ should export an Express router (8 ms)
    ΓêÜ should have registered routes (4 ms)
    ΓêÜ should have multiple route handlers registered (1 ms)
    ΓêÜ should have middleware or routes in stack
    ΓêÜ should have all routes using valid HTTP methods (2 ms)

PASS src/tests/routes/certificates.route.test.js
  Certificates Routes
    ΓêÜ should export an Express router (5 ms)
    ΓêÜ should have registered routes (4 ms)
    ΓêÜ should have multiple route handlers registered (7 ms)
    ΓêÜ should have GET route for /verify/:certificateNumber (1 ms)
    ΓêÜ should have GET route for / (1 ms)
    ΓêÜ should have POST route for / (5 ms)
    ΓêÜ should have GET route for /stats (4 ms)
    ΓêÜ should have GET route for /:certificateId (5 ms)
    ΓêÜ should have PUT route for /:certificateId (1 ms)
    ΓêÜ should have DELETE route for /:certificateId (4 ms)
    ΓêÜ should have POST route for /:certificateId/approve (1 ms)
    ΓêÜ should have POST route for /:certificateId/sign (4 ms)
    ΓêÜ should have POST route for /:certificateId/revoke (1 ms)
    ΓêÜ should have GET route for /:certificateId/pdf (4 ms)
    ΓêÜ should have POST route for /:certificateId/pdf (11 ms)
    ΓêÜ should have middleware or routes in stack (11 ms)
    ΓêÜ should have all routes using GET, POST, PUT, or DELETE methods (81 ms)
    ΓêÜ should have exactly 12 route endpoints (1 ms)

2026-07-16 11:19:28 [[32minfo[39m]: Configuration validated successfully
2026-07-16 11:19:28 [[32minfo[39m]: Configuration validated successfully
PASS src/tests/routes/scim.routes.test.js
  SCIM Routes
    ΓêÜ should export an Express router (13 ms)
    ΓêÜ should have registered routes (6 ms)
    ΓêÜ should have GET /Users route
    ΓêÜ should have GET /Users/:id route
    ΓêÜ should have POST /Users route (5 ms)
    ΓêÜ should have PUT /Users/:id route
    ΓêÜ should have PATCH /Users/:id route (5 ms)
    ΓêÜ should have DELETE /Users/:id route (1 ms)
    ΓêÜ should have GET /Groups route
    ΓêÜ should have DELETE /Groups/:id route (1 ms)

2026-07-16 11:19:28 [[32minfo[39m]: Configuration validated successfully
2026-07-16 11:19:28 [[32minfo[39m]: Configuration validated successfully
PASS src/tests/routes/dataRetention.routes.test.js
  Data Retention Routes
    ΓêÜ should export an Express router (16 ms)
    ΓêÜ should have registered routes (1 ms)
    ΓêÜ should have GET /:tenantId/policy route (5 ms)
    ΓêÜ should have PUT /:tenantId/policy route (4 ms)
    ΓêÜ should have GET /:tenantId/legal-hold route (1 ms)
    ΓêÜ should have POST /:tenantId/legal-hold route (5 ms)
    ΓêÜ should have DELETE /:tenantId/legal-hold route
    ΓêÜ should have POST /:tenantId/purge route
    ΓêÜ should have POST /:tenantId/mask-pii route (1 ms)
    ΓêÜ should have POST /:tenantId/anonymize route (7 ms)

PASS src/tests/routes/ai.route.test.js
  AI Routes
    ΓêÜ should export an Express router (7 ms)
    ΓêÜ should have registered routes (2 ms)
    ΓêÜ should have multiple route handlers registered (6 ms)
    ΓêÜ should have POST route for /ocr (1 ms)
    ΓêÜ should have POST route for /query (5 ms)
    ΓêÜ should have middleware layers in stack (3 ms)
    ΓêÜ should have router.use() applied before routes (6 ms)
    ΓêÜ should have only AI-specific routes (2 ms)
    ΓêÜ should have all routes using POST method (1 ms)
    ΓêÜ should have exactly 2 route endpoints

PASS src/tests/routes/attachments.route.test.js
  Attachments Routes
    ΓêÜ should export an Express router (4 ms)
    ΓêÜ should have registered routes (4 ms)
    ΓêÜ should have multiple route handlers registered (1 ms)
    ΓêÜ should have GET route for /:id/signed (4 ms)
    ΓêÜ should have POST route for / (1 ms)
    ΓêÜ should have GET route for / (5 ms)
    ΓêÜ should have GET route for /:id
    ΓêÜ should have GET route for /:id/download (3 ms)
    ΓêÜ should have POST route for /:id/signed-url
    ΓêÜ should have DELETE route for /:id (1 ms)
    ΓêÜ should have middleware or routes in stack (9 ms)
    ΓêÜ should have middleware or routes in stack (3 ms)
    ΓêÜ should have all routes using GET, POST, or DELETE methods (6 ms)
    ΓêÜ should have exactly 7 route endpoints (1 ms)

2026-07-16 11:19:28 [[32minfo[39m]: Configuration validated successfully
2026-07-16 11:19:28 [[32minfo[39m]: Swagger generated at C:\Users\Zed\Documents\Project\Callibrator\backend\swagger.json
2026-07-16 11:19:29 [[32minfo[39m]: Configuration validated successfully
PASS src/tests/routes/roles.route.test.js
  Roles Routes
    ΓêÜ should export an Express router (7 ms)
    ΓêÜ should have registered routes (4 ms)
    ΓêÜ should have multiple route handlers registered (1 ms)
    ΓêÜ should have middleware or routes in stack (5 ms)
    ΓêÜ should have all routes using valid HTTP methods (15 ms)

2026-07-16 11:19:29 [[32minfo[39m]: Swagger generated at C:\Users\Zed\Documents\Project\Callibrator\backend\swagger.json
PASS src/tests/utils/generateSwagger.test.js
  mergeComponents
    ΓêÜ should deep merge securitySchemes (10 ms)
    ΓêÜ should deep merge schemas (2 ms)
    ΓêÜ should merge parameters (7 ms)
    ΓêÜ should merge requestBodies (1 ms)
    ΓêÜ should merge responses (8 ms)
    ΓêÜ should merge examples
    ΓêÜ should handle empty target object (9 ms)
    ΓêÜ should handle empty source object (8 ms)
    ΓêÜ should handle unknown keys by copying them directly (1 ms)
    ΓêÜ should override target value with source for non-special keys (1 ms)
    ΓêÜ should deep merge when source has partial securitySchemes (5 ms)
    ΓêÜ should handle missing components in swaggerSpec during module execution (159 ms)

2026-07-16 11:19:29 [[32minfo[39m]: Configuration validated successfully
2026-07-16 11:19:29 [[32minfo[39m]: Configuration validated successfully
2026-07-16 11:19:29 [[32minfo[39m]: Configuration validated successfully
2026-07-16 11:19:30 [[32minfo[39m]: Configuration validated successfully
PASS src/tests/routes/featureFlags.route.test.js
  Feature Flags Routes
    ΓêÜ should export an Express router (8 ms)
    ΓêÜ should have registered routes (1 ms)
    ΓêÜ should have multiple route handlers registered (1 ms)
    ΓêÜ should have GET route for / (7 ms)
    ΓêÜ should have GET route for /definitions (1 ms)
    ΓêÜ should have GET route for /:tenantId/:flagKey (1 ms)
    ΓêÜ should have POST route for /:tenantId/:flagKey (1 ms)
    ΓêÜ should have DELETE route for /:tenantId/:flagKey (5 ms)
    ΓêÜ should have POST route for /:tenantId/initialize (1 ms)
    ΓêÜ should have middleware layers in stack (1 ms)
    ΓêÜ should have router.use() applied before routes (7 ms)
    ΓêÜ should have all routes using GET, POST, or DELETE methods (8 ms)
    ΓêÜ should have exactly 6 route endpoints (8 ms)

PASS src/tests/routes/webauthn.route.test.js
  Webauthn Routes
    ΓêÜ should export an Express router (11 ms)
    ΓêÜ should have registered routes (5 ms)
    ΓêÜ should have multiple route handlers registered (1 ms)
    ΓêÜ should have middleware or routes in stack (2 ms)
    ΓêÜ should have all routes using valid HTTP methods (6 ms)

PASS src/tests/routes/stock.route.test.js
  Stock Routes
    ΓêÜ should export an Express router (13 ms)
    ΓêÜ should have registered routes (5 ms)
    ΓêÜ should have multiple route handlers registered (1 ms)
    ΓêÜ should have middleware or routes in stack (11 ms)
    ΓêÜ should have all routes using valid HTTP methods (14 ms)

2026-07-16 11:19:30 [[32minfo[39m]: Configuration validated successfully
2026-07-16 11:19:30 [[32minfo[39m]: Configuration validated successfully
2026-07-16 11:19:30 [[32minfo[39m]: Configuration validated successfully
2026-07-16 11:19:30 [[32minfo[39m]: Configuration validated successfully
2026-07-16 11:19:30 [[32minfo[39m]: Workflow cancelled
PASS src/tests/routes/workflows.route.test.js
  Workflows Routes
    ΓêÜ should export an Express router (2 ms)
    ΓêÜ should have registered routes (1 ms)
    ΓêÜ should have multiple route handlers registered (4 ms)
    ΓêÜ should have middleware or routes in stack (1 ms)
    ΓêÜ should have all routes using valid HTTP methods (5 ms)

PASS src/tests/routes/maintenance.routes.test.js
  Maintenance Routes
    ΓêÜ should export an Express router (8 ms)
    ΓêÜ should have registered routes (1 ms)
    ΓêÜ should have GET / route (5 ms)
    ΓêÜ should have GET /:orderId route (1 ms)
    ΓêÜ should have POST / route (1 ms)
    ΓêÜ should have PATCH /:orderId route (4 ms)
    ΓêÜ should have DELETE /:orderId route (1 ms)

2026-07-16 11:19:30 [[32minfo[39m]: Configuration validated successfully
2026-07-16 11:19:30 [[32minfo[39m]: Configuration validated successfully
PASS src/tests/routes/batchJobs.route.test.js
  Batch Jobs Routes
    ΓêÜ should export an Express router (10 ms)
    ΓêÜ should have registered routes (9 ms)
    ΓêÜ should have multiple route handlers registered (1 ms)
    ΓêÜ should have GET route for / (7 ms)
    ΓêÜ should have GET route for /:id (6 ms)
    ΓêÜ should have POST route for /test (1 ms)
    ΓêÜ should have middleware layers in stack (1 ms)
    ΓêÜ should have router.use() applied before routes (6 ms)
    ΓêÜ should have all routes using GET or POST methods (5 ms)
    ΓêÜ should have exactly 3 route endpoints

2026-07-16 11:19:31 [[32minfo[39m]: Configuration validated successfully
PASS src/tests/routes/calibrationDevices.routes.test.js
  Calibration Devices Routes
    ΓêÜ should export an Express router (5 ms)
    ΓêÜ should have registered routes (5 ms)
    ΓêÜ should have GET / route (5 ms)
    ΓêÜ should have POST / route (2 ms)
    ΓêÜ should have DELETE /:calibrationDeviceId route (4 ms)
    ΓêÜ should have POST /bulk-import route (1 ms)

2026-07-16 11:19:31 [[32minfo[39m]: Configuration validated successfully
2026-07-16 11:19:31 [[32minfo[39m]: Configuration validated successfully
PASS src/tests/routes/scim.route.test.js
  SCIM Routes (full coverage)
    ΓêÜ should export an Express router (6 ms)
    ΓêÜ should have registered routes (5 ms)
    ΓêÜ should have middleware layers (router.use) (1 ms)
    ΓêÜ should have route handlers registered (1 ms)
    ΓêÜ should have GET /Users route (1 ms)
    ΓêÜ should have GET /Users/:id route (1 ms)
    ΓêÜ should have POST /Users route (1 ms)
    ΓêÜ should have PUT /Users/:id route (4 ms)
    ΓêÜ should have PATCH /Users/:id route
    ΓêÜ should have DELETE /Users/:id route (1 ms)
    ΓêÜ should have GET /Groups route (3 ms)
    ΓêÜ should have GET /Groups/:id route (1 ms)
    ΓêÜ should have POST /Groups route (1 ms)
    ΓêÜ should have PUT /Groups/:id route (3 ms)
    ΓêÜ should have PATCH /Groups/:id route (2 ms)
    ΓêÜ should have DELETE /Groups/:id route (1 ms)
    ΓêÜ should have all routes using valid HTTP methods (7 ms)

PASS src/tests/routes/admin.route.test.js
  Admin Routes
    ΓêÜ should export an Express router (10 ms)
    ΓêÜ should have registered routes (5 ms)
    ΓêÜ should have multiple route handlers registered (1 ms)
    ΓêÜ should have GET route for /tenants (1 ms)
    ΓêÜ should have PATCH route for /tenants/:id/status (6 ms)
    ΓêÜ should have PATCH route for /tenants/:id/flags (1 ms)
    ΓêÜ should have middleware layers in stack (2 ms)
    ΓêÜ should have router.use() applied before routes (1 ms)
    ΓêÜ should have only admin-specific routes (5 ms)
    ΓêÜ should have all routes using GET or PATCH methods (4 ms)
    ΓêÜ should have exactly 3 route endpoints (2 ms)

PASS src/tests/routes/reports.route.test.js
  Reports Routes
    ΓêÜ should export an Express router (4 ms)
    ΓêÜ should have registered routes (2 ms)
    ΓêÜ should have multiple route handlers registered (2 ms)
    ΓêÜ should have middleware or routes in stack (5 ms)
    ΓêÜ should have all routes using valid HTTP methods (1 ms)

PASS src/tests/routes/migration.route.test.js
  Migration Routes
    ΓêÜ should export an Express router (12 ms)
    ΓêÜ should have registered routes (7 ms)
    ΓêÜ should have multiple route handlers registered (6 ms)
    ΓêÜ should have GET /up route (5 ms)
    ΓêÜ should have GET /down route (1 ms)
    ΓêÜ should have GET /seeding route (8 ms)
    ΓêÜ should have GET /unseeding route (1 ms)
    ΓêÜ should have middleware or routes in stack (5 ms)
    ΓêÜ should have all routes using GET method only (2 ms)
    ΓêÜ should have exactly 4 route endpoints (1 ms)

PASS src/tests/controllers/auth.controller.test.js
  authController
    register
      ΓêÜ should register a new user successfully (17 ms)
      ΓêÜ should return 400 when registration fails (12 ms)
    activation
      ΓêÜ should activate user account successfully (6 ms)
      ΓêÜ should return 400 when activation token is missing (9 ms)
      ΓêÜ should return 400 when activation token is invalid (2 ms)
    login
      ΓêÜ should login successfully with valid credentials (7 ms)
      ΓêÜ should return 401 with invalid credentials (7 ms)
    logout
      ΓêÜ should logout successfully (7 ms)
    logoutAll
      ΓêÜ should logout all sessions successfully (8 ms)
    sendOTP
      ΓêÜ should send OTP successfully (3 ms)
    resetPassword
      ΓêÜ should reset password successfully (12 ms)
    verify
      ΓêÜ should verify token successfully (4 ms)
    justUpdatePassword
      ΓêÜ should update password successfully (6 ms)
    passIsValid
      ΓêÜ should validate password successfully (2 ms)
    refresh
      ΓêÜ should refresh token successfully (9 ms)
      ΓêÜ should refresh token successfully without sessionId (8 ms)
      ΓêÜ should return 400 when refresh token is missing (8 ms)
    socketToken
      ΓêÜ should return socket JWT token successfully (154 ms)
      ΓêÜ should return socket JWT token without sessionId (11 ms)
    setupMfa
      ΓêÜ should generate MFA secret and QR code successfully (8 ms)
    verifyMfaSetup
      ΓêÜ should verify MFA setup successfully (7 ms)
      ΓêÜ should return 400 when token is missing (8 ms)
    loginMfa
      ΓêÜ should return 501 because MFA login flow is not fully implemented (7 ms)
      ΓêÜ should return 400 when both code and token are missing (6 ms)
    impersonateUser
      ΓêÜ should impersonate user successfully (6 ms)
      ΓêÜ should return 400 when tenantId is missing (5 ms)
      ΓêÜ should return 400 when userId is missing (25 ms)
      ΓêÜ should return 400 when both tenantId and userId are missing (6 ms)

2026-07-16 11:19:32 [[32minfo[39m]: Configuration validated successfully
2026-07-16 11:19:32 [[32minfo[39m]: Configuration validated successfully
PASS src/tests/routes/session.route.test.js
  Session Routes
    ΓêÜ should export an Express router (21 ms)
    ΓêÜ should have registered routes (5 ms)
    ΓêÜ should have multiple route handlers registered (4 ms)
    ΓêÜ should have middleware or routes in stack (9 ms)
    ΓêÜ should have all routes using valid HTTP methods (11 ms)

2026-07-16 11:19:32 [[32minfo[39m]: Configuration validated successfully
2026-07-16 11:19:32 [[32minfo[39m]: Signature revoked
2026-07-16 11:19:33 [[32minfo[39m]: Configuration validated successfully
2026-07-16 11:19:33 [[32minfo[39m]: Configuration validated successfully
PASS src/tests/controllers/networkSecurity.controller.test.js
  networkSecurity Controller
    getIpAllowlist
      ΓêÜ should return the IP allowlist for the tenant (9 ms)
    setIpAllowlist
      ΓêÜ should update the IP allowlist (5 ms)
      ΓêÜ should return 400 on validation failure (5 ms)
    getGeofence
      ΓêÜ should return the geofence for the tenant (5 ms)
      ΓêÜ should return null geofence when not set (1 ms)
    setGeofence
      ΓêÜ should update the geofence (2 ms)
      ΓêÜ should use default radius when not provided (4 ms)
      ΓêÜ should return 400 on validation failure (1 ms)
    evaluateLogin
      ΓêÜ should evaluate login security (5 ms)
      ΓêÜ should return requiresStepUp when not allowed (4 ms)
      ΓêÜ should return 400 on validation failure (1 ms)

2026-07-16 11:19:33 [[32minfo[39m]: Configuration validated successfully
2026-07-16 11:19:33 [[32minfo[39m]: Configuration validated successfully
2026-07-16 11:19:33 [[32minfo[39m]: Configuration validated successfully
PASS src/tests/services/scim.service.test.js
  scim.service
    getUsers
      ΓêÜ returns paginated list with default pagination and filter=null (10 ms)
      ΓêÜ filters by active=true (16 ms)
      ΓêÜ filters by active=false (2 ms)
      ΓêÜ filters by email (6 ms)
    getUserById
      ΓêÜ returns user details (5 ms)
      ΓêÜ throws 404 when user not found (20 ms)
    createUser
      ΓêÜ creates a new user successfully (2191 ms)
      ΓêÜ throws 400 when email or userName is missing (8 ms)
      ΓêÜ throws 409 when user already exists (7 ms)
    updateUser
      ΓêÜ updates user details (22 ms)
      ΓêÜ throws 404 when user to update not found (48 ms)
    patchUser
      ΓêÜ applies patch operations for replace, add, and remove (7 ms)
      ΓêÜ handles partial name replacements and empty operations (8 ms)
      ΓêÜ throws 404 when user to patch not found (3 ms)
    deleteUser
      ΓêÜ deletes user successfully (11 ms)
      ΓêÜ throws 404 when user to delete not found (1 ms)
    Groups
      getGroups
        ΓêÜ returns groups with displayName filter (5 ms)
      getGroupById
        ΓêÜ returns group details with members (7 ms)
        ΓêÜ throws 404 when group not found (1 ms)
      createGroup
        ΓêÜ creates group and associates members (as strings or objects) (3 ms)
        ΓêÜ throws 400 when displayName is missing (16 ms)
        ΓêÜ throws 409 when group already exists (13 ms)
      updateGroup
        ΓêÜ updates group name and updates members (18 ms)
        ΓêÜ throws 404 when group not found (11 ms)
      patchGroup
        ΓêÜ applies patch ops (replace, add, remove) on group (6 ms)
        ΓêÜ throws 404 when group not found (16 ms)
      deleteGroup
        ΓêÜ deletes group successfully (1 ms)
        ΓêÜ throws 404 when group to delete not found (4 ms)

2026-07-16 11:19:33 [[32minfo[39m]: Configuration validated successfully
PASS src/tests/routes/gdpr.routes.test.js
  GDPR Routes
    ΓêÜ should export an Express router (13 ms)
    ΓêÜ should have registered routes (1 ms)
    ΓêÜ should have POST /export route (1 ms)
    ΓêÜ should have POST /erasure route (7 ms)
    ΓêÜ should have GET /erasure/:requestId route
    ΓêÜ should have PUT /consent route (3 ms)
    ΓêÜ should have GET /consent/history route (3 ms)
    ΓêÜ should have GET /processing route (1 ms)
    ΓêÜ should have PUT /rectify route (2 ms)
    ΓêÜ should have POST /restrict route (4 ms)

(node:23364) MaxListenersExceededWarning: Possible EventEmitter memory leak detected. 11 uncaughtException listeners 
added to [process]. MaxListeners is 10. Use emitter.setMaxListeners() to increase limit
(Use `node --trace-warnings ...` to show where the warning was created)
(node:23364) MaxListenersExceededWarning: Possible EventEmitter memory leak detected. 11 unhandledRejection listeners 
added to [process]. MaxListeners is 10. Use emitter.setMaxListeners() to increase limit
PASS src/tests/services/esignature.service.test.js (19.965 s)
  eSignature.service
    generateKeyPair
      ΓêÜ should throw error when e-signature is disabled (1328 ms)
      ΓêÜ should generate key pair and return result (825 ms)
      ΓêÜ should throw error on generation failure (892 ms)
    createSignatureWorkflow
      ΓêÜ should throw error when e-signature is disabled (819 ms)
      ΓêÜ should throw error when documentId or signers missing (900 ms)
      ΓêÜ should create workflow with signers (757 ms)
    signDocument
      ΓêÜ should sign document and return signature (870 ms)
    verifySignature
      ΓêÜ should return valid false when signature not found (926 ms)
      ΓêÜ should return valid false when signature is revoked (806 ms)
    getWorkflow
      ΓêÜ should return workflow with steps (654 ms)
      ΓêÜ should return null when workflow not found (847 ms)
    cancelWorkflow
      ΓêÜ should throw error when workflow not found (920 ms)
      ΓêÜ should throw error when workflow is completed (1020 ms)
      ΓêÜ should cancel pending workflow (1018 ms)
    revokeSignature
      ΓêÜ should throw error when signature not found (774 ms)
      ΓêÜ should revoke signature with reason (1141 ms)
    getStatus
      ΓêÜ should return service status (2 ms)
      ΓêÜ should reflect disabled state (1141 ms)
    constants
      ΓêÜ should have SIGNATURE_STATUS (13 ms)
      ΓêÜ should have WORKFLOW_STATUS (14 ms)

PASS src/tests/services/sms.service.test.js
  sms.service
    sendOtp
      ΓêÜ should return not sent when SMS is disabled (62 ms)
      ΓêÜ should return not sent when OTP is disabled (107 ms)
      ΓêÜ should throw error when phone is missing (145 ms)
      ΓêÜ should throw rate limit error when limit exceeded (82 ms)
      ΓêÜ should send OTP successfully (39 ms)
    verifyOtp
      ΓêÜ should return invalid when phone or code missing (74 ms)
      ΓêÜ should return invalid when OTP not found (22 ms)
      ΓêÜ should return invalid for wrong code (36 ms)
      ΓêÜ should return valid for correct code (36 ms)
    sendNotification
      ΓêÜ should return not sent when SMS is disabled (25 ms)
      ΓêÜ should return not sent when no template available (36 ms)
      ΓêÜ should send notification successfully (26 ms)
    getStatus
      ΓêÜ should return service status (37 ms)
    clearCache
      ΓêÜ should clear OTP and rate limiter caches (45 ms)
    isConfigured
      ΓêÜ should return false when SMS disabled (31 ms)
      ΓêÜ should return true when Twilio configured (27 ms)
      ΓêÜ should return true when AWS SNS configured (38 ms)
      ΓêÜ should return true when HTTP provider configured (39 ms)
      ΓêÜ should return false when provider not configured (50 ms)

2026-07-16 11:19:34 [[32minfo[39m]: Configuration validated successfully
PASS src/tests/routes/search.route.test.js
  Search Routes
    ΓêÜ should export an Express router (28 ms)
    ΓêÜ should have registered routes (15 ms)
    ΓêÜ should have multiple route handlers registered (5 ms)
    ΓêÜ should have middleware or routes in stack (3 ms)
    ΓêÜ should have all routes using valid HTTP methods (14 ms)

PASS src/tests/services/iot.service.test.js
  iot.service
    connect
      ΓêÜ should log info and return early when MQTT_HOST not set (31 ms)
      ΓêÜ should log info and return early when MQTT_PORT not set (5 ms)
      ΓêÜ should connect when both HOST and PORT are configured (2 ms)
      ΓêÜ should use host/port env vars when not passed as args (13 ms)
      ΓêÜ should use passed host/port over env vars when both present (16 ms)
      ΓêÜ should emit connect event handler that subscribes to device/# (4 ms)
      ΓêÜ should handle subscribe error (132 ms)
      ΓêÜ should handle error event (56 ms)
      ΓêÜ should handle close event (3 ms)
      ΓêÜ should handle reconnect event (29 ms)
    publish
      ΓêÜ should return false when not connected (20 ms)
      ΓêÜ should publish message and resolve true (16 ms)
      ΓêÜ should reject on publish error (60 ms)
    ingestReading
      ΓêÜ should create reading when device found with no anomaly (14 ms)
      ΓêÜ should detect anomaly when value below min (10 ms)
      ΓêÜ should detect anomaly when value above max (13 ms)
      ΓêÜ should detect multiple anomalies (100 ms)
      ΓêÜ should throw when device not found (4 ms)
      ΓêÜ should create reading even with no tolerance config (29 ms)
    disconnect
      ΓêÜ should end the mqtt client and nullify state (3 ms)
      ΓêÜ should be safe when client is null (5 ms)

PASS src/tests/routes/apiKeys.route.test.js
  API Keys Routes
    ΓêÜ should export an Express router (12 ms)
    ΓêÜ should have registered routes (2 ms)
    ΓêÜ should have multiple route handlers registered (1 ms)
    ΓêÜ should have POST route for / (1 ms)
    ΓêÜ should have GET route for / (2 ms)
    ΓêÜ should have GET route for /:id (2 ms)
    ΓêÜ should have DELETE route for /:id (1 ms)
    ΓêÜ should have middleware or routes in stack (7 ms)
    ΓêÜ should have all routes using POST, GET, or DELETE methods (2 ms)
    ΓêÜ should have exactly 4 route endpoints (1 ms)

2026-07-16 11:19:34 [[32minfo[39m]: Configuration validated successfully
PASS src/tests/services/mfa.service.test.js
  mfa.service
    generateSecret
      ΓêÜ should generate TOTP secret and QR code URL (63 ms)
      ΓêÜ should use correct issuer name in OTP URI (6 ms)
    verifyAndEnable
      ΓêÜ should throw error when no enrollment in progress (23 ms)
      ΓêÜ should throw error when token is invalid (19 ms)
      ΓêÜ should enable MFA when token is valid (10 ms)
    verifyLogin
      ΓêÜ should throw error when MFA is not enabled (19 ms)
      ΓêÜ should throw error when MFA secret is null (6 ms)
      ΓêÜ should return true when token is valid (5 ms)
      ΓêÜ should return false when token is invalid (8 ms)
    disable
      ΓêÜ should disable MFA and clear secrets (3 ms)
      ΓêÜ should handle already disabled MFA (6 ms)

PASS src/tests/utils/dbReady.test.js
  waitForDbReady
    successful connection
      ΓêÜ should use all defaults when called without options (10 ms)
      ΓêÜ should resolve on first attempt when DB is immediately ready (4 ms)
      ΓêÜ should use default maxAttempts and delayMs (11 ms)
      ΓêÜ should use defaults when called with empty options object (2 ms)
      ΓêÜ should include attempt count in message (2 ms)
    failed connection with retry
      ΓêÜ should retry when authenticate fails then succeed on second attempt (146 ms)
      ΓêÜ should retry up to maxAttempts before rejecting (81 ms)
      ΓêÜ should fail immediately when maxAttempts is 0 (14 ms)
      ΓêÜ should log warn on each failed attempt (35 ms)
      ΓêÜ should log error when all attempts exhausted (14 ms)
    query fails but authenticate succeeds
      ΓêÜ should retry when authenticate succeeds but query fails (7 ms)
    custom configuration
      ΓêÜ should use custom maxAttempts (5 ms)
      ΓêÜ should pass through attempt number in recursive calls (34 ms)

PASS src/tests/routes/customDomains.route.test.js
  Custom Domains Routes
    ΓêÜ should export an Express router (13 ms)
    ΓêÜ should have registered routes (1 ms)
    ΓêÜ should have multiple route handlers registered (7 ms)
    ΓêÜ should have GET route for /domains (2 ms)
    ΓêÜ should have POST route for /domains (1 ms)
    ΓêÜ should have POST route for /domains/:domainId/verify (7 ms)
    ΓêÜ should have DELETE route for /domains/:domainId (1 ms)
    ΓêÜ should have GET route for /domains/:domainId/status (4 ms)
    ΓêÜ should have POST route for /domains/:domainId/default (44 ms)
    ΓêÜ should have GET route for /domains/:domainId/dns (5 ms)
    ΓêÜ should have middleware or routes in stack (10 ms)
    ΓêÜ should have all routes using GET, POST, or DELETE methods (34 ms)
    ΓêÜ should have exactly 7 route endpoints (8 ms)

2026-07-16 11:19:35 [[33mwarn[39m]: Tenant suspended: t1
2026-07-16 11:19:36 [[32minfo[39m]: Tenant resumed: t1
2026-07-16 11:19:36 [[32minfo[39m]: Tenant entered grace period: t1
PASS src/tests/utils/password.test.js (22.294 s)
  password utility
    hashPassword
      ΓêÜ should hash a password (1747 ms)
      ΓêÜ should produce different hashes for the same password (3425 ms)
      ΓêÜ should handle empty string (1663 ms)
      ΓêÜ should handle long passwords (1710 ms)
    comparePassword
      ΓêÜ should return true for matching password (3263 ms)
      ΓêÜ should return false for non-matching password (3678 ms)
      ΓêÜ should handle empty string comparison (5077 ms)

PASS src/tests/routes/userPermissions.route.test.js
  UserPermissions Routes
    ΓêÜ should export an Express router (40 ms)
    ΓêÜ should have registered routes (9 ms)
    ΓêÜ should have route handlers registered (12 ms)
    ΓêÜ should have GET /:userId route (1 ms)
    ΓêÜ should have POST /:userId route (12 ms)
    ΓêÜ should have DELETE /:userId/:menuGroupId route (6 ms)
    ΓêÜ should have middleware or routes in stack (8 ms)
    ΓêÜ should have all routes using valid HTTP methods (7 ms)
    ΓêÜ should have exactly 3 route endpoints (2 ms)

2026-07-16 11:19:36 [[33mwarn[39m]: Tenant offboarded: t1
PASS src/tests/middlewares/abac.test.js
  abac middleware
    ΓêÜ should return 401 if user or role is missing (114 ms)
    ΓêÜ should bypass check for super admins (22 ms)
    ΓêÜ should handle checkTenant and match tenant ID (17 ms)
    ΓêÜ should return 403 if tenant ID does not match (13 ms)
    ΓêÜ should return 404 if tenant not found (5 ms)
    ΓêÜ should handle checkSelf when user id matches resource owner id (47 ms)
    ΓêÜ should enforce matrix permissions and return 403 on failure (19 ms)

2026-07-16 11:19:36 [[32minfo[39m]: Offboarding cancelled for tenant: t1
2026-07-16 11:19:36 [[33mwarn[39m]: Hard-deleted offboarded tenant: t1
2026-07-16 11:19:36 [[33mwarn[39m]: Tenant offboarded: t1
2026-07-16 11:19:36 [[32minfo[39m]: Processed 1 grace periods
PASS src/tests/services/tenantLifecycle.service.test.js
  tenantLifecycle.service
    suspendTenant
      ΓêÜ suspends an active tenant (42 ms)
      ΓêÜ returns tenant immediately if already suspended (12 ms)
      ΓêÜ throws 404 if tenant not found (72 ms)
    resumeTenant
      ΓêÜ resumes a suspended tenant (54 ms)
      ΓêÜ returns tenant immediately if already active (19 ms)
      ΓêÜ throws 404 if tenant not found (14 ms)
    enterGracePeriod
      ΓêÜ enters grace period and stamps expiration (33 ms)
      ΓêÜ throws 404 if tenant not found (9 ms)
    checkGracePeriodExpired
      ΓêÜ returns false if tenant not found or expiresAt is missing (36 ms)
      ΓêÜ returns true/false based on current date (6 ms)
    offboardTenant
      ΓêÜ marks tenant as offboarded with retention expiry (29 ms)
      ΓêÜ returns immediately if already offboarded and force is false (10 ms)
      ΓêÜ throws 404 if tenant not found (7 ms)
    cancelOffboarding
      ΓêÜ cancels offboarding and resets active state (14 ms)
      ΓêÜ throws 404 if tenant not found (7 ms)
      ΓêÜ throws 400 if tenant is not currently offboarded (3 ms)
    hardDeleteOffboardedTenant
      ΓêÜ hard-deletes tenant and related data after retention (14 ms)
      ΓêÜ throws 404 if tenant not found (49 ms)
      ΓêÜ throws 400 if tenant is not offboarded (4 ms)
      ΓêÜ throws 400 if retention period has not expired yet (15 ms)
    exportTenantData
      ΓêÜ exports tenant data successfully (8 ms)
      ΓêÜ throws 404 if tenant not found (9 ms)
    getTenantLifecycleStatus
      ΓêÜ returns correct tenant status and lifecycle settings (30 ms)
      ΓêÜ throws 404 if tenant not found (8 ms)
    processExpiredGracePeriods
      ΓêÜ offboards suspended tenants whose grace periods have expired (35 ms)

PASS src/tests/controllers/webauthn.controller.test.js
  webauthn Controller
    getRegistrationOptions
      ΓêÜ should return registration options (35 ms)
    verifyRegistration
      ΓêÜ should verify registration (13 ms)
      ΓêÜ should handle missing tenantId from user (15 ms)
    getLoginOptions
      ΓêÜ should return login options (2 ms)
    verifyLogin
      ΓêÜ should verify login (2 ms)
    disable
      ΓêÜ should disable webauthn (20 ms)

2026-07-16 11:19:36 [[32minfo[39m]: Configuration validated successfully
PASS src/tests/utils/seedMenuGroups.test.js
  seedMenuGroups utility
    seedMenuGroups
      ΓêÜ should seed parent menu groups successfully (22 ms)
      ΓêÜ should seed child menu groups with parent references (10 ms)
      ΓêÜ should update existing menu groups instead of creating duplicates (11 ms)
      ΓêÜ should remove deprecated menu groups (44 ms)
      ΓêÜ should retry creation when fixed ID fails (50 ms)
      ΓêÜ should throw error when menu items fail to seed (16 ms)
      ΓêÜ should handle error with errors array in describeError when deprecated group fails to destroy (13 ms)
      ΓêÜ should handle child menu group seeding failure (14 ms)
    seedRoleMenuPermissions
      ΓêÜ should assign permissions to SUPERADMIN role (48 ms)
      ΓêÜ should skip roles that are not found (1 ms)
      ΓêÜ should skip menu groups that are not found (24 ms)
      ΓêÜ should not create duplicate permissions (12 ms)
      ΓêÜ should assign different permissions to different roles (14 ms)
    seedAll
      ΓêÜ should seed both menu groups and role permissions (39 ms)
    getMenuGroupId
      ΓêÜ should generate a fallback UUID for unknown slugs

PASS src/tests/services/session.service.test.js
  session.service
    hashToken
      ΓêÜ should hash token and return hash (20 ms)
      ΓêÜ should produce consistent hash for same input (7 ms)
    createSession
      ΓêÜ should create session with all fields (8 ms)
      ΓêÜ should use default expiredAt when not provided (7 ms)
    validateSession
      ΓêÜ should return session when valid (8 ms)
      ΓêÜ should return null when session not found (2 ms)
      ΓêÜ should revoke and return null when session expired (24 ms)
    revokeSession
      ΓêÜ should revoke session by token hash (13 ms)
      ΓêÜ should use default reason LOGOUT (11 ms)
    revokeAllSessions
      ΓêÜ should revoke all sessions for a user (4 ms)
      ΓêÜ should use default reason LOGOUT_ALL (15 ms)
    rotateRefreshToken
      ΓêÜ should rotate token and return new session (15 ms)
      ΓêÜ should return null when old session is invalid (4 ms)
    cleanupExpiredSessions
      ΓêÜ should destroy expired sessions (2 ms)

PASS src/tests/routes/audit.routes.test.js (5.115 s)
  Audit Routes
    ΓêÜ should export an Express router (24 ms)
    ΓêÜ should have registered routes (18 ms)
    ΓêÜ should have GET / route defined with auth and dynamicAccess middleware (9 ms)

PASS src/tests/utils/fileValidation.test.js
  fileValidation
    validateFileMagicBytes
      ΓêÜ should reject empty files (45 ms)
      ΓêÜ should reject unreadable files (20 ms)
      ΓêÜ should return MIME type for matching magic bytes (16 ms)
      ΓêÜ should accept octet-stream for readable files (2 ms)
      ΓêÜ should throw error for mismatched MIME (11 ms)
      ΓêÜ should handle AppError by re-throwing (2 ms)
      ΓêÜ should handle generic errors with 500 status (3 ms)
      ΓêÜ should handle WebP custom check (7 ms)
      ΓêÜ should handle short buffer for WebP (2 ms)
      ΓêÜ should handle very short file size for WebP custom check (3 ms)
      ΓêÜ should throw when signature matches but declared MIME is different (16 ms)
      ΓêÜ should throw when customCheck matches but declared MIME is different (6 ms)
      ΓêÜ should reject short file for signature checks (9 ms)
    isDangerousExtension
      ΓêÜ should detect PHP extensions as dangerous (4 ms)
      ΓêÜ should detect executable extensions as dangerous (5 ms)
      ΓêÜ should detect script extensions as dangerous (4 ms)
      ΓêÜ should detect HTML extensions as dangerous (2 ms)
      ΓêÜ should allow safe extensions (3 ms)
      ΓêÜ should be case insensitive (6 ms)
    isDangerousMime
      ΓêÜ should detect dangerous MIME types (4 ms)
      ΓêÜ should allow safe MIME types
      ΓêÜ should be case insensitive (6 ms)
    sanitizeFilename
      ΓêÜ should reject empty filename (33 ms)
      ΓêÜ should reject dangerous extensions (9 ms)
      ΓêÜ should reject path traversal (11 ms)
      ΓêÜ should remove null bytes (1 ms)
      ΓêÜ should reject empty basename after null removal (2 ms)
      ΓêÜ should allow safe filenames (4 ms)
      ΓêÜ should check against allowed extensions (11 ms)
      ΓêÜ should reject safe extension if not in allowedExtensions list (11 ms)
      ΓêÜ should lowercase extension for checks (10 ms)
    sanitizeError
      ΓêÜ should return sanitized error object (13 ms)
      ΓêÜ should sanitize message in production (1 ms)
      ΓêÜ should include errors property (6 ms)
      ΓêÜ should include stack in development
      ΓêÜ should exclude stack in production (1 ms)
      ΓêÜ should include name in development (2 ms)
      ΓêÜ should default status to 500 (2 ms)
      ΓêÜ should use err.statusCode when available (13 ms)
      ΓêÜ should use default parameter for isProduction in sanitizeError (11 ms)
      ΓêÜ should fallback to Internal server error if error message is empty (2 ms)
    createSanitizedErrorHandler
      ΓêÜ should return a function (1 ms)
      ΓêÜ should call the original handler (16 ms)
      ΓêÜ should not modify response when headers already sent (2 ms)
      ΓêÜ should override res.json to sanitize error responses (10 ms)
      ΓêÜ should not sanitize if body is null or not an error object (8 ms)
      ΓêÜ should sanitize using production message in production environment (14 ms)
    FILE_SIZES
      ΓêÜ should define size constants (10 ms)
    ALLOWED_TYPES
      ΓêÜ should define allowed file types (9 ms)
    validateFileSize
      ΓêÜ should reject file exceeding size limit (1 ms)
      ΓêÜ should reject invalid file object (11 ms)
      ΓêÜ should reject file with missing size (6 ms)
    validateFileType
      ΓêÜ should reject invalid file object (13 ms)
      ΓêÜ should reject file with missing mimetype (2 ms)
      ΓêÜ should accept single string type (1 ms)
      ΓêÜ should reject disallowed type (1 ms)
    validateUpload
      ΓêÜ should reject missing file (13 ms)
      ΓêÜ should reject empty originalname (1 ms)
      ΓêÜ should reject whitespace-only originalname (1 ms)
      ΓêÜ should reject failed size check (20 ms)
      ΓêÜ should reject failed type check (14 ms)
      ΓêÜ should return valid: true for correct uploads (7 ms)

2026-07-16 11:19:37 [[33mwarn[39m]: Legal hold enabled for tenant t1
2026-07-16 11:19:37 [[32minfo[39m]: Legal hold disabled for tenant t1
2026-07-16 11:19:37 [[32minfo[39m]: Purge completed for tenant t1
2026-07-16 11:19:37 [[32minfo[39m]: Purge skipped for tenant t1: legal hold active
2026-07-16 11:19:37 [[32minfo[39m]: Purge completed for tenant t1
2026-07-16 11:19:37 [[32minfo[39m]: PII masked for users
PASS src/tests/validators/eSignature.validator.test.js
  E-Signature Validators
    createKeyPair
      ΓêÜ should validate with default values (10 ms)
      ΓêÜ should validate with explicit RSA (29 ms)
      ΓêÜ should validate with ECDSA (7 ms)
      ΓêÜ should validate with Ed25519 (11 ms)
      ΓêÜ should validate with label (1 ms)
      ΓêÜ should reject invalid algorithm (15 ms)
      ΓêÜ should reject invalid key size (13 ms)
    createWorkflow
      ΓêÜ should validate correct workflow data (24 ms)
      ΓêÜ should validate with multiple signers (1 ms)
      ΓêÜ should validate with message (7 ms)
      ΓêÜ should validate with empty message (2 ms)
      ΓêÜ should validate with expiresAt (14 ms)
      ΓêÜ should reject missing document ID (11 ms)
      ΓêÜ should reject missing signers (7 ms)
      ΓêÜ should reject empty signers array (16 ms)
      ΓêÜ should reject signer missing email (10 ms)
      ΓêÜ should reject invalid email (19 ms)
      ΓêÜ should reject missing subject (5 ms)
    signDocument
      ΓêÜ should validate with default authentication method (1 ms)
      ΓêÜ should validate with password method (14 ms)
      ΓêÜ should validate with mfa method (1 ms)
      ΓêÜ should validate with webauthn method (14 ms)
      ΓêÜ should validate with totp method (1 ms)
      ΓêÜ should validate with polygon data (2 ms)
      ΓêÜ should validate with null polygon (1 ms)
      ΓêÜ should validate with biometric data (2 ms)
      ΓêÜ should validate with all fields (1 ms)
      ΓêÜ should reject invalid authentication method (18 ms)
    revokeSignature
      ΓêÜ should validate with reason (38 ms)
      ΓêÜ should reject missing reason (11 ms)
      ΓêÜ should reject empty reason (8 ms)
      ΓêÜ should reject reason exceeding max length (14 ms)

2026-07-16 11:19:37 [[32minfo[39m]: Dataset anonymized for users
PASS src/tests/services/dataRetention.service.test.js
  dataRetention.service
    getRetentionPolicy
      ΓêÜ returns defaults when no overrides exist (17 ms)
      ΓêÜ returns custom policies when overrides exist (2 ms)
    setRetentionPolicy
      ΓêÜ updates retention days for a policy (11 ms)
      ΓêÜ rejects unknown policy keys (38 ms)
      ΓêÜ rejects negative retention days (15 ms)
    isOnLegalHold / enable / disable
      ΓêÜ reports legal hold status (7 ms)
      ΓêÜ enables legal hold with reason (22 ms)
      ΓêÜ disables legal hold (24 ms)
    purgeExpiredRecords
      ΓêÜ purges old records per policy (12 ms)
      ΓêÜ skips purge when legal hold is active (33 ms)
      ΓêÜ skips purge for an entity if retention days <= 0 (18 ms)
    maskPII
      ΓêÜ throws error when legal hold is active (13 ms)
      ΓêÜ throws error for unknown entity type (117 ms)
      ΓêÜ masks users fields with redacted values (63 ms)
      ΓêÜ throws error when model not found (2 ms)
    anonymizeDataset
      ΓêÜ throws error when legal hold is active (17 ms)
      ΓêÜ throws error when model not found (21 ms)
      ΓêÜ anonymizes fields in the dataset (57 ms)

PASS src/tests/utils/jwt.env.test.js
  jwt.util env validation
    ΓêÜ should throw if JWT_ACCESS_SECRET is missing (178 ms)
    ΓêÜ should throw if JWT_REFRESH_SECRET is missing (417 ms)
    ΓêÜ should load successfully with all required env vars (235 ms)

PASS src/tests/services/user.service.avatar.test.js
  user avatar upload (consolidated into user.service)
    updateUserAvatar
      ΓêÜ should update user avatar successfully (42 ms)
      ΓêÜ should handle user without existing avatar (9 ms)
      ΓêÜ should throw 404 when user not found (14 ms)
      ΓêÜ should continue if old avatar deletion fails (6 ms)
    removeUserAvatar
      ΓêÜ should remove user avatar successfully (23 ms)
      ΓêÜ should do nothing if user has no avatar (5 ms)
      ΓêÜ should throw 404 when user not found (12 ms)

PASS src/tests/validators/vendor.validator.test.js
  Vendor Validators
    createVendor
      ΓêÜ should validate correct vendor data (47 ms)
      ΓêÜ should validate with default type (1 ms)
      ΓêÜ should validate with default status (11 ms)
      ΓêÜ should validate with CalibrationLab type (1 ms)
      ΓêÜ should validate with PartsSupplier type (11 ms)
      ΓêÜ should validate with Inactive status (2 ms)
      ΓêÜ should validate with contact person (1 ms)
      ΓêÜ should validate with email (11 ms)
      ΓêÜ should validate with phone (1 ms)
      ΓêÜ should validate with address (3 ms)
      ΓêÜ should validate with notes (6 ms)
      ΓêÜ should reject missing name (5 ms)
      ΓêÜ should reject name too short (2 ms)
      ΓêÜ should reject name too long (2 ms)
      ΓêÜ should reject invalid type (8 ms)
      ΓêÜ should reject invalid email (4 ms)
      ΓêÜ should accept null contactPerson (5 ms)
      ΓêÜ should accept empty string contactPerson (1 ms)
      ΓêÜ should trim whitespace from name (7 ms)
    updateVendor
      ΓêÜ should validate partial update with name (4 ms)
      ΓêÜ should validate with rating (2 ms)
      ΓêÜ should validate with minimum rating (1 ms)
      ΓêÜ should validate with maximum rating (1 ms)
      ΓêÜ should validate with null rating (5 ms)
      ΓêÜ should reject rating below minimum (1 ms)
      ΓêÜ should reject rating above maximum (8 ms)
      ΓêÜ should validate with all fields (7 ms)
    validate
      ΓêÜ should return validated value (11 ms)
    formatErrors
      ΓêÜ should format error details correctly (1 ms)
      ΓêÜ should handle nested field paths (1 ms)
      ΓêÜ should return empty array for empty input (4 ms)

PASS src/tests/routes/tenantHierarchy.routes.test.js (5.65 s)
  Tenant Hierarchy Routes
    ΓêÜ should export an Express router (9 ms)
    ΓêÜ should have registered routes (1 ms)
    ΓêÜ should have GET /tree route (7 ms)
    ΓêÜ should have GET /:tenantId/children route (1 ms)
    ΓêÜ should have DELETE /:tenantId/parent route (1 ms)
    ΓêÜ should have GET /cross-tenant-roles route (1 ms)

PASS src/tests/services/webhook.service.test.js
  webhook.service
    _sign
      ΓêÜ produces a stable 64-char HMAC (15 ms)
    CRUD
      createWebhook
        ΓêÜ creates a webhook and returns secret (12 ms)
        ΓêÜ creates a webhook with minimal parameters and defaults (5 ms)
        ΓêÜ creates a webhook with isActive explicitly false (9 ms)
        ΓêÜ throws 400 if url is missing (35 ms)
        ΓêÜ throws 400 if events is not a non-empty array (8 ms)
      listWebhooks
        ΓêÜ lists webhooks with pagination and metadata (2 ms)
        ΓêÜ lists webhooks with default parameters (8 ms)
        ΓêÜ handles listWebhooks with falsy or extremely high limits (22 ms)
      getWebhook
        ΓêÜ returns public webhook details (9 ms)
        ΓêÜ throws 404 if webhook not found (12 ms)
      updateWebhook
        ΓêÜ updates webhook parameters (12 ms)
        ΓêÜ throws 400 if updating events with invalid array (20 ms)
      deleteWebhook
        ΓêÜ soft deletes a webhook (8 ms)
      listDeliveries
        ΓêÜ lists webhook deliveries with defaults (5 ms)
        ΓêÜ lists webhook deliveries with explicit page and limits (5 ms)
        ΓêÜ handles listDeliveries with falsy or extremely high limits (9 ms)
    Delivery and emitEvent
      ΓêÜ delivers event successfully on first attempt (16 ms)
      ΓêÜ retries up to max attempts (5) and marks as exhausted on fetch status failure (9 ms)
      ΓêÜ marks as timeout when fetch throws AbortError (timeout) (7 ms)
      ΓêÜ returns matched:0 when no webhook subscribes (6 ms)
      ΓêÜ never throws on a DB error (best-effort) (7 ms)
      ΓêÜ logs error when background deliverWithRetry throws an error due to update failure (7 ms)
    testWebhook
      ΓêÜ sends a synthetic test event successfully (3 ms)
      ΓêÜ handles failure of deliverWithRetry in testWebhook gracefully (5 ms)

PASS src/tests/middlewares/auditLog.test.js
  auditLog middleware
    auditAction
      ΓêÜ should log audit action and intercept res.json (29 ms)
      ΓêÜ should default user info if req.user is missing (14 ms)
    withAudit
      ΓêÜ should audit log start, call handler, and log complete on success (7 ms)
      ΓêÜ should audit log error when handler throws (17 ms)

PASS src/tests/validators/sso.validator.test.js
  SSO Validators
    ssoLoginSchema
      ΓêÜ should validate correct login data (9 ms)
      ΓêÜ should validate longer tenant code (1 ms)
      ΓêÜ should reject tenant code too short (5 ms)
      ΓêÜ should reject missing tenant code (4 ms)
      ΓêÜ should reject empty tenant code (3 ms)
      ΓêÜ should reject tenant code exceeding max length (1 ms)
      ΓêÜ should handle whitespace trimming (5 ms)
    ssoSettingsSchema
      ΓêÜ should validate with all fields (79 ms)
      ΓêÜ should validate with disabled SSO (5 ms)
      ΓêÜ should validate with null optional fields
      ΓêÜ should validate with empty string optional fields
      ΓêÜ should reject missing sso_enabled (1 ms)
      ΓêÜ should reject invalid URI for entry point (8 ms)
      ΓêÜ should reject invalid URI for callback URL (1 ms)
    formatErrors
      ΓêÜ should format error details correctly (5 ms)
      ΓêÜ should handle nested field paths
      ΓêÜ should return empty array for empty input (10 ms)

PASS src/tests/middlewares/inputValidation.test.js
  inputValidation middleware
    registerValidation
      ΓêÜ should pass with valid data (13 ms)
      ΓêÜ should allow null/empty lastName (5 ms)
      ΓêÜ should reject missing firstName (18 ms)
      ΓêÜ should reject firstName shorter than 2 chars (7 ms)
      ΓêÜ should reject invalid email (8 ms)
      ΓêÜ should trim and lowercase username and email (2 ms)
      ΓêÜ should reject username with special characters (2 ms)
      ΓêÜ should reject weak password without uppercase (1 ms)
      ΓêÜ should reject weak password without lowercase
      ΓêÜ should reject weak password without digit (5 ms)
      ΓêÜ should reject password shorter than 8 chars (6 ms)
    loginValidation
      ΓêÜ should pass with email as user (9 ms)
      ΓêÜ should pass with alphanumeric username as user (6 ms)
      ΓêÜ should reject missing user (1 ms)
      ΓêÜ should reject missing password (9 ms)
    verifyOtpValidation
      ΓêÜ should pass with valid email and 6-digit OTP (1 ms)
      ΓêÜ should reject OTP that is not 6 digits (1 ms)
      ΓêÜ should reject OTP containing letters (1 ms)
      ΓêÜ should reject missing email (5 ms)
    resendOtpValidation
      ΓêÜ should pass with valid email
      ΓêÜ should reject missing email
    forgotPasswordValidation
      ΓêÜ should pass with valid email (8 ms)
      ΓêÜ should reject missing email
    resetPasswordValidation
      ΓêÜ should pass with valid data (2 ms)
      ΓêÜ should reject missing email (5 ms)
      ΓêÜ should reject invalid OTP length (8 ms)
      ΓêÜ should reject short password (1 ms)
    changePasswordValidation
      ΓêÜ should pass with valid data and matching passwords (7 ms)
      ΓêÜ should reject mismatched new and confirm passwords (8 ms)
      ΓêÜ should reject missing oldPassword (10 ms)

PASS src/tests/controllers/session.controller.test.js
  Session Controller
    getAllSessions
      ΓêÜ should return paginated sessions (10 ms)
      ΓêÜ should filter by userId (2 ms)
      ΓêÜ should filter by search term (7 ms)
      ΓêÜ should filter by active status (6 ms)
      ΓêÜ should filter by expired status (5 ms)
      ΓêÜ should filter by revoked status (6 ms)
      ΓêÜ should return sessions with correct data structure (2 ms)
      ΓêÜ should handle empty results (2 ms)
    getSessionById
      ΓêÜ should return a session by id (1 ms)
      ΓêÜ should throw 404 when session not found (2 ms)
      ΓêÜ should handle session without tenant (1 ms)
    revokeSession
      ΓêÜ should revoke a session (7 ms)
      ΓêÜ should allow admin to revoke any session (2 ms)
      ΓêÜ should reject user revoking another user's session (9 ms)
      ΓêÜ should reject revoking already revoked session (5 ms)
      ΓêÜ should throw 404 when session not found (5 ms)
      ΓêÜ should use default reason when not provided (2 ms)
    revokeAllUserSessions
      ΓêÜ should revoke all sessions for a user (12 ms)
      ΓêÜ should reject non-admin users
      ΓêÜ should use default reason when not provided (2 ms)
    deleteSession
      ΓêÜ should delete a revoked session (7 ms)
      ΓêÜ should allow admin to delete any session (9 ms)
      ΓêÜ should reject deleting active (non-revoked, non-expired) session (3 ms)
      ΓêÜ should reject user deleting another user's session (1 ms)
      ΓêÜ should throw 404 when session not found (11 ms)
    getSessionStats
      ΓêÜ should return session statistics (2 ms)
      ΓêÜ should filter stats by userId (18 ms)
      ΓêÜ should return correct stat structure (3 ms)
    Browser and OS Detection in Session Data
      ΓêÜ should include browser detection in session data (3 ms)
      ΓêÜ should include OS detection in session data (8 ms)
      ΓêÜ should include correct status for active session (6 ms)
      ΓêÜ should include correct status for revoked session (1 ms)
      ΓêÜ should include correct status for expired session (2 ms)

PASS src/tests/services/featureFlag.service.test.js
  featureFlag.service
    isEnabled
      ΓêÜ returns tenant override when set (28 ms)
      ΓêÜ falls back to default when no tenant override (1 ms)
      ΓêÜ returns false for unknown flags (11 ms)
    getTenantFlags
      ΓêÜ returns merged flags with defaults and overrides (534 ms)
    setTenantFlag
      ΓêÜ sets a flag override (5 ms)
      ΓêÜ throws for unknown flags (17 ms)
    resetTenantFlag
      ΓêÜ removes tenant override and returns default (3 ms)
    initializeTenantFlags
      ΓêÜ bulk-creates default-enabled flags (10 ms)

PASS src/tests/services/oidcProvider.service.test.js
  oidcProvider.service
    ΓêÜ discover returns OIDC metadata (8 ms)
    ΓêÜ jwks returns public key set (8 ms)
    ΓêÜ registerClient creates client and returns secret (5 ms)
    ΓêÜ getClients lists registered clients (480 ms)
    ΓêÜ rotateSecret generates new secret (2 ms)
    ΓêÜ deleteClient removes client (5 ms)
    ΓêÜ verifySecret validates client secret (9 ms)

PASS src/tests/services/emailQueue.service.test.js
  emailQueue.service
    Queue initialization & RabbitMQ Connection
      ΓêÜ should process email queue and initialize (31 ms)
      ΓêÜ should handle initialization failure (16 ms)
      ΓêÜ should reuse open connection and channel (15 ms)
      ΓêÜ should handle connection close event (17 ms)
      ΓêÜ should handle connection error event (23 ms)
    queue emails
      ΓêÜ should add activation email to queue (14 ms)
      ΓêÜ should add otp email to queue (14 ms)
      ΓêÜ should fallback to direct sending if queue fails (10 ms)
      ΓêÜ should fallback to direct sending and handle direct sending error (14 ms)
    process email queue consumer
      ΓêÜ should handle empty message (6 ms)
      ΓêÜ should drop invalid JSON message (20 ms)
      ΓêÜ should process activation email successfully (15 ms)
      ΓêÜ should process otp email successfully (12 ms)
      ΓêÜ should handle unknown job type (21 ms)
      ΓêÜ should handle email sending failure and retry (24 ms)
      ΓêÜ should not retry if max retries reached (12 ms)
      ΓêÜ should handle successful send returning false (11 ms)
    getQueueStats
      ΓêÜ should return queue stats (19 ms)
      ΓêÜ should return error stats if check fails (9 ms)
    clearQueue
      ΓêÜ should purge queue (15 ms)
      ΓêÜ should handle clearQueue error (14 ms)
    closeRabbitMQ
      ΓêÜ should handle close error gracefully (15 ms)

PASS src/tests/controllers/calibrationDevices.controller.test.js
  calibrationDevicesController
    getAllCalibrationDevices
      ΓêÜ should fetch all devices successfully (21 ms)
      ΓêÜ should call error response when validation fails (1 ms)
    getSpecificCalibrationDevice
      ΓêÜ should fetch device successfully (8 ms)
    createCalibrationDevice
      ΓêÜ should create device successfully (2 ms)
    updateCalibrationDevice
      ΓêÜ should update device successfully (3 ms)
    deleteCalibrationDevice
      ΓêÜ should delete device successfully (5 ms)
    bulkImportCalibrationDevices
      ΓêÜ should call error response if no file is uploaded (1 ms)
      ΓêÜ should import file successfully and delete the temp file (5 ms)

PASS src/tests/services/vendor.service.test.js
  vendor.service
    fetchVendors
      ΓêÜ should fetch vendors with pagination (16 ms)
      ΓêÜ should filter by search term (3 ms)
      ΓêÜ should filter by status (2 ms)
      ΓêÜ should filter by type
      ΓêÜ should cap limit to MAX_LIMIT
      ΓêÜ should propagate error on failure (5 ms)
    getVendorById
      ΓêÜ should return vendor by ID (7 ms)
      ΓêÜ should throw 404 when vendor not found (6 ms)
      ΓêÜ should propagate database error (5 ms)
    createVendor
      ΓêÜ should create a new vendor (2 ms)
      ΓêÜ should propagate database error (4 ms)
    updateVendor
      ΓêÜ should update vendor fields (3 ms)
      ΓêÜ should throw 404 when vendor not found (4 ms)
      ΓêÜ should propagate database error (6 ms)
    deleteVendor
      ΓêÜ should delete a vendor (2 ms)
      ΓêÜ should throw 404 when vendor not found (5 ms)
      ΓêÜ should propagate database error (6 ms)
    qualifyVendor
      ΓêÜ should qualify a vendor with all fields (7 ms)
      ΓêÜ should qualify a vendor with partial fields (1 ms)
      ΓêÜ should throw 404 when vendor not found (4 ms)
      ΓêÜ should propagate database error (6 ms)

PASS src/tests/validators/customDomains.validator.test.js
  Custom Domains Validators
    addDomain
      ΓêÜ should validate with default type and ssl (14 ms)
      ΓêÜ should validate with custom type (1 ms)
      ΓêÜ should validate with ssl disabled (3 ms)
      ΓêÜ should reject invalid domain (63 ms)
      ΓêÜ should reject missing domain (6 ms)
      ΓêÜ should reject invalid type (11 ms)
    domainType
      ΓêÜ should validate valid domain type (1 ms)
      ΓêÜ should validate subdomain type
      ΓêÜ should validate vanity type (5 ms)
      ΓêÜ should reject missing type (1 ms)
      ΓêÜ should reject invalid type (9 ms)

PASS src/tests/validators/tenant.validator.test.js
  Tenant Validators
    getAllTenantsQuery
      ΓêÜ should apply defaults (10 ms)
      ΓêÜ should coerce and accept valid query (13 ms)
      ΓêÜ should reject invalid status (5 ms)
      ΓêÜ should accept null and empty string for find (2 ms)
      ΓêÜ should accept null and empty string for status (10 ms)
      ΓêÜ should accept all valid status values (6 ms)
      ΓêÜ should reject non-integer page (8 ms)
      ΓêÜ should reject page below 1 (2 ms)
      ΓêÜ should reject limit over maximum (4 ms)
      ΓêÜ should reject limit below 1 (10 ms)
      ΓêÜ should coerce string page and limit to integers (9 ms)
    getTenantSchema
      ΓêÜ should validate a uuid tenantId (10 ms)
      ΓêÜ should reject a non-uuid tenantId (1 ms)
      ΓêÜ should reject missing tenantId (5 ms)
      ΓêÜ should reject empty string tenantId (10 ms)
    createTenantSchema
      ΓêÜ should validate and normalize a valid tenant (1 ms)
      ΓêÜ should default status to ACTIVE (6 ms)
      ΓêÜ should throw when required fields are missing (1 ms)
      ΓêÜ should throw when code is missing (6 ms)
      ΓêÜ should throw when both name and code are missing (7 ms)
      ΓêÜ should reject an invalid color (3 ms)
      ΓêÜ should accept valid hex color (3 ms)
      ΓêÜ should accept uppercase hex color (4 ms)
      ΓêÜ should accept null and empty string for primaryColor (11 ms)
      ΓêÜ should trim name and code (5 ms)
      ΓêÜ should reject name shorter than 2 characters (1 ms)
      ΓêÜ should reject name longer than 100 characters (6 ms)
      ΓêÜ should reject code shorter than 2 characters (2 ms)
      ΓêÜ should reject code longer than 50 characters (1 ms)
      ΓêÜ should accept all valid status values (5 ms)
      ΓêÜ should accept optional contact fields (111 ms)
      ΓêÜ should accept email field (3 ms)
      ΓêÜ should reject invalid email (4 ms)
      ΓêÜ should accept valid createdBy UUID (1 ms)
      ΓêÜ should reject invalid createdBy UUID (8 ms)
      ΓêÜ should accept null for createdBy (5 ms)
      ΓêÜ should accept maxUsers (7 ms)
      ΓêÜ should reject maxUsers below 1 (4 ms)
      ΓêÜ should accept null and empty string for optional text fields (5 ms)
      ΓêÜ should reject invalid website URI (21 ms)
      ΓêÜ should strip unknown fields (5 ms)
      ΓêÜ should handle status normalization when status is provided as null (6 ms)
      ΓêÜ should reject empty string for status (1 ms)
      ΓêÜ should normalize status to uppercase for mixed case values (6 ms)
      ΓêÜ should preserve default status when not provided (1 ms)
    updateTenantSchema
      ΓêÜ should validate a partial update (1 ms)
      ΓêÜ should normalize status to uppercase (5 ms)
      ΓêÜ should accept all valid status values (2 ms)
      ΓêÜ should accept valid hex color (4 ms)
      ΓêÜ should reject invalid color (1 ms)
      ΓêÜ should accept optional contact fields (5 ms)
      ΓêÜ should reject invalid email (1 ms)
      ΓêÜ should accept valid updatedBy UUID (5 ms)
      ΓêÜ should accept null for updatedBy (1 ms)
      ΓêÜ should accept maxUsers (6 ms)
      ΓêÜ should reject maxUsers below 1 (1 ms)
      ΓêÜ should trim name and code
      ΓêÜ should reject name shorter than 2 characters
      ΓêÜ should reject name longer than 100 characters (4 ms)
      ΓêÜ should reject code shorter than 2 characters (1 ms)
      ΓêÜ should reject code longer than 50 characters (7 ms)
      ΓêÜ should accept null and empty string for optional text fields (6 ms)
      ΓêÜ should reject invalid website URI (1 ms)
      ΓêÜ should accept tenantId in update (2 ms)
      ΓêÜ should reject invalid tenantId UUID (1 ms)
    deleteTenantSchema
      ΓêÜ should require a uuid tenantId (7 ms)
      ΓêÜ should accept deletedBy (1 ms)
      ΓêÜ should accept null for deletedBy (4 ms)
      ΓêÜ should reject missing tenantId (2 ms)
      ΓêÜ should reject invalid tenantId UUID (1 ms)
      ΓêÜ should reject invalid deletedBy UUID (1 ms)
    tenantIdSchema
      ΓêÜ should validate a uuid tenantId (2 ms)
      ΓêÜ should reject missing tenantId (1 ms)
      ΓêÜ should reject invalid tenantId UUID (2 ms)
      ΓêÜ should reject empty string tenantId (1 ms)
    formatErrors
      ΓêÜ should format validation error details (12 ms)
      ΓêÜ should handle nested field paths
      ΓêÜ should handle multi-level nested field paths (4 ms)
      ΓêÜ should return empty array for empty input (1 ms)
      ΓêÜ should format multiple errors (1 ms)
    validate helper
      ΓêÜ should return validated value on success (8 ms)
      ΓêÜ should throw structured error on validation failure (2 ms)
      ΓêÜ should include formatted errors in thrown error (3 ms)

PASS src/tests/controllers/sso.controller.test.js
  sso.controller
    ssoLogin
      ΓêÜ should generate redirect URL if sso is enabled and valid tenant code is provided (28 ms)
      ΓêÜ should call error response with 404 if tenant is not found (17 ms)
      ΓêÜ should call error response with 400 if SSO is not enabled (7 ms)
      ΓêÜ should call error response with 400 if SSO entry point is not configured (4 ms)
      ΓêÜ should generate redirect URL when sso_enabled is boolean true (2 ms)
    ssoCallback
      ΓêÜ should process assertion and redirect to frontend with tokens (5 ms)
      ΓêÜ should call error response with 400 if tenantCode is not provided (10 ms)
      ΓêÜ should call error response with 404 if tenant is not found (3 ms)
      ΓêÜ should call error response with 400 if SSO is not enabled (2 ms)
      ΓêÜ should extract tenantCode from params when both params and RelayState are present (14 ms)
    ssoMetadata
      ΓêÜ should return XML metadata (9 ms)
      ΓêÜ should call error response with 400 if tenant code is missing (3 ms)
      ΓêÜ should call error response with 404 if tenant is not found (8 ms)
      ΓêÜ should return XML metadata when tenantCode is provided via query (6 ms)
    oidcLogin
      ΓêÜ should generate OIDC redirect URL if configured and valid tenant (7 ms)
      ΓêÜ should call error with 404 if tenant is not found (7 ms)
      ΓêÜ should call error with 400 if SSO is not enabled (9 ms)
      ΓêÜ should call error with 400 if OIDC client ID is not configured (8 ms)
    oidcCallback
      ΓêÜ should verify callback and redirect to frontend with tokens (5 ms)
      ΓêÜ should call error with 400 if tenantCode and code are not provided (19 ms)
      ΓêÜ should call error with 404 if tenant is not found (2 ms)
      ΓêÜ should call error with 400 if SSO is not enabled (17 ms)
      ΓêÜ should extract tenantCode from state when params is not provided (11 ms)

PASS src/tests/validators/dataRetention.validator.test.js
  Data Retention Validators
    tenantIdSchema
      ΓêÜ should validate correct tenant ID (10 ms)
      ΓêÜ should reject invalid UUID (8 ms)
      ΓêÜ should reject missing tenant ID (1 ms)
    retentionPolicySchema
      ΓêÜ should validate correct retention policy (2 ms)
      ΓêÜ should allow zero days (7 ms)
      ΓêÜ should reject negative days (7 ms)
      ΓêÜ should reject non-integer days (1 ms)
      ΓêÜ should reject missing policy key (1 ms)
    piiMaskSchema
      ΓêÜ should validate correct PII mask request (10 ms)
      ΓêÜ should validate multiple record IDs (1 ms)
      ΓêÜ should reject invalid entity type (1 ms)
      ΓêÜ should reject non-UUID in record IDs (1 ms)
    anonymizeSchema
      ΓêÜ should validate correct anonymize request
      ΓêÜ should validate with keepDates option (4 ms)
      ΓêÜ should validate with keepNumericIds option (2 ms)
      ΓêÜ should validate with both options (2 ms)
      ΓêÜ should reject missing entity type

PASS src/tests/services/gdpr.service.test.js
  gdprService
    exportUserData
      ΓêÜ should throw error when GDPR is disabled (30 ms)
      ΓêÜ should export user data successfully (21 ms)
      ΓêÜ should fallback to getDialect postgres and still export successfully (16 ms)
      ΓêÜ should throw 404 if user not found (12 ms)
      ΓêÜ should handle warning errors in nested exports blocks and continue (16 ms)
      ΓêÜ should handle warning errors in calibration devices export and continue (12 ms)
      ΓêÜ should handle zip compression failure and reject (9 ms)
      ΓêÜ should run cleanup on timer expiry and delete files (12 ms)
      ΓêÜ should log warning if cleanup throws exception (7 ms)
      ΓêÜ should fallback getFileSize to 0 if stat throws exception (11 ms)
    eraseUserData
      ΓêÜ should throw error when GDPR is disabled (13 ms)
      ΓêÜ should anonymize user by default (2 ms)
      ΓêÜ should soft delete when anonymize is false (2 ms)
      ΓêÜ should hard delete when hardDelete is true (5 ms)
      ΓêÜ should throw AppError on database exception during erasure (10 ms)
    recordConsent
      ΓêÜ should throw error when GDPR is disabled (8 ms)
      ΓêÜ should record consent successfully (1 ms)
      ΓêÜ should throw error when consent creation fails (3 ms)
    withdrawConsent
      ΓêÜ should throw error when GDPR is disabled (8 ms)
      ΓêÜ should withdraw consent successfully (8 ms)
      ΓêÜ should throw error when consent withdraw fails (6 ms)
    getConsentHistory
      ΓêÜ should return consent history (10 ms)
      ΓêÜ should return empty array on database error (8 ms)
    updatePrivacyPreferences
      ΓêÜ should update privacy preferences (3 ms)
      ΓêÜ should throw error on DB update failure (2 ms)
    getPrivacyPreferences
      ΓêÜ should return privacy preferences successfully (7 ms)
      ΓêÜ should return empty object on error (6 ms)
    enforceDataRetention
      ΓêÜ should return disabled when GDPR is disabled (2 ms)
      ΓêÜ should enforce data retention policies and purge expired data (8 ms)
      ΓêÜ should return failure object when database error occurs during retention run (5 ms)
    createDsar
      ΓêÜ should create a DSAR (7 ms)
      ΓêÜ should throw error if DSAR creation throws database exception (3 ms)
    getDsarStatus
      ΓêÜ should return dsar record (5 ms)
      ΓêÜ should return null on error (5 ms)
    getStatus
      ΓêÜ should return service status (9 ms)

PASS src/tests/validators/finance.validator.test.js
  Finance Validators
    createAssetFinance
      ΓêÜ should validate correct asset finance data (10 ms)
      ΓêÜ should validate with default salvage value (8 ms)
      ΓêÜ should validate with default depreciation method (1 ms)
      ΓêÜ should validate with custom depreciation method (5 ms)
      ΓêÜ should validate with all fields (2 ms)
      ΓêÜ should reject missing device ID (7 ms)
      ΓêÜ should reject missing purchase price (5 ms)
      ΓêÜ should reject negative purchase price (4 ms)
      ΓêÜ should reject missing purchase date (2 ms)
      ΓêÜ should reject invalid purchase date (8 ms)
      ΓêÜ should reject useful life outside range (too low) (8 ms)
      ΓêÜ should reject useful life outside range (too high) (1 ms)
      ΓêÜ should reject invalid depreciation method (1 ms)
      ΓêÜ should reject invalid vendor UUID (8 ms)
    updateAssetFinance
      ΓêÜ should validate partial update (4 ms)
      ΓêÜ should validate empty object (1 ms)
      ΓêÜ should reject invalid depreciation method (2 ms)
      ΓêÜ should reject invalid vendor UUID (3 ms)
    formatErrors
      ΓêÜ should format error details correctly (2 ms)
      ΓêÜ should handle nested field paths (8 ms)
      ΓêÜ should return empty array for empty input (8 ms)

PASS src/tests/services/roles.service.test.js
  RolesService
    createRole
      ΓêÜ should create a new role (8 ms)
    getRoleById
      ΓêÜ should get a role by id (8 ms)
    getRoleByName
      ΓêÜ should get role by name (6 ms)
    getAllRoles
      ΓêÜ should get all roles with pagination and filters (2 ms)
      ΓêÜ should handle default arguments (2 ms)
    updateRole
      ΓêÜ should throw 404 if role not found (23 ms)
      ΓêÜ should throw 403 if trying to delete system role (8 ms)
      ΓêÜ should update role fields (1 ms)
    deleteRole
      ΓêÜ should throw 404 if role not found (2 ms)
      ΓêÜ should deactivate system role instead of deleting (6 ms)
      ΓêÜ should destroy regular role (9 ms)
    assignMenuToRole
      ΓêÜ should throw 404 if role not found (9 ms)
      ΓêÜ should throw 404 if menu not found (7 ms)
      ΓêÜ should create new permission if not exists (6 ms)
      ΓêÜ should update permission if already exists (5 ms)
    removeMenuFromRole
      ΓêÜ should delete permission and clear cache (4 ms)
    getRoleMenus
      ΓêÜ should return formatted menus (2 ms)
    hasPermission
      ΓêÜ should return false if user not found (1 ms)
      ΓêÜ should return false if role inactive (1 ms)
      ΓêÜ should return false if no permissions array (7 ms)
      ΓêÜ should return true for read if type is read (1 ms)
      ΓêÜ should return true for read if type is write (1 ms)
      ΓêÜ should return false for write if type is read (1 ms)
      ΓêÜ should return true for write if type is write
      ΓêÜ should check parent permission if menu group has parentId (1 ms)
    getRolePermissionsMatrix
      ΓêÜ should return cached matrix if available (1 ms)
      ΓêÜ should build and cache matrix if not cached (6 ms)
      ΓêÜ should inherit permissions for child menu groups in matrix (10 ms)
    getUserMenus
      ΓêÜ should return empty array if user or role not found (7 ms)
      ΓêÜ should return formatted menus (2 ms)
    assignRoleToUser
      ΓêÜ should throw 404 if user not found (1 ms)
      ΓêÜ should throw 404 if role not found (6 ms)
      ΓêÜ should throw 400 if role is inactive (3 ms)
      ΓêÜ should assign role and save user (3 ms)
    removeRoleFromUser
      ΓêÜ should throw 404 if user not found (1 ms)
      ΓêÜ should set role_id to null and save (1 ms)
    Menu Groups Management
      getAllMenus
        ΓêÜ should get all menus with filters (3 ms)
        ΓêÜ should handle default arguments (4 ms)
      getMenuById
        ΓêÜ should get menu by id (2 ms)
      createMenu
        ΓêÜ should create a new menu group (3 ms)
        ΓêÜ should use provided slug and is_active (1 ms)
      updateMenu
        ΓêÜ should throw 404 if not found (13 ms)
        ΓêÜ should update and clear cache (2 ms)
      deleteMenu
        ΓêÜ should throw 404 if not found (8 ms)
        ΓêÜ should delete, remove permissions, and clear cache (2 ms)

PASS src/tests/controllers/user.controller.test.js
  user Controller
    getAllUsers
      ΓêÜ should return paginated users (26 ms)
      ΓêÜ should restrict non-SUPER_ADMIN to their tenant (9 ms)
      ΓêÜ should allow SUPER_ADMIN to specify tenant (2 ms)
      ΓêÜ should return 400 on validation error (15 ms)
    getSpecificUser
      ΓêÜ should return a specific user (1 ms)
    checkUsernameAvailability
      ΓêÜ should check username availability (7 ms)
      ΓêÜ should return 400 on invalid username (18 ms)
    updateUserRole
      ΓêÜ should update user role (5 ms)
      ΓêÜ should return 400 on validation error (11 ms)
    createUser
      ΓêÜ should create a user (11 ms)
      ΓêÜ should return 400 on validation error (7 ms)
    editUser
      ΓêÜ should edit a user (5 ms)
    deleteUser
      ΓêÜ should delete a user (1 ms)
      ΓêÜ should return 400 on invalid userId (7 ms)
    uploadUserAvatar
      ΓêÜ should upload user avatar (4 ms)
      ΓêÜ should return 400 when no file uploaded (1 ms)
    removeUserAvatar
      ΓêÜ should remove user avatar (3 ms)
    getAllUsersSimple
      ΓêÜ should return simple user list (6 ms)

PASS src/tests/services/migration.service.test.js
  migration.service
    seedDefaultRoles
      ΓêÜ should create all default roles if none exist (43 ms)
      ΓêÜ should skip existing roles (6 ms)
      ΓêÜ should handle errors (4 ms)
    seedApplicationRoles
      ΓêÜ should create all application roles if none exist (9 ms)
      ΓêÜ should handle errors (1 ms)
    seedAllRoles
      ΓêÜ should combine results of default and application roles (2 ms)
    seedMenuGroupsAndItems
      ΓêÜ should seed menus and permissions successfully (16 ms)
      ΓêÜ should handle missing role (5 ms)
      ΓêÜ should handle missing menu group (20 ms)
      ΓêÜ should skip existing permissions (8 ms)
      ΓêÜ should handle errors (4 ms)
    seedRoleMenuPermissions
      ΓêÜ should assign permissions to a role (8 ms)
      ΓêÜ should handle role not found (1 ms)
      ΓêÜ should handle menu not found (4 ms)
      ΓêÜ should skip existing permissions (1 ms)
      ΓêÜ should handle errors (3 ms)
    seedUsers
      ΓêÜ should create default users that do not exist yet (7 ms)
      ΓêÜ should update (not recreate) users that already exist (1 ms)
      ΓêÜ should handle errors (1 ms)
    unseedRoles
      ΓêÜ should delete roles (4 ms)
      ΓêÜ should handle errors (1 ms)
    unseedUsers
      ΓêÜ should delete users (2 ms)
      ΓêÜ should handle errors (7 ms)
    unseedMenuData
      ΓêÜ should delete permissions and menus (7 ms)
      ΓêÜ should handle errors (2 ms)
    seedAll and unseedAll
      ΓêÜ should seedAll (6 ms)
      ΓêÜ should unseedAll (7 ms)

PASS src/tests/middlewares/validation.test.js
  validation middleware
    validate
      ΓêÜ should pass valid data to next() (24 ms)
      ΓêÜ should strip unknown keys from body (9 ms)
      ΓêÜ should return validation errors when required field is missing (6 ms)
      ΓêÜ should return formatted validation errors with field paths (10 ms)
      ΓêÜ should return 400 status for validation errors (5 ms)
      ΓêÜ should handle empty body (8 ms)
      ΓêÜ should validate array fields (19 ms)
      ΓêÜ should reject invalid array items (6 ms)
      ΓêÜ should handle optional fields with defaults (11 ms)
      ΓêÜ should validate nested objects (6 ms)
      ΓêÜ should reject nested objects with invalid data (9 ms)
      ΓêÜ should handle multiple validation errors (7 ms)
      ΓêÜ should use custom error messages (72 ms)
      ΓêÜ should allow null for optional fields (1 ms)
      ΓêÜ should validate boolean fields (7 ms)
      ΓêÜ should reject non-boolean for boolean fields (2 ms)
      ΓêÜ should handle abac schema with location (8 ms)
      ΓêÜ should sanitize input by stripping extra fields (9 ms)
      ΓêÜ should handle login schema with user field (8 ms)
      ΓêÜ should handle register schema with all fields (9 ms)
      ΓêÜ should handle change password schema with confirm password validation (7 ms)
      ΓêÜ should reject mismatched confirm password (5 ms)

PASS src/tests/utils/jwt.test.js
  jwt utility
    startup validation
      ΓêÜ should throw error if JWT_ACCESS_SECRET is missing (30 ms)
      ΓêÜ should throw error if JWT_REFRESH_SECRET is missing (28 ms)
      ΓêÜ should fallback to HS256 algorithm if JWT_ALGORITHM is missing (23 ms)
    generateAccessToken
      ΓêÜ should generate token with object payload (1 ms)
      ΓêÜ should generate token with primitive payload (3 ms)
      ΓêÜ should use custom algorithm from options (12 ms)
      ΓêÜ should use custom expiresIn from options (1 ms)
      ΓêÜ should throw for RS algorithm without private key (5 ms)
      ΓêÜ should throw for ES algorithm without private key (8 ms)
    generateOpaqueRefreshToken
      ΓêÜ should return a 64 character hex string (1 ms)
    generateRefreshToken
      ΓêÜ should generate token with object payload (1 ms)
      ΓêÜ should generate token with primitive payload (1 ms)
    verifyAccessToken
      ΓêÜ should verify token with active key (3 ms)
      ΓêÜ should try multiple active keys (4 ms)
      ΓêÜ should throw TokenExpiredError immediately (9 ms)
      ΓêÜ should fall back to default secret (1 ms)
      ΓêÜ should throw for invalid token after fallback fails (6 ms)
    verifyRefreshToken
      ΓêÜ should verify token with active key (7 ms)
      ΓêÜ should try multiple active keys (1 ms)
      ΓêÜ should throw TokenExpiredError immediately (10 ms)
      ΓêÜ should fall back to default secret (11 ms)
      ΓêÜ should throw for invalid token after fallback fails (6 ms)
    decodeToken
      ΓêÜ should decode token without verification (2 ms)
      ΓêÜ should return null for invalid token (3 ms)
    rotateKeys
      ΓêÜ should rotate HS256 key (8 ms)
      ΓêÜ should rotate RS256 key with private key (6 ms)
      ΓêÜ should rotate ES256 key with private key (1 ms)
      ΓêÜ should throw for unsupported algorithm (5 ms)
    getKeyInfo
      ΓêÜ should return current key info (3 ms)
    getActiveKeyIds
      ΓêÜ should return array of active key IDs (4 ms)
    keyRegistry export
      ΓêÜ should export keyRegistry instance (4 ms)
      ΓêÜ keyRegistry.getCurrentKey should return current key (4 ms)
      ΓêÜ keyRegistry.getActiveKeys should return active keys (1 ms)
      ΓêÜ keyRegistry.rotateKey should rotate key (11 ms)
      ΓêÜ keyRegistry.retireKey should retire key (7 ms)
      ΓêÜ keyRegistry.getKey should return key by ID (1 ms)
      ΓêÜ keyRegistry.getKeyIds should return all key IDs (5 ms)
    alias functions
      ΓêÜ generateToken should call generateAccessToken (4 ms)
      ΓêÜ verifyToken should call verifyAccessToken (8 ms)
    RS256 algorithm paths
      ΓêÜ generateAccessToken uses RS256 private key (3 ms)
      ΓêÜ generateRefreshToken uses RS256 private key (8 ms)
      ΓêÜ verifyAccessToken uses RS256 public key (9 ms)
      ΓêÜ verifyRefreshToken uses RS256 key (11 ms)
      ΓêÜ verifyRefreshToken uses RS256 public key (18 ms)
      ΓêÜ verifyRefreshToken RS256 key throws invalid token (29 ms)
      ΓêÜ generateRefreshToken RS256 throws when private key missing (71 ms)
      ΓêÜ verifyAccessToken RS256 skips key when public key missing (6 ms)
      ΓêÜ verifyRefreshToken RS256 skips key when public key missing (10 ms)
    coverage edge branches
      ΓêÜ rotateKeys uses default algorithm when called without args (5 ms)
      ΓêÜ generateAccessToken uses JWT_ACCESS_EXPIRED env var (6 ms)
      ΓêÜ generateRefreshToken uses JWT_REFRESH_EXPIRED env var (1 ms)
      ΓêÜ getKey returns null for nonexistent key ID (1 ms)
      ΓêÜ retireKey handles nonexistent key ID gracefully (4 ms)
      ΓêÜ getCurrentKey fallbacks when no active keys (7 ms)
      ΓêÜ generateAccessToken RS256 uses JWT_ACCESS_EXPIRED env var (5 ms)
      ΓêÜ generateRefreshToken RS256 uses JWT_REFRESH_EXPIRED env var (2 ms)
      ΓêÜ generateAccessToken RS256 uses default fallback 15m (6 ms)
      ΓêÜ generateAccessToken HS256 uses default fallback 15m (6 ms)
      ΓêÜ generateRefreshToken RS256 uses default fallback 7d (5 ms)
      ΓêÜ generateRefreshToken HS256 uses default fallback 7d (9 ms)

PASS src/tests/services/calibrationScheduler.service.test.js
  calibrationScheduler.service
    ΓêÜ creates a work order + notification for a due device with no open WO (41 ms)
    ΓêÜ is idempotent ΓÇö skips a due device that already has an open WO (7 ms)

PASS src/tests/services/admin.service.test.js
  adminService
    getAllTenants
      ΓêÜ should return paginated tenants without search (7 ms)
      ΓêÜ should return paginated tenants with search (571 ms)
      ΓêÜ should calculate correct offset for page 2 (1 ms)
      ΓêÜ should calculate totalPages correctly (4 ms)
      ΓêÜ should return correct page and limit as numbers (1 ms)
    updateTenantStatus
      ΓêÜ should update tenant status to suspended (6 ms)
      ΓêÜ should update tenant status to active (3 ms)
      ΓêÜ should update tenant status to deleted (2 ms)
      ΓêÜ should throw AppError when tenant not found (15 ms)
      ΓêÜ should throw AppError for invalid status (20 ms)
    updateTenantFlags
      ΓêÜ should merge flags with existing settings (1 ms)
      ΓêÜ should initialize settings if not present (1 ms)
      ΓêÜ should merge multiple flags (1 ms)
      ΓêÜ should throw AppError when tenant not found (8 ms)
      ΓêÜ should overwrite existing flag values (7 ms)

PASS src/tests/validators/meteredBilling.validator.test.js
  meteredBillingValidators
    createUsageAlert
      ΓêÜ should validate correct alert data (24 ms)
      ΓêÜ should accept optional notificationChannels (10 ms)
      ΓêÜ should accept optional comparison (1 ms)
      ΓêÜ should reject missing metricName (32 ms)
      ΓêÜ should reject missing threshold (9 ms)
      ΓêÜ should reject non-positive threshold (6 ms)
      ΓêÜ should reject invalid notification channels (14 ms)
      ΓêÜ should reject invalid comparison (7 ms)
    estimateCost
      ΓêÜ should validate correct estimation data (6 ms)
      ΓêÜ should accept optional period (1 ms)
      ΓêÜ should reject missing metrics (9 ms)
      ΓêÜ should reject missing quantity (4 ms)
      ΓêÜ should reject non-positive quantity (7 ms)
      ΓêÜ should reject invalid period (5 ms)
    getAnalytics
      ΓêÜ should validate correct analytics query (1 ms)
      ΓêÜ should accept optional metrics array (6 ms)
      ΓêÜ should accept all valid periods (5 ms)
      ΓêÜ should default to 30d period
      ΓêÜ should reject invalid period (12 ms)
    getBillingHistory
      ΓêÜ should validate correct billing history query (1 ms)
      ΓêÜ should accept optional date range (40 ms)
      ΓêÜ should default page to 1 (9 ms)
      ΓêÜ should default limit to 20 (1 ms)
      ΓêÜ should reject page less than 1 (4 ms)
      ΓêÜ should reject limit greater than 100 (6 ms)
      ΓêÜ should reject endDate before startDate (1 ms)
    validate helper
      ΓêÜ should return validated data for valid input (1 ms)
      ΓêÜ should throw error for invalid input (9 ms)

PASS src/tests/validators/featureFlag.validator.test.js
  Feature Flag Validators
    flagKeySchema
      ΓêÜ should validate correct flag key data (14 ms)
      ΓêÜ should reject invalid tenant UUID (6 ms)
      ΓêÜ should reject missing flag key (4 ms)
      ΓêÜ should reject empty flag key (4 ms)
      ΓêÜ should accept flag key with underscores (1 ms)
      ΓêÜ should accept flag key with hyphens (6 ms)
    flagValueSchema
      ΓêÜ should validate correct flag value data (5 ms)
      ΓêÜ should validate with enabled false (1 ms)
      ΓêÜ should reject missing enabled field (5 ms)
      ΓêÜ should reject non-boolean enabled value (7 ms)
      ΓêÜ should reject missing flag key (2 ms)
    tenantFlagQuerySchema
      ΓêÜ should validate correct tenant query
      ΓêÜ should reject invalid tenant UUID (3 ms)
      ΓêÜ should reject missing tenant ID (1 ms)

2026-07-16 11:19:39 [[32minfo[39m]: [FOLDER CREATED] C:\Users\Zed\Documents\Project\Callibrator\backend\backup
2026-07-16 11:19:39 [[32minfo[39m]: [FOLDER CREATED] C:\Users\Zed\Documents\Project\Callibrator\backend\log
2026-07-16 11:19:39 [[32minfo[39m]: [FOLDER CREATED] C:\Users\Zed\Documents\Project\Callibrator\backend\log\access
2026-07-16 11:19:39 [[32minfo[39m]: [FOLDER CREATED] C:\Users\Zed\Documents\Project\Callibrator\backend\log\activity
2026-07-16 11:19:39 [[32minfo[39m]: [FOLDER CREATED] C:\Users\Zed\Documents\Project\Callibrator\backend\log\activity\combined
2026-07-16 11:19:39 [[32minfo[39m]: [FOLDER CREATED] C:\Users\Zed\Documents\Project\Callibrator\backend\log\activity\error
2026-07-16 11:19:39 [[32minfo[39m]: [FOLDER CREATED] C:\Users\Zed\Documents\Project\Callibrator\backend\log\activity\exception
2026-07-16 11:19:39 [[32minfo[39m]: [FOLDER CREATED] C:\Users\Zed\Documents\Project\Callibrator\backend\log\activity\rejection
2026-07-16 11:19:39 [[32minfo[39m]: [FOLDER CREATED] C:\Users\Zed\Documents\Project\Callibrator\backend\uploads
2026-07-16 11:19:39 [[32minfo[39m]: [FOLDER CREATED] C:\Users\Zed\Documents\Project\Callibrator\backend\uploads\tenant
2026-07-16 11:19:39 [[32minfo[39m]: [FOLDER CREATED] C:\Users\Zed\Documents\Project\Callibrator\backend\uploads\profile
2026-07-16 11:19:39 [[32minfo[39m]: [FOLDER CREATED] C:\Users\Zed\Documents\Project\Callibrator\backend\uploads\attachments
2026-07-16 11:19:39 [[32minfo[39m]: [FOLDER CREATED] C:\Users\Zed\Documents\Project\Callibrator\backend\uploads\certificates
2026-07-16 11:19:39 [[32minfo[39m]: [FOLDER CREATED] C:\Users\Zed\Documents\Project\Callibrator\backend\data
2026-07-16 11:19:39 [[32minfo[39m]: [FOLDER CREATED] C:\Users\Zed\Documents\Project\Callibrator\backend\data\pgadmin
2026-07-16 11:19:39 [[32minfo[39m]: [FOLDER CREATED] C:\Users\Zed\Documents\Project\Callibrator\backend\data\postgres
2026-07-16 11:19:39 [[31merror[39m]: Failed to initialize folders: Disk error
PASS src/tests/services/rateLimiter.service.coverage.test.js
  rateLimiter.redis.service - coverage boost
    recordAuthFailure
      ΓêÜ should record a failed attempt for a user and return remaining attempts (148 ms)
      ΓêÜ should return a result with default config for unknown endpoint (1 ms)
      ΓêÜ should not throw when called with no params (6 ms)
      ΓêÜ should lock out user after exceeding max attempts (5 ms)
      ΓêÜ should handle error when updating user lockout (3 ms)
      ΓêÜ should handle token-based rate limiting (6 ms)
      ΓêÜ should revoke token after 3 failures with same token (7 ms)
      ΓêÜ should block token after 2x maxAttempts (18 ms)
      ΓêÜ should handle IP-based rate limiting (1 ms)
      ΓêÜ should block IP after 3x maxAttempts (9 ms)
    checkAuthLockout
      ΓêÜ should return locked false when no entry exists (8 ms)
      ΓêÜ should return locked true when user is locked (8 ms)
      ΓêÜ should return locked true when token is revoked (6 ms)
      ΓêÜ should return locked true when IP is blocked (2 ms)
    resetAuthFailures
      ΓêÜ should remove user rate limit entry from cache (7 ms)
      ΓêÜ should handle error when resetting user failed attempts (3 ms)
      ΓêÜ should remove token rate limit entry from cache (1 ms)
      ΓêÜ should not throw when called with no params (3 ms)
    revokeTokenByHash
      ΓêÜ should update Sessions when token is revoked (7 ms)
      ΓêÜ should return false when update throws (2 ms)
    revokeAllUserTokens
      ΓêÜ should revoke all sessions for a user (2 ms)
      ΓêÜ should return 0 when update throws (2 ms)
    isTokenBlocked
      ΓêÜ should return isBlocked false when no entry exists (5 ms)
      ΓêÜ should return isBlocked true when token is blocked (5 ms)
    isUserLockedOut
      ΓêÜ should return isLocked false when no entry exists (11 ms)
      ΓêÜ should return isLocked true when user is locked (7 ms)
      ΓêÜ should return false when lockout has expired (1 ms)
    getRateLimitStatus
      ΓêÜ should return status with user entry (9 ms)
      ΓêÜ should return status with token entry (1 ms)
      ΓêÜ should return empty status when no entries (8 ms)
      ΓêÜ should include IP status when provided (8 ms)
    clearUserRateLimits
      ΓêÜ should clear rate limits for a user (8 ms)
    endpointRateLimiter
      ΓêÜ should be a function (10 ms)
      ΓêÜ should use custom maxRequests when provided (1 ms)
      ΓêÜ should allow requests under the limit and set headers (7 ms)
      ΓêÜ should block requests over the limit (6 ms)
      ΓêÜ should handle custom default error message when description is not defined (2 ms)
      ΓêÜ should reset window when expired (4 ms)
    AUTH_ENDPOINTS config
      ΓêÜ should have all expected endpoints (4 ms)
      ΓêÜ should have maxAttempts, windowMs, and lockoutMs for each endpoint (6 ms)
      ΓêÜ login should have maxAttempts of 5 (1 ms)
      ΓêÜ forgotPassword should have maxAttempts of 3 (7 ms)
      ΓêÜ register should have maxAttempts of 3 (1 ms)
    API_ENDPOINTS config
      ΓêÜ should have all expected endpoints (6 ms)
    getAuthConfig / getApiConfig
      ΓêÜ should return config for known auth endpoint (1 ms)
      ΓêÜ should return default for unknown auth endpoint (8 ms)
      ΓêÜ should return config for known api endpoint (1 ms)
      ΓêÜ should return default for unknown api endpoint (7 ms)
    makeKey
      ΓêÜ should generate correct key format

PASS src/tests/middlewares/createFolder.test.js
  createFolder middleware
    ΓêÜ should create folders if they do not exist (39 ms)
    ΓêÜ should not create folders if they exist (8 ms)
    ΓêÜ should call process.exit on error (2 ms)

PASS src/tests/services/reporting.service.test.js
  reporting.service
    toCsv
      ΓêÜ builds a CSV and escapes commas/quotes (17 ms)
    getInventory
      ΓêÜ summarizes totals and low-stock (10 ms)
    getCompliance
      ΓêÜ computes the compliance rate (5 ms)
    getOverdueDevices
      ΓêÜ returns overdue devices with daysOverdue (5 ms)

PASS src/tests/services/search.service.test.js
  search.service
    ΓêÜ returns empty for a blank query without querying (7 ms)
    ΓêÜ runs FTS across types and merges results ranked by relevance (1 ms)
    ΓêÜ falls back to ILIKE when the FTS query throws (4 ms)
    ΓêÜ restricts to requested types (1 ms)

PASS src/tests/services/warehouse.service.test.js
  warehouse.service
    fetchWarehouses
      ΓêÜ should fetch warehouses successfully without find query (10 ms)
      ΓêÜ should fetch warehouses with find search term (6 ms)
      ΓêÜ should propagate database error (6 ms)
    fetchSpecificWarehouse
      ΓêÜ should fetch a warehouse successfully by id (2 ms)
      ΓêÜ should throw 404 if warehouse not found (5 ms)
      ΓêÜ should propagate database error (3 ms)
    createWarehouse
      ΓêÜ should throw 400 if validation fails (5 ms)
      ΓêÜ should throw 409 if warehouse code already exists (8 ms)
      ΓêÜ should create a warehouse successfully (2 ms)
      ΓêÜ should rollback transaction and throw error on database failure (14 ms)
      ΓêÜ should handle transaction start error (4 ms)
      ΓêÜ should handle rollback failure gracefully (1 ms)
    updateWarehouse
      ΓêÜ should throw 400 if validation fails (3 ms)
      ΓêÜ should throw 404 if warehouse not found (6 ms)
      ΓêÜ should throw 409 if updated code already exists on another warehouse (8 ms)
      ΓêÜ should update warehouse successfully (6 ms)
      ΓêÜ should fallback to current warehouse properties if not provided (8 ms)
      ΓêÜ should handle transaction start error in updateWarehouse (4 ms)
      ΓêÜ should handle rollback failure in updateWarehouse (7 ms)
    deleteWarehouse
      ΓêÜ should throw 404 if warehouse not found (2 ms)
      ΓêÜ should throw 400 if warehouse has active stocks (11 ms)
      ΓêÜ should delete warehouse successfully if no stock (3 ms)
      ΓêÜ should handle transaction start error in deleteWarehouse
      ΓêÜ should handle rollback failure in deleteWarehouse (4 ms)
      ΓêÜ should not rollback if transaction is finished in deleteWarehouse (5 ms)
    fetchLocations
      ΓêÜ should throw 404 if warehouse not found (3 ms)
      ΓêÜ should fetch locations successfully (1 ms)
    createLocation
      ΓêÜ should throw 400 if validation fails (1 ms)
      ΓêÜ should throw 404 if warehouse not found (2 ms)
      ΓêÜ should throw 409 if storage location code already exists in the warehouse (1 ms)
      ΓêÜ should create location successfully (6 ms)
      ΓêÜ should handle transaction start error in createLocation (3 ms)
      ΓêÜ should handle rollback failure in createLocation (1 ms)
    updateLocation
      ΓêÜ should throw 400 if validation fails (4 ms)
      ΓêÜ should throw 404 if storage location not found (1 ms)
      ΓêÜ should throw 409 if updated code already exists in the warehouse (8 ms)
      ΓêÜ should update location successfully (5 ms)
      ΓêÜ should fallback to current properties when not provided (1 ms)
      ΓêÜ should handle transaction start error in updateLocation (4 ms)
      ΓêÜ should handle rollback failure in updateLocation (4 ms)
    deleteLocation
      ΓêÜ should throw 404 if storage location not found (2 ms)
      ΓêÜ should throw 400 if storage location has active stocks (1 ms)
      ΓêÜ should delete storage location successfully (4 ms)
      ΓêÜ should handle transaction start error in deleteLocation (1 ms)
      ΓêÜ should handle rollback failure in deleteLocation (5 ms)

PASS src/tests/validators/workflow.validator.test.js
  Workflow Validators
    createWorkflowSchema
      ΓêÜ should validate correct workflow (28 ms)
      ΓêÜ should validate with all resource types (2 ms)
      ΓêÜ should validate with isActive true (15 ms)
      ΓêÜ should validate with isActive false (2 ms)
      ΓêÜ should validate with required approvals (6 ms)
      ΓêÜ should validate with multiple steps (1 ms)
      ΓêÜ should reject missing name (5 ms)
      ΓêÜ should reject missing resourceType (5 ms)
      ΓêÜ should reject invalid resourceType (1 ms)
      ΓêÜ should reject missing steps (3 ms)
      ΓêÜ should reject empty steps array (1 ms)
      ΓêÜ should reject step missing stepOrder (5 ms)
      ΓêÜ should reject step missing roleId (6 ms)
      ΓêÜ should reject step with invalid roleId UUID (3 ms)
    updateWorkflowSchema
      ΓêÜ should validate with partial update (1 ms)
      ΓêÜ should validate with isActive update (3 ms)
      ΓêÜ should validate with steps update (1 ms)
      ΓêÜ should validate with all fields (3 ms)
      ΓêÜ should reject invalid isActive value (7 ms)
    submitActionSchema
      ΓêÜ should validate APPROVED action (1 ms)
      ΓêÜ should validate REJECTED action (1 ms)
      ΓêÜ should validate with empty comments (4 ms)
      ΓêÜ should validate with null comments (2 ms)
      ΓêÜ should validate with actual comments (1 ms)
      ΓêÜ should reject missing action (3 ms)
      ΓêÜ should reject invalid action (1 ms)

2026-07-16 11:19:39 [[33mwarn[39m]: IP not in allowlist
2026-07-16 11:19:39 [[33mwarn[39m]: Geofence check failed
2026-07-16 11:19:39 [[33mwarn[39m]: IP not in allowlist
2026-07-16 11:19:39 [[33mwarn[39m]: Geofence check failed
PASS src/tests/services/networkSecurity.service.test.js
  networkSecurity.service
    IP Allowlist
      ΓêÜ returns empty allowlist when no setting exists (6 ms)
      ΓêÜ returns stored allowlist (1 ms)
      ΓêÜ sets allowlist (6 ms)
      ΓêÜ allows IP when no restrictions (5 ms)
      ΓêÜ allows IP in allowlist (1 ms)
      ΓêÜ blocks IP outside allowlist (9 ms)
    Geofence
      ΓêÜ returns null when no geofence set (1 ms)
      ΓêÜ sets geofence (1 ms)
      ΓêÜ allows location within geofence (1 ms)
      ΓêÜ blocks location outside geofence (7 ms)
    evaluateLoginSecurity
      ΓêÜ allows when both checks pass (2 ms)
      ΓêÜ requires step-up when IP blocked (8 ms)

  console.log
    === ALL MENU GROUPS IN DB ===

      at check (src/utils/checkMenu.util.js:12:13)

  console.log
    [
      {
        "id": 1,
        "name": "Test"
      }
    ]

      at check (src/utils/checkMenu.util.js:13:13)

  console.log
    === ALL ROLES IN DB ===

      at check (src/utils/checkMenu.util.js:17:13)

  console.log
    [
      {
        "id": 1,
        "name": "Admin"
      }
    ]

      at check (src/utils/checkMenu.util.js:18:13)

  console.log
    === ALL ROLE MENU PERMISSIONS IN DB ===

      at check (src/utils/checkMenu.util.js:24:13)

  console.log
    [
      {
        "id": 1
      }
    ]

      at check (src/utils/checkMenu.util.js:25:13)

  console.error
    Error: DB error
        at C:\Users\Zed\Documents\Project\Callibrator\backend\src\tests\utils\checkMenu.test.js:71:46
        at Runtime._requireMockWithId (C:\Users\Zed\Documents\Project\Callibrator\backend\node_modules\jest-runtime\build\index.js:3694:22)
        at Runtime.requireModuleOrMock (C:\Users\Zed\Documents\Project\Callibrator\backend\node_modules\jest-runtime\build\index.js:3740:21)
        at RequireBuilder.requireDispatch (C:\Users\Zed\Documents\Project\Callibrator\backend\node_modules\jest-runtime\build\index.js:3511:51)
        at moduleRequire (C:\Users\Zed\Documents\Project\Callibrator\backend\node_modules\jest-runtime\build\index.js:2951:138)
        at Object.<anonymous> (C:\Users\Zed\Documents\Project\Callibrator\backend\src\utils\checkMenu.util.js:3:23)
        at ModuleExecutor.exec (C:\Users\Zed\Documents\Project\Callibrator\backend\node_modules\jest-runtime\build\index.js:2078:26)
        at CjsLoader.loadModule (C:\Users\Zed\Documents\Project\Callibrator\backend\node_modules\jest-runtime\build\index.js:323:36)
        at CjsLoader.requireModule (C:\Users\Zed\Documents\Project\Callibrator\backend\node_modules\jest-runtime\build\index.js:289:12)
        at Runtime.requireModule (C:\Users\Zed\Documents\Project\Callibrator\backend\node_modules\jest-runtime\build\index.js:3657:27)
        at Runtime.requireModuleOrMock (C:\Users\Zed\Documents\Project\Callibrator\backend\node_modules\jest-runtime\build\index.js:3745:19)
        at RequireBuilder.requireDispatch (C:\Users\Zed\Documents\Project\Callibrator\backend\node_modules\jest-runtime\build\index.js:3511:51)
        at moduleRequire (C:\Users\Zed\Documents\Project\Callibrator\backend\node_modules\jest-runtime\build\index.js:2951:138)
        at Object.<anonymous> (C:\Users\Zed\Documents\Project\Callibrator\backend\src\tests\utils\checkMenu.test.js:75:5)
        at Promise.finally.completed (C:\Users\Zed\Documents\Project\Callibrator\backend\node_modules\jest-circus\build\jestAdapterInit.js:1561:28)
        at new Promise (<anonymous>)
        at callAsyncCircusFn (C:\Users\Zed\Documents\Project\Callibrator\backend\node_modules\jest-circus\build\jestAdapterInit.js:1501:10)
        at _callCircusTest (C:\Users\Zed\Documents\Project\Callibrator\backend\node_modules\jest-circus\build\jestAdapterInit.js:1011:40)
        at _runTest (C:\Users\Zed\Documents\Project\Callibrator\backend\node_modules\jest-circus\build\jestAdapterInit.js:951:3)
        at C:\Users\Zed\Documents\Project\Callibrator\backend\node_modules\jest-circus\build\jestAdapterInit.js:853:7
        at _runTestsForDescribeBlock (C:\Users\Zed\Documents\Project\Callibrator\backend\node_modules\jest-circus\build\jestAdapterInit.js:866:11)
        at _runTestsForDescribeBlock (C:\Users\Zed\Documents\Project\Callibrator\backend\node_modules\jest-circus\build\jestAdapterInit.js:861:11)
        at run (C:\Users\Zed\Documents\Project\Callibrator\backend\node_modules\jest-circus\build\jestAdapterInit.js:765:3)
        at runAndTransformResultsToJestFormat (C:\Users\Zed\Documents\Project\Callibrator\backend\node_modules\jest-circus\build\jestAdapterInit.js:1993:21)
        at jestAdapter (C:\Users\Zed\Documents\Project\Callibrator\backend\node_modules\jest-circus\build\runner.js:111:19)
        at runTestInternal (C:\Users\Zed\Documents\Project\Callibrator\backend\node_modules\jest-runner\build\testWorker.js:276:16)
        at runTest (C:\Users\Zed\Documents\Project\Callibrator\backend\node_modules\jest-runner\build\testWorker.js:344:7)
        at Object.worker (C:\Users\Zed\Documents\Project\Callibrator\backend\node_modules\jest-runner\build\testWorker.js:498:12)

    [0m [90m 26 |[39m     process[33m.[39mexit([35m0[39m)[33m;[39m
     [90m 27 |[39m   } [36mcatch[39m (err) {
    [31m[1m>[22m[39m[90m 28 |[39m     console[33m.[39merror(err)[33m;[39m
     [90m    |[39m             [31m[1m^[22m[39m
     [90m 29 |[39m     process[33m.[39mexit([35m1[39m)[33m;[39m
     [90m 30 |[39m   }
     [90m 31 |[39m }[0m

      at check (src/utils/checkMenu.util.js:28:13)

PASS src/tests/utils/checkMenu.test.js
  checkMenu util
    ΓêÜ should call process.exit(0) on success (215 ms)
    ΓêÜ should call process.exit(1) on error (44 ms)

PASS src/tests/controllers/stock.controller.test.js
  stockController
    getAllStocks
      ΓêÜ should fetch all stocks and return success response (14 ms)
    getSpecificStock
      ΓêÜ should fetch specific stock and return success response (12 ms)
    createStock
      ΓêÜ should create stock and return success response (6 ms)
    updateStock
      ΓêÜ should update stock and return success response (8 ms)
    deleteStock
      ΓêÜ should delete stock and return success response (5 ms)
    createAdjustment
      ΓêÜ should create stock adjustment and return success response (6 ms)
    getAdjustments
      ΓêÜ should fetch adjustments and return success response (7 ms)
    createTransfer
      ΓêÜ should create stock transfer and return success response (6 ms)
    updateTransferStatus
      ΓêÜ should update transfer status and return success response (7 ms)
    getTransfers
      ΓêÜ should fetch transfers and return success response (4 ms)
    createOpname
      ΓêÜ should create stock opname and return success response (7 ms)
    updateOpnameStatus
      ΓêÜ should update opname status and return success response (5 ms)
    getOpnames
      ΓêÜ should fetch opnames and return success response (4 ms)
    getInventoryReport
      ΓêÜ should get inventory report and call success helper (6 ms)
    exportInventoryCsv
      ΓêÜ should export inventory CSV and write headers and send output successfully (8 ms)

PASS src/tests/validators/user.validator.test.js
  user.validator
    getAllUsersQuery
      ΓêÜ should accept valid query with defaults (7 ms)
      ΓêÜ should accept valid query with custom values (1 ms)
      ΓêÜ should reject invalid page (6 ms)
      ΓêÜ should reject limit over max (8 ms)
      ΓêÜ should accept null status (1 ms)
      ΓêÜ should accept empty string status (5 ms)
      ΓêÜ should reject invalid tenantId (not UUID) (1 ms)
    createUserSchema
      ΓêÜ should accept valid user data (5 ms)
      ΓêÜ should normalize status to uppercase (3 ms)
      ΓêÜ should reject missing username (1 ms)
      ΓêÜ should reject username too short (3 ms)
      ΓêÜ should reject non-alphanumeric username (1 ms)
      ΓêÜ should reject invalid email (5 ms)
      ΓêÜ should reject short password (5 ms)
      ΓêÜ should reject missing roleId (4 ms)
      ΓêÜ should lowercase email and username (9 ms)
      ΓêÜ should accept null tenantId (7 ms)
      ΓêÜ should reject invalid status value (5 ms)
      ΓêÜ should accept null status and skip uppercase transformation (9 ms)
    updateUserSchema
      ΓêÜ should accept partial update (4 ms)
      ΓêÜ should reject invalid email (1 ms)
      ΓêÜ should normalize status to uppercase (7 ms)
      ΓêÜ should reject username too short (5 ms)
      ΓêÜ should lowercase email (4 ms)
      ΓêÜ should reject empty firstName (6 ms)
      ΓêÜ should accept all fields (1 ms)
    userParamSchema
      ΓêÜ should accept valid userId (2 ms)
      ΓêÜ should reject missing userId (1 ms)
      ΓêÜ should reject invalid userId format (5 ms)
    updateRoleSchema
      ΓêÜ should accept valid userId and roleId (1 ms)
      ΓêÜ should reject missing userId (5 ms)
      ΓêÜ should reject missing roleId (1 ms)
    usernameCheckSchema
      ΓêÜ should accept valid username (5 ms)
      ΓêÜ should reject missing username (6 ms)
      ΓêÜ should reject short username (1 ms)
      ΓêÜ should reject non-alphanumeric username (1 ms)
    validate
      ΓêÜ should return error for invalid data (7 ms)
      ΓêÜ should return value for valid data (8 ms)
      ΓêÜ should strip unknown keys (1 ms)
    formatErrors
      ΓêÜ should format a single error (4 ms)
      ΓêÜ should format nested path errors (5 ms)
      ΓêÜ should format multiple errors (1 ms)

  console.warn
    Socket.io emit failed (server might be booting): Socket not ready

    [0m [90m 49 |[39m       emitter[33m.[39memit([32m"new_notification"[39m[33m,[39m transformed)[33m;[39m
     [90m 50 |[39m     } [36mcatch[39m (socketErr) {
    [31m[1m>[22m[39m[90m 51 |[39m       console[33m.[39mwarn([32m"Socket.io emit failed (server might be booting):"[39m[33m,[39m socketErr[33m.[39mmessage)[33m;[39m
     [90m    |[39m               [31m[1m^[22m[39m
     [90m 52 |[39m     }
     [90m 53 |[39m
     [90m 54 |[39m     [90m// --- Additional channels (email/sms), opt-in via data.channels ---[39m[0m

      at exports.emitNotification (src/services/notification.service.js:51:15)
      at Object.<anonymous> (src/tests/services/notification.service.test.js:157:22)

  console.error
    Failed to emit notification: Error: DB down
        at Object.<anonymous> (C:\Users\Zed\Documents\Project\Callibrator\backend\src\tests\services\notification.service.test.js:164:49)
        at Promise.finally.completed (C:\Users\Zed\Documents\Project\Callibrator\backend\node_modules\jest-circus\build\jestAdapterInit.js:1561:28)
        at new Promise (<anonymous>)
        at callAsyncCircusFn (C:\Users\Zed\Documents\Project\Callibrator\backend\node_modules\jest-circus\build\jestAdapterInit.js:1501:10)
        at _callCircusTest (C:\Users\Zed\Documents\Project\Callibrator\backend\node_modules\jest-circus\build\jestAdapterInit.js:1011:40)
        at processTicksAndRejections (node:internal/process/task_queues:104:5)
        at _runTest (C:\Users\Zed\Documents\Project\Callibrator\backend\node_modules\jest-circus\build\jestAdapterInit.js:951:3)
        at C:\Users\Zed\Documents\Project\Callibrator\backend\node_modules\jest-circus\build\jestAdapterInit.js:853:7
        at _runTestsForDescribeBlock (C:\Users\Zed\Documents\Project\Callibrator\backend\node_modules\jest-circus\build\jestAdapterInit.js:866:11)
        at _runTestsForDescribeBlock (C:\Users\Zed\Documents\Project\Callibrator\backend\node_modules\jest-circus\build\jestAdapterInit.js:861:11)
        at _runTestsForDescribeBlock (C:\Users\Zed\Documents\Project\Callibrator\backend\node_modules\jest-circus\build\jestAdapterInit.js:861:11)
        at run (C:\Users\Zed\Documents\Project\Callibrator\backend\node_modules\jest-circus\build\jestAdapterInit.js:765:3)
        at runAndTransformResultsToJestFormat (C:\Users\Zed\Documents\Project\Callibrator\backend\node_modules\jest-circus\build\jestAdapterInit.js:1993:21)
        at jestAdapter (C:\Users\Zed\Documents\Project\Callibrator\backend\node_modules\jest-circus\build\runner.js:111:19)
        at runTestInternal (C:\Users\Zed\Documents\Project\Callibrator\backend\node_modules\jest-runner\build\testWorker.js:276:16)
        at runTest (C:\Users\Zed\Documents\Project\Callibrator\backend\node_modules\jest-runner\build\testWorker.js:344:7)
        at Object.worker (C:\Users\Zed\Documents\Project\Callibrator\backend\node_modules\jest-runner\build\testWorker.js:498:12)

    [0m [90m 87 |[39m     [36mreturn[39m transformed[33m;[39m
     [90m 88 |[39m   } [36mcatch[39m (error) {
    [31m[1m>[22m[39m[90m 89 |[39m     console[33m.[39merror([32m"Failed to emit notification:"[39m[33m,[39m error)[33m;[39m
     [90m    |[39m             [31m[1m^[22m[39m
     [90m 90 |[39m     [90m// We don't throw here to prevent blocking main flows (like stock reduction) if notification fails[39m
     [90m 91 |[39m     [36mreturn[39m [36mnull[39m[33m;[39m
     [90m 92 |[39m   }[0m

      at exports.emitNotification (src/services/notification.service.js:89:13)
      at Object.<anonymous> (src/tests/services/notification.service.test.js:166:22)

PASS src/tests/services/predictiveMaintenance.service.test.js
  predictiveMaintenance.service
    analyzeDevice
      ΓêÜ should throw error when device not found (19 ms)
      ΓêÜ should throw error when device has no baseline interval (1 ms)
      ΓêÜ should skip when not enough IoT readings (1 ms)
      ΓêÜ should shorten interval by 50% when anomaly rate > 5% (5 ms)
      ΓêÜ should shorten interval by 20% when anomaly rate is 1-5% (6 ms)
      ΓêÜ should extend interval by 20% when zero anomalies and large sample (6 ms)
      ΓêÜ should return unchanged when stable with no change needed (1 ms)
      ΓêÜ should respect minimum interval of 1 day when shortening (2 ms)
      ΓêÜ should include device name in notification (7 ms)
      ΓêÜ should use correct tenantId and deviceId filters for IoT readings (1 ms)

  console.warn
    Socket.io emit failed (server might be booting): Socket not ready

    [0m [90m 49 |[39m       emitter[33m.[39memit([32m"new_notification"[39m[33m,[39m transformed)[33m;[39m
     [90m 50 |[39m     } [36mcatch[39m (socketErr) {
    [31m[1m>[22m[39m[90m 51 |[39m       console[33m.[39mwarn([32m"Socket.io emit failed (server might be booting):"[39m[33m,[39m socketErr[33m.[39mmessage)[33m;[39m
     [90m    |[39m               [31m[1m^[22m[39m
     [90m 52 |[39m     }
     [90m 53 |[39m
     [90m 54 |[39m     [90m// --- Additional channels (email/sms), opt-in via data.channels ---[39m[0m

      at exports.emitNotification (src/services/notification.service.js:51:15)
      at Object.<anonymous> (src/tests/services/notification.service.test.js:178:7)

PASS src/tests/services/finance.service.test.js
  finance.service
    computeDepreciation
      ΓêÜ straight line: half-life point depreciates half the base (12 ms)
      ΓêÜ straight line: never depreciates below salvage value (5 ms)
      ΓêÜ straight line: zero age means zero accumulated depreciation (7 ms)
      ΓêÜ declining balance: floors at salvage value (1 ms)
      ΓêÜ declining balance: uses double-declining rate on book value (6 ms)
      ΓêÜ clamps salvage above price to price (no negative base) (1 ms)
    fetchAssetFinances
      ΓêÜ returns paginated rows with computed depreciation (5 ms)
      ΓêÜ applies deviceId and method filters (5 ms)
    getAssetFinanceById
      ΓêÜ throws 404 when not found (6 ms)
      ΓêÜ returns the record with depreciation (4 ms)
    createAssetFinance
      ΓêÜ throws 404 when the device does not exist in the tenant (2 ms)
      ΓêÜ throws 409 when an active record already exists for the device (1 ms)
      ΓêÜ creates a record and returns 201 with depreciation (6 ms)
      ΓêÜ revives a soft-deleted record instead of violating the unique index (1 ms)
    updateAssetFinance
      ΓêÜ throws 404 when not found (7 ms)
      ΓêÜ updates and returns the record (9 ms)
    deleteAssetFinance
      ΓêÜ throws 404 when not found (2 ms)
      ΓêÜ soft-deletes the record (2 ms)
    getDepreciationReport
      ΓêÜ throws 400 on an invalid asOf date (1 ms)
      ΓêÜ aggregates totals and builds a CSV scaffold (4 ms)
      ΓêÜ handles missing device relation gracefully (5 ms)

PASS src/tests/services/notification.service.test.js
  notification.service
    emitNotification
      ΓêÜ should create and emit a notification via socket.io (7 ms)
      ΓêÜ should emit to tenant room when userId not provided (2 ms)
      ΓêÜ should not fail when socket.io throws (248 ms)
      ΓêÜ should return null when Notification.create fails (21 ms)
      ΓêÜ should dispatch email/sms channels when specified (11 ms)
    fetchUserNotifications
      ΓêÜ should fetch notifications with pagination for a user (5 ms)
      ΓêÜ should fetch for super admin (all tenants) (1 ms)
      ΓêÜ should filter by isRead (9 ms)
      ΓêÜ should filter by type (1 ms)
      ΓêÜ should use safeLimit with MAX_LIMIT cap (9 ms)
      ΓêÜ should propagate error on failure (5 ms)
    markAsRead
      ΓêÜ should mark a notification as read (8 ms)
      ΓêÜ should throw 404 when notification not found (4 ms)
    markAllAsRead
      ΓêÜ should mark all notifications as read for a user (4 ms)
      ΓêÜ should throw on database error (5 ms)
    deleteNotification
      ΓêÜ should delete a notification (10 ms)
      ΓêÜ should throw 404 when notification not found (1 ms)
      ΓêÜ should throw on database error (1 ms)

  console.error
    SSO CRYPTO ERROR: Error: Crypto error
        at Object.<anonymous> (C:\Users\Zed\Documents\Project\Callibrator\backend\src\tests\services\sso.service.test.js:216:15)
        at C:\Users\Zed\Documents\Project\Callibrator\backend\node_modules\jest-mock\build\index.js:305:39
        at Object.<anonymous> (C:\Users\Zed\Documents\Project\Callibrator\backend\node_modules\jest-mock\build\index.js:312:13)
        at Object.mockConstructor [as createVerify] (C:\Users\Zed\Documents\Project\Callibrator\backend\node_modules\jest-mock\build\index.js:102:19)
        at Object.exports.parseAndVerifyResponse (C:\Users\Zed\Documents\Project\Callibrator\backend\src\services\sso.service.js:147:31)
        at Object.<anonymous> (C:\Users\Zed\Documents\Project\Callibrator\backend\src\tests\services\sso.service.test.js:219:31)
        at Promise.finally.completed (C:\Users\Zed\Documents\Project\Callibrator\backend\node_modules\jest-circus\build\jestAdapterInit.js:1561:28)
        at new Promise (<anonymous>)
        at callAsyncCircusFn (C:\Users\Zed\Documents\Project\Callibrator\backend\node_modules\jest-circus\build\jestAdapterInit.js:1501:10)
        at _callCircusTest (C:\Users\Zed\Documents\Project\Callibrator\backend\node_modules\jest-circus\build\jestAdapterInit.js:1011:40)
        at processTicksAndRejections (node:internal/process/task_queues:104:5)
        at _runTest (C:\Users\Zed\Documents\Project\Callibrator\backend\node_modules\jest-circus\build\jestAdapterInit.js:951:3)
        at C:\Users\Zed\Documents\Project\Callibrator\backend\node_modules\jest-circus\build\jestAdapterInit.js:853:7
        at _runTestsForDescribeBlock (C:\Users\Zed\Documents\Project\Callibrator\backend\node_modules\jest-circus\build\jestAdapterInit.js:866:11)
        at _runTestsForDescribeBlock (C:\Users\Zed\Documents\Project\Callibrator\backend\node_modules\jest-circus\build\jestAdapterInit.js:861:11)
        at _runTestsForDescribeBlock (C:\Users\Zed\Documents\Project\Callibrator\backend\node_modules\jest-circus\build\jestAdapterInit.js:861:11)
        at run (C:\Users\Zed\Documents\Project\Callibrator\backend\node_modules\jest-circus\build\jestAdapterInit.js:765:3)
        at runAndTransformResultsToJestFormat (C:\Users\Zed\Documents\Project\Callibrator\backend\node_modules\jest-circus\build\jestAdapterInit.js:1993:21)
        at jestAdapter (C:\Users\Zed\Documents\Project\Callibrator\backend\node_modules\jest-circus\build\runner.js:111:19)
        at runTestInternal (C:\Users\Zed\Documents\Project\Callibrator\backend\node_modules\jest-runner\build\testWorker.js:276:16)
        at runTest (C:\Users\Zed\Documents\Project\Callibrator\backend\node_modules\jest-runner\build\testWorker.js:344:7)
        at Object.worker (C:\Users\Zed\Documents\Project\Callibrator\backend\node_modules\jest-runner\build\testWorker.js:498:12)

    [0m [90m 160 |[39m       }
     [90m 161 |[39m     } [36mcatch[39m (err) {
    [31m[1m>[22m[39m[90m 162 |[39m       console[33m.[39merror([32m"SSO CRYPTO ERROR:"[39m[33m,[39m err)[33m;[39m
     [90m     |[39m               [31m[1m^[22m[39m
     [90m 163 |[39m       logger[33m.[39merror([32m"SAML cryptographic verification failed"[39m[33m,[39m {
     [90m 164 |[39m         error[33m:[39m err[33m.[39mmessage[33m,[39m
     [90m 165 |[39m       })[33m;[39m[0m

      at Object.exports.parseAndVerifyResponse (src/services/sso.service.js:162:15)
      at Object.<anonymous> (src/tests/services/sso.service.test.js:219:31)

PASS src/tests/controllers/calibrationRecords.controller.test.js
  calibrationRecordsController
    getAllCalibrationRecords
      ΓêÜ should fetch all records successfully (29 ms)
      ΓêÜ should call error response when validation fails (8 ms)
    getSpecificCalibrationRecord
      ΓêÜ should fetch specific record successfully (9 ms)
    createCalibrationRecord
      ΓêÜ should create record successfully (17 ms)
    updateCalibrationRecord
      ΓêÜ should update record successfully (20 ms)
    deleteCalibrationRecord
      ΓêÜ should delete record successfully (15 ms)

PASS src/tests/services/tenantBackup.service.test.js
  Tenant Backup Service
    createBackup
      ΓêÜ should create a backup successfully (16 ms)
      ΓêÜ should handle backup creation failure (7 ms)
    downloadBackup
      ΓêÜ should return backup file path and metadata (9 ms)
      ΓêÜ should throw error if backup not found (3 ms)
      ΓêÜ should throw error if backup is not ready (25 ms)
    restoreBackup
      ΓêÜ should restore a backup successfully (8 ms)
      ΓêÜ should throw error if backup not found (10 ms)
      ΓêÜ should throw error if backup file missing (11 ms)
      ΓêÜ should restore a backup successfully with mergeData=false (17 ms)
    deleteBackup
      ΓêÜ should delete a backup successfully (12 ms)
      ΓêÜ should throw error if backup not found (13 ms)
      ΓêÜ should handle file deletion failure gracefully (1 ms)
    getBackupStats
      ΓêÜ should return backup statistics (15 ms)
    cleanupExpiredBackups
      ΓêÜ should clean up expired backups successfully (12 ms)
      ΓêÜ should handle error during deletion gracefully (5 ms)
    deleteBackup failure handling
      ΓêÜ should handle deletion failure and revert status (8 ms)

PASS src/tests/services/sso.service.test.js
  sso.service
    generateAuthnRequest
      ΓêÜ should generate a valid SAML AuthnRequest URL (25 ms)
      ΓêÜ should generate URL using default SP settings if not configured (4 ms)
    parseAndVerifyResponse
      ΓêÜ should throw error if SAMLResponse is missing (18 ms)
      ΓêÜ should parse valid SAML Response attributes successfully without signature validation (17 ms)
      ΓêÜ should parse fallback attributes when NameID is missing or invalid (8 ms)
      ΓêÜ should throw error if no email attribute is found (15 ms)
      ΓêÜ should verify signature successfully when cert is provided (19 ms)
      ΓêÜ should throw error if signature elements are missing but cert is provided (13 ms)
      ΓêÜ should throw error if signature verification fails (9 ms)
      ΓêÜ should throw error if signature verification errors out (311 ms)
      ΓêÜ should throw error if conditions (expiry check) fail (9 ms)
    provisionUser
      ΓêÜ should return the existing user if already present (12 ms)
      ΓêÜ should throw error if existing user is suspended (8 ms)
      ΓêÜ should create and JIT-provision user if they do not exist (39 ms)
      ΓêÜ should rollback transaction and throw error on creation failure (20 ms)

PASS src/tests/controllers/customDomains.controller.test.js
  customDomainsController
    getCustomDomains
      ΓêÜ should return custom domains successfully (32 ms)
    addCustomDomain
      ΓêÜ should add a custom domain successfully (26 ms)
      ΓêÜ should use defaults when type and sslEnabled are missing (9 ms)
    verifyDomain
      ΓêÜ should initiate domain verification (15 ms)
    removeCustomDomain
      ΓêÜ should remove a custom domain (11 ms)
      ΓêÜ should handle removal errors (107 ms)
    getDomainStatus
      ΓêÜ should return domain status (15 ms)
    setDefaultDomain
      ΓêÜ should set default domain (2 ms)
    getDnsRecords
      ΓêÜ should return DNS records (2 ms)

PASS src/tests/services/content.service.test.js
  listPosts
    ΓêÜ should return paginated posts (32 ms)
    ΓêÜ should filter by type and status (18 ms)
    ΓêÜ should filter by category (5 ms)
    ΓêÜ should return error object when query fails (17 ms)
  getPostById
    ΓêÜ should return post with categories (12 ms)
    ΓêÜ should throw 404 when post not found (9 ms)
  createPost
    ΓêÜ should create a post and return it (12 ms)
    ΓêÜ should stamp publishedAt when publishing (9 ms)
    ΓêÜ should stamp publishedAt when publishing (10 ms)
  updatePost
    ΓêÜ should update post fields (11 ms)
    ΓêÜ should throw 404 when post not found (6 ms)
  deletePost
    ΓêÜ should soft-delete the post (5 ms)
    ΓêÜ should throw 404 when post not found (5 ms)
  checkSlug
    ΓêÜ should return available: true when slug is free (8 ms)
    ΓêÜ should return available: false when slug is taken (33 ms)
    ΓêÜ should return slug 'post' for empty input (slugify fallback) (10 ms)
  listPublishedPosts
    ΓêÜ should return only published posts (11 ms)
  getPublishedPostBySlug
    ΓêÜ should return a published post by slug (7 ms)
    ΓêÜ should throw 404 when post not found (12 ms)
  listCategories
    ΓêÜ should return all categories (47 ms)
  createCategory
    ΓêÜ should create a category with unique slug (31 ms)
  updateCategory
    ΓêÜ should update category fields (35 ms)
    ΓêÜ should throw 404 when category not found (13 ms)
  deleteCategory
    ΓêÜ should soft-delete the category (15 ms)
    ΓêÜ should throw 404 when category not found (11 ms)

PASS src/tests/services/tenant.service.test.js
  tenant Service
    fetchTenants
      ΓêÜ should return paginated tenants (17 ms)
      ΓêÜ should return cached result for first page (9 ms)
      ΓêÜ should search by name, code, description (20 ms)
    fetchSpecificTenant
      ΓêÜ should return tenant by id (2 ms)
      ΓêÜ should return cached result (9 ms)
      ΓêÜ should return 404 when tenant not found (1 ms)
    getTenantByIdForMiddleware
      ΓêÜ should return tenant with limited attributes (14 ms)
    getTenantByCodeForMiddleware
      ΓêÜ should return active tenant by code (10 ms)
    getPublicBranding
      ΓêÜ should return branding data (8 ms)
      ΓêÜ should return cached branding (6 ms)
      ΓêÜ should return null when tenant not found (4 ms)
      ΓêÜ should only return active tenants (4 ms)
    createTenant
      ΓêÜ should create a new tenant (14 ms)
      ΓêÜ should throw error for duplicate code (44 ms)
      ΓêÜ should throw error for duplicate name (24 ms)
    updateTenant
      ΓêÜ should update a tenant (8 ms)
      ΓêÜ should return 404 when tenant not found (8 ms)
    deleteTenant
      ΓêÜ should delete a tenant with no users (93 ms)
      ΓêÜ should not delete tenant with users (12 ms)
      ΓêÜ should return 404 when tenant not found (15 ms)
    getTenantSettings
      ΓêÜ should return tenant settings (3 ms)
      ΓêÜ should return cached settings (5 ms)
      ΓêÜ should return 404 when tenant not found (11 ms)
    updateTenantSettings
      ΓêÜ should update tenant settings (11 ms)
      ΓêÜ should return 404 when tenant not found (2 ms)
    getTenantUserCount
      ΓêÜ should return user count (17 ms)
      ΓêÜ should return 404 when tenant not found (13 ms)

PASS src/tests/validators/tenantHierarchy.validator.test.js
  Tenant Hierarchy Validators
    createSubOrganization
      ΓêÜ should validate correct sub-organization data (15 ms)
      ΓêÜ should reject name that is too short (82 ms)
      ΓêÜ should reject name that is too long (24 ms)
      ΓêÜ should reject missing name (9 ms)
    addChild
      ΓêÜ should validate with default plan (7 ms)
      ΓêÜ should validate with custom plan (9 ms)
      ΓêÜ should validate with code and settings (46 ms)
      ΓêÜ should reject name that is too short (29 ms)
      ΓêÜ should reject code that is too long (23 ms)
      ΓêÜ should reject missing name (15 ms)
      ΓêÜ should reject invalid plan (12 ms)
    assignRole
      ΓêÜ should validate with default scope (10 ms)
      ΓêÜ should validate with self scope (1 ms)
      ΓêÜ should reject invalid role UUID (24 ms)
      ΓêÜ should reject missing role ID (14 ms)
      ΓêÜ should reject invalid scope (15 ms)

  console.error
    Failed to write audit log (CRITICAL): Error: DB down
        at Object.<anonymous> (C:\Users\Zed\Documents\Project\Callibrator\backend\src\tests\services\audit.service.test.js:80:45)
        at Promise.finally.completed (C:\Users\Zed\Documents\Project\Callibrator\backend\node_modules\jest-circus\build\jestAdapterInit.js:1561:28)
        at new Promise (<anonymous>)
        at callAsyncCircusFn (C:\Users\Zed\Documents\Project\Callibrator\backend\node_modules\jest-circus\build\jestAdapterInit.js:1501:10)
        at _callCircusTest (C:\Users\Zed\Documents\Project\Callibrator\backend\node_modules\jest-circus\build\jestAdapterInit.js:1011:40)
        at processTicksAndRejections (node:internal/process/task_queues:104:5)
        at _runTest (C:\Users\Zed\Documents\Project\Callibrator\backend\node_modules\jest-circus\build\jestAdapterInit.js:951:3)
        at C:\Users\Zed\Documents\Project\Callibrator\backend\node_modules\jest-circus\build\jestAdapterInit.js:853:7
        at _runTestsForDescribeBlock (C:\Users\Zed\Documents\Project\Callibrator\backend\node_modules\jest-circus\build\jestAdapterInit.js:866:11)
        at _runTestsForDescribeBlock (C:\Users\Zed\Documents\Project\Callibrator\backend\node_modules\jest-circus\build\jestAdapterInit.js:861:11)
        at _runTestsForDescribeBlock (C:\Users\Zed\Documents\Project\Callibrator\backend\node_modules\jest-circus\build\jestAdapterInit.js:861:11)
        at run (C:\Users\Zed\Documents\Project\Callibrator\backend\node_modules\jest-circus\build\jestAdapterInit.js:765:3)
        at runAndTransformResultsToJestFormat (C:\Users\Zed\Documents\Project\Callibrator\backend\node_modules\jest-circus\build\jestAdapterInit.js:1993:21)
        at jestAdapter (C:\Users\Zed\Documents\Project\Callibrator\backend\node_modules\jest-circus\build\runner.js:111:19)
        at runTestInternal (C:\Users\Zed\Documents\Project\Callibrator\backend\node_modules\jest-runner\build\testWorker.js:276:16)
        at runTest (C:\Users\Zed\Documents\Project\Callibrator\backend\node_modules\jest-runner\build\testWorker.js:344:7)
        at Object.worker (C:\Users\Zed\Documents\Project\Callibrator\backend\node_modules\jest-runner\build\testWorker.js:498:12)

    [0m [90m 45 |[39m     [36mreturn[39m transformLog(newLog)[33m;[39m
     [90m 46 |[39m   } [36mcatch[39m (error) {
    [31m[1m>[22m[39m[90m 47 |[39m     console[33m.[39merror([32m"Failed to write audit log (CRITICAL):"[39m[33m,[39m error)[33m;[39m
     [90m    |[39m             [31m[1m^[22m[39m
     [90m 48 |[39m     [90m// Depending on strictness of compliance, you may want to THROW here to block[39m
     [90m 49 |[39m     [90m// the underlying transaction if logging fails. For now, we return null.[39m
     [90m 50 |[39m     [36mreturn[39m [36mnull[39m[33m;[39m[0m

      at Object.exports.logAction (src/services/audit.service.js:47:13)
      at Object.<anonymous> (src/tests/services/audit.service.test.js:82:22)

PASS src/tests/services/audit.service.test.js
  audit.service
    logAction
      ΓêÜ should create an audit log entry (4 ms)
      ΓêÜ should include optional fields (4 ms)
      ΓêÜ should return null on error without throwing (649 ms)
      ΓêÜ should default resourceId to null when not provided (12 ms)
    fetchAuditLogs
      ΓêÜ should return paginated audit logs with defaults (28 ms)
      ΓêÜ should filter by userId (10 ms)
      ΓêÜ should filter by resourceType (13 ms)
      ΓêÜ should filter by action (8 ms)
      ΓêÜ should filter by date range using Op.gte/Op.lte (5 ms)
      ΓêÜ should return empty results when no logs match (3 ms)
      ΓêÜ should apply MAX_LIMIT cap on limit (7 ms)
      ΓêÜ should throw on DB error (6 ms)

PASS src/tests/services/certificate.service.test.js
  certificate.service
    fetchCertificates
      ΓêÜ should fetch certificates successfully without options (50 ms)
      ΓêÜ should fetch certificates with options (deviceId, status, type, certNum, date limits, sorting) (9 ms)
      ΓêÜ should handle error during fetching (61 ms)
    fetchSpecificCertificate
      ΓêÜ should fetch specific certificate successfully (42 ms)
      ΓêÜ should return 404 if not found (17 ms)
      ΓêÜ should handle error during specific fetching (17 ms)
    createCertificate
      ΓêÜ should return 404 if device is not found or belongs to another tenant (13 ms)
      ΓêÜ should create certificate successfully (14 ms)
      ΓêÜ should handle error during creation (14 ms)
    updateCertificate
      ΓêÜ should return 404 if certificate is not found (15 ms)
      ΓêÜ should return 400 if certificate status is SIGNED or REVOKED (2 ms)
      ΓêÜ should update certificate successfully (8 ms)
      ΓêÜ should handle error during update (6 ms)
    deleteCertificate
      ΓêÜ should return 404 if certificate is not found (7 ms)
      ΓêÜ should return 400 if certificate is signed (5 ms)
      ΓêÜ should delete certificate successfully (1 ms)
      ΓêÜ should handle error during delete (5 ms)
    approveCertificate
      ΓêÜ should return 404 if not found (3 ms)
      ΓêÜ should approve certificate successfully (4 ms)
      ΓêÜ should handle error during approval (6 ms)
    signCertificate
      ΓêÜ should return 404 if not found (7 ms)
      ΓêÜ should sign certificate successfully (6 ms)
      ΓêÜ should handle error during signing (14 ms)
    revokeCertificate
      ΓêÜ should return 404 if not found (4 ms)
      ΓêÜ should revoke certificate successfully (9 ms)
      ΓêÜ should handle error during revocation (9 ms)
    getCertificateStats
      ΓêÜ should fetch statistics successfully (5 ms)
      ΓêÜ should handle error during stats fetching (5 ms)

PASS src/tests/validators/oidc.validator.test.js
  OIDC Validators
    oidcClientSchema
      ΓêÜ should validate correct OIDC client (73 ms)
      ΓêÜ should validate with default scopes (16 ms)
      ΓêÜ should validate with default grant types (6 ms)
      ΓêÜ should validate with custom scopes (8 ms)
      ΓêÜ should validate with custom grant types (2 ms)
      ΓêÜ should validate multiple redirect URIs (5 ms)
      ΓêÜ should validate single redirect URI (7 ms)
      ΓêÜ should reject missing name (5 ms)
      ΓêÜ should reject missing redirect URIs (6 ms)
      ΓêÜ should reject invalid URI in redirect URIs (1 ms)

PASS src/tests/validators/auth.validator.test.js
  Auth Validators
    registerSchema
      ΓêÜ should validate correct registration data (8 ms)
      ΓêÜ should reject missing required fields (5 ms)
      ΓêÜ should reject invalid email (5 ms)
      ΓêÜ should reject weak password (5 ms)
      ΓêÜ should allow null lastName (1 ms)
    loginSchema
      ΓêÜ should validate correct login data with email (5 ms)
      ΓêÜ should validate correct login data with username (1 ms)
      ΓêÜ should reject missing password (8 ms)
      ΓêÜ should accept optional ip and userAgent (2 ms)
      ΓêÜ should validate correct login data with username as key (5 ms)
      ΓêÜ should validate correct login data with email as key (4 ms)
      ΓêÜ should reject when all identity fields (user, username, email) are missing (7 ms)
    forgotPasswordSchema
      ΓêÜ should validate correct email (1 ms)
      ΓêÜ should reject invalid email (5 ms)
    resetPasswordSchema
      ΓêÜ should validate correct data (6 ms)
      ΓêÜ should reject missing otp (4 ms)
    formatErrors
      ΓêÜ should format error details correctly (1 ms)
      ΓêÜ should handle nested paths

PASS src/tests/validators/tenantBackup.validator.test.js
  Tenant Backup Validators
    createBackupSchema
      ΓêÜ should validate correct backup request (9 ms)
      ΓêÜ should validate with custom backup type (6 ms)
      ΓêÜ should validate with custom retention days (5 ms)
      ΓêÜ should validate with all fields (5 ms)
      ΓêÜ should reject name that is too short (5 ms)
      ΓêÜ should reject name that is too long (2 ms)
      ΓêÜ should reject missing name (5 ms)
      ΓêÜ should reject invalid backup type (7 ms)
      ΓêÜ should reject retention days below minimum (1 ms)
      ΓêÜ should reject retention days above maximum (9 ms)
      ΓêÜ should reject non-integer retention days (1 ms)
      ΓêÜ should reject description that is too long (4 ms)
      ΓêÜ should reject tag that is too long (1 ms)
    restoreBackupSchema
      ΓêÜ should validate with default mergeData (6 ms)
      ΓêÜ should validate with mergeData true (1 ms)
      ΓêÜ should reject non-boolean mergeData (4 ms)
    formatErrors
      ΓêÜ should format error details correctly (1 ms)
      ΓêÜ should handle nested field paths (3 ms)
      ΓêÜ should return empty array for empty input (2 ms)

PASS src/tests/services/stock.service.test.js
  stock.service
    fetchStocks
      ΓêÜ should fetch stocks successfully with all query params (17 ms)
      ΓêÜ should fetch stocks without optional parameters (2 ms)
      ΓêÜ should propagate error on failure (6 ms)
    fetchSpecificStock
      ΓêÜ should fetch specific stock successfully by ID (4 ms)
      ΓêÜ should throw 404 if stock not found (9 ms)
    createStock
      ΓêÜ should throw 400 if validation fails (9 ms)
      ΓêÜ should throw 404 if warehouse not found (2 ms)
      ΓêÜ should throw 404 if storage location not found in warehouse (1 ms)
      ΓêÜ should throw 409 if duplicate stock SKU/serial number already exists (10 ms)
      ΓêÜ should create stock successfully (5 ms)
      ΓêÜ should create stock without location and optional fields successfully (2 ms)
      ΓêÜ should check duplicate stock with only SKU successfully (1 ms)
      ΓêÜ should check duplicate stock with only serialNumber successfully (4 ms)
      ΓêÜ should rollback transaction and throw error on database failure during stock creation (2 ms)
      ΓêÜ should handle rollback error during stock creation gracefully (6 ms)
    updateStock
      ΓêÜ should throw 404 if stock not found (2 ms)
      ΓêÜ should update stock successfully (2 ms)
      ΓêÜ should rollback transaction and throw error on database failure during stock update (5 ms)
    deleteStock
      ΓêÜ should throw 404 if stock not found (4 ms)
      ΓêÜ should delete stock successfully (1 ms)
      ΓêÜ should rollback transaction and throw error on database failure during stock deletion (5 ms)
      ΓêÜ should not rollback transaction if it is already finished during deletion error (5 ms)
    createAdjustment
      ΓêÜ should throw 404 if stock not found (2 ms)
      ΓêÜ should adjust stock addition successfully (7 ms)
      ΓêÜ should throw 400 on subtraction if stock is insufficient (3 ms)
      ΓêÜ should adjust stock subtraction successfully (2 ms)
      ΓêÜ should adjust stock write_off successfully (8 ms)
      ΓêÜ should rollback transaction and throw error on database failure during adjustment (5 ms)
    fetchAdjustments
      ΓêÜ should fetch adjustment history (7 ms)
      ΓêÜ should propagate database error in fetchAdjustments (6 ms)
    createTransfer
      ΓêÜ should throw 400 if from and to warehouse are the same (8 ms)
      ΓêÜ should throw 404 if source warehouse not found (5 ms)
      ΓêÜ should throw 404 if destination warehouse not found (5 ms)
      ΓêÜ should throw 400 if stock is missing or insufficient in source warehouse (6 ms)
      ΓêÜ should create transfer request successfully (18 ms)
      ΓêÜ should rollback transaction and throw error on database failure during transfer creation (6 ms)
    updateTransferStatus
      ΓêÜ should throw 404 if transfer not found (6 ms)
      ΓêÜ should throw 400 if transfer is already completed/cancelled (4 ms)
      ΓêÜ should update status to cancelled or in_transit successfully (4 ms)
      ΓêÜ should throw 400 on complete status if source stock is missing/insufficient (6 ms)
      ΓêÜ should complete transfer successfully, deducting source and creating dest stock (6 ms)
      ΓêÜ should complete transfer successfully, deducting source and updating existing dest stock (5 ms)
      ΓêÜ should rollback transaction and throw error on database failure during transfer status update (1 ms)
    fetchTransfers
      ΓêÜ should fetch transfer history (2 ms)
      ΓêÜ should propagate database error in fetchTransfers (7 ms)
    createOpname
      ΓêÜ should throw 404 if warehouse not found (1 ms)
      ΓêÜ should schedule opname successfully (10 ms)
      ΓêÜ should rollback transaction and throw error on database failure during opname creation (1 ms)
    updateOpnameStatus
      ΓêÜ should throw 404 if opname not found (2 ms)
      ΓêÜ should throw 400 if opname is already completed (1 ms)
      ΓêÜ should update opname status successfully (7 ms)
      ΓêÜ should rollback transaction and throw error on database failure during opname status update (9 ms)
    fetchOpnames
      ΓêÜ should fetch opname history (1 ms)
      ΓêÜ should propagate database error in fetchOpnames (5 ms)
    getInventoryReport
      ΓêÜ should aggregate stock items, units, low stock count, and warehouse distribution successfully (3 ms)
      ΓêÜ should propagate error on failure (4 ms)
    exportInventoryCsv
      ΓêÜ should compile and format tenant stock levels into CSV successfully (2 ms)
      ΓêÜ should propagate error on failure (5 ms)

PASS src/tests/validators/stock.validator.test.js
  Stock Validators
    getStocksQuery
      ΓêÜ should apply defaults (5 ms)
      ΓêÜ should accept valid query params (8 ms)
    stockIdSchema
      ΓêÜ should validate a uuid stockId (1 ms)
    createStockSchema
      ΓêÜ should validate a valid stock item (5 ms)
      ΓêÜ should require itemName and warehouseId (5 ms)
    updateStockSchema
      ΓêÜ should validate a partial update (1 ms)
    createTransferSchema
      ΓêÜ should validate a valid transfer (2 ms)
      ΓêÜ should reject quantity below 1 (4 ms)
    updateTransferStatusSchema
      ΓêÜ should validate a valid status (5 ms)
      ΓêÜ should reject an invalid status (4 ms)
    createAdjustmentSchema
      ΓêÜ should validate a valid adjustment (1 ms)
      ΓêÜ should reject an invalid type (6 ms)
    createOpnameSchema
      ΓêÜ should validate a valid opname (7 ms)
    updateOpnameStatusSchema
      ΓêÜ should validate a valid status (1 ms)
    formatErrors
      ΓêÜ should format validation error details (4 ms)
      ΓêÜ should handle nested field paths (1 ms)
      ΓêÜ should return empty array for empty input (1 ms)

PASS src/tests/validators/certificate.validator.test.js
  Certificate Validators
    Enums
      ΓêÜ should export CERTIFICATE_STATUS and CERTIFICATE_TYPES (2 ms)
    validate helper
      ΓêÜ should throw a validation error when data is invalid (2 ms)
      ΓêÜ should return validated data when correct (5 ms)
    getCertificatesQuery schema
      ΓêÜ should validate and apply defaults (18 ms)
    updateCertificateSchema
      ΓêÜ should validate update data (4 ms)
    certificateIdSchema
      ΓêÜ should validate uuid (3 ms)
    approveCertificateSchema
      ΓêÜ should validate approvedBy is uuid (1 ms)
    signCertificateSchema
      ΓêÜ should validate digitalSignature and digitalSignatureKeyId (1 ms)
    revokeCertificateSchema
      ΓêÜ should validate reason (1 ms)

  console.warn
    A function to advance timers was called but the timers APIs are not replaced with fake timers. Call `jest.useFakeTimers()` in this test file or enable fake timers for all tests by setting 'fakeTimers': {'enableGlobally': true} in Jest configuration file.
    Stack Trace:
    
        [0m [90m 247 |[39m
         [90m 248 |[39m       [90m// Advance past initial setTimeout[39m
        [31m[1m>[22m[39m[90m 249 |[39m       jest[33m.[39madvanceTimersByTime([35m1001[39m)[33m;[39m
         [90m     |[39m            [31m[1m^[22m[39m
         [90m 250 |[39m
         [90m 251 |[39m       [90m// Process first item[39m
         [90m 252 |[39m       jest[33m.[39madvanceTimersByTime([35m1000[39m)[33m;[39m[0m
    
          Error: 
          at FakeTimers._checkFakeTimers (node_modules/@jest/fake-timers/build/index.js:654:7)
          at FakeTimers.advanceTimersByTime (node_modules/@jest/fake-timers/build/index.js:578:14)
          at Object.<anonymous> (src/tests/services/batchJob.service.test.js:249:12)

    [0m [90m 247 |[39m
     [90m 248 |[39m       [90m// Advance past initial setTimeout[39m
    [31m[1m>[22m[39m[90m 249 |[39m       jest[33m.[39madvanceTimersByTime([35m1001[39m)[33m;[39m
     [90m     |[39m            [31m[1m^[22m[39m
     [90m 250 |[39m
     [90m 251 |[39m       [90m// Process first item[39m
     [90m 252 |[39m       jest[33m.[39madvanceTimersByTime([35m1000[39m)[33m;[39m[0m

      at FakeTimers._checkFakeTimers (node_modules/@jest/fake-timers/build/index.js:652:28)
      at FakeTimers.advanceTimersByTime (node_modules/@jest/fake-timers/build/index.js:578:14)
      at Object.<anonymous> (src/tests/services/batchJob.service.test.js:249:12)

PASS src/tests/controllers/meteredBilling.controller.test.js
  meteredBillingController
    getUsageMetrics
      ΓêÜ should return usage metrics successfully (6 ms)
      ΓêÜ should handle service errors (15 ms)
    getBillingHistory
      ΓêÜ should return billing history with default pagination (7 ms)
      ΓêÜ should return billing history with custom pagination (2 ms)
    estimateCost
      ΓêÜ should return cost estimate successfully (6 ms)
      ΓêÜ should handle missing body parameters (3 ms)
    getPlanDetails
      ΓêÜ should return plan details successfully (2 ms)
    getUsageAlerts
      ΓêÜ should return usage alerts successfully (5 ms)
    createUsageAlert
      ΓêÜ should create a usage alert successfully (9 ms)
    deleteUsageAlert
      ΓêÜ should delete a usage alert successfully (2 ms)
      ΓêÜ should handle alert not found (18 ms)
    getAnalytics
      ΓêÜ should return analytics with default period (1 ms)
      ΓêÜ should return analytics with custom period (1 ms)

  console.warn
    A function to advance timers was called but the timers APIs are not replaced with fake timers. Call `jest.useFakeTimers()` in this test file or enable fake timers for all tests by setting 'fakeTimers': {'enableGlobally': true} in Jest configuration file.
    Stack Trace:
    
        [0m [90m 250 |[39m
         [90m 251 |[39m       [90m// Process first item[39m
        [31m[1m>[22m[39m[90m 252 |[39m       jest[33m.[39madvanceTimersByTime([35m1000[39m)[33m;[39m
         [90m     |[39m            [31m[1m^[22m[39m
         [90m 253 |[39m
         [90m 254 |[39m       [90m// Process second item (should complete)[39m
         [90m 255 |[39m       jest[33m.[39madvanceTimersByTime([35m1000[39m)[33m;[39m[0m
    
          Error: 
          at FakeTimers._checkFakeTimers (node_modules/@jest/fake-timers/build/index.js:654:7)
          at FakeTimers.advanceTimersByTime (node_modules/@jest/fake-timers/build/index.js:578:14)
          at Object.<anonymous> (src/tests/services/batchJob.service.test.js:252:12)

    [0m [90m 250 |[39m
     [90m 251 |[39m       [90m// Process first item[39m
    [31m[1m>[22m[39m[90m 252 |[39m       jest[33m.[39madvanceTimersByTime([35m1000[39m)[33m;[39m
     [90m     |[39m            [31m[1m^[22m[39m
     [90m 253 |[39m
     [90m 254 |[39m       [90m// Process second item (should complete)[39m
     [90m 255 |[39m       jest[33m.[39madvanceTimersByTime([35m1000[39m)[33m;[39m[0m

      at FakeTimers._checkFakeTimers (node_modules/@jest/fake-timers/build/index.js:652:28)
      at FakeTimers.advanceTimersByTime (node_modules/@jest/fake-timers/build/index.js:578:14)
      at Object.<anonymous> (src/tests/services/batchJob.service.test.js:252:12)

PASS src/tests/validators/content.validator.test.js
  Content Validators
    createPost
      ΓêÜ should validate correct blog post data (9 ms)
      ΓêÜ should validate correct news post data (4 ms)
      ΓêÜ should reject missing type (14 ms)
      ΓêÜ should reject missing title (6 ms)
      ΓêÜ should reject invalid type value (7 ms)
      ΓêÜ should reject title that is too short (2 ms)
      ΓêÜ should allow optional fields (17 ms)
      ΓêÜ should allow null optional fields (2 ms)
      ΓêÜ should reject invalid UUID in categoryIds (12 ms)
      ΓêÜ should allow empty string for optional string fields (6 ms)
    updatePost
      ΓêÜ should validate partial update data (9 ms)
      ΓêÜ should validate a single field update (6 ms)
      ΓêÜ should reject empty object (11 ms)
      ΓêÜ should allow all optional fields (4 ms)
    createCategory
      ΓêÜ should validate correct category data (8 ms)
      ΓêÜ should validate category with all fields (4 ms)
      ΓêÜ should reject missing name (4 ms)
      ΓêÜ should reject empty name (1 ms)
      ΓêÜ should allow null description (3 ms)
      ΓêÜ should allow empty string for slug (9 ms)
    updateCategory
      ΓêÜ should validate partial update data (2 ms)
      ΓêÜ should validate a single field update (3 ms)
      ΓêÜ should reject empty object (7 ms)
      ΓêÜ should allow null description in update (11 ms)

PASS src/tests/services/billing.service.test.js
  billing.service
    getSubscription
      ΓêÜ should return existing subscription successfully (10 ms)
      ΓêÜ should auto-create a basic subscription when none exists (9 ms)
      ΓêÜ should throw on database error (1 ms)
    updateSubscription
      ΓêÜ should update the subscription plan successfully (7 ms)
      ΓêÜ should update billing cycle when provided (5 ms)
      ΓêÜ should update status when provided (4 ms)
      ΓêÜ should ignore unknown fields in update payload (1 ms)
      ΓêÜ should throw 404 when subscription not found (7 ms)
      ΓêÜ should throw 500 on database error (1 ms)
    fetchInvoices
      ΓêÜ should fetch invoices with pagination (7 ms)
      ΓêÜ should filter by status when provided (1 ms)
      ΓêÜ should enforce MAX_LIMIT cap (1 ms)
      ΓêÜ should use page 2 offset correctly (1 ms)
      ΓêÜ should include subscription relation in query (8 ms)
      ΓêÜ should return empty array for zero results (11 ms)
      ΓêÜ should throw on database error (8 ms)
      ΓêÜ should handle default limit when not provided (3 ms)
      ΓêÜ should handle page 1 with default limit correctly (2 ms)
      ΓêÜ should include Subscription model in include array (11 ms)

PASS src/tests/validators/tenantLifecycle.validator.test.js
  Tenant Lifecycle Validators
    tenantIdSchema
      ΓêÜ should validate correct tenant ID (9 ms)
      ΓêÜ should reject invalid UUID (5 ms)
      ΓêÜ should reject missing tenant ID (10 ms)
    suspendTenantSchema
      ΓêÜ should validate correct suspend request (1 ms)
      ΓêÜ should reject invalid tenant UUID (6 ms)
      ΓêÜ should reject missing tenant ID (8 ms)
      ΓêÜ should reject missing reason (1 ms)
      ΓêÜ should reject empty reason (1 ms)

  console.warn
    A function to advance timers was called but the timers APIs are not replaced with fake timers. Call `jest.useFakeTimers()` in this test file or enable fake timers for all tests by setting 'fakeTimers': {'enableGlobally': true} in Jest configuration file.
    Stack Trace:
    
        [0m [90m 253 |[39m
         [90m 254 |[39m       [90m// Process second item (should complete)[39m
        [31m[1m>[22m[39m[90m 255 |[39m       jest[33m.[39madvanceTimersByTime([35m1000[39m)[33m;[39m
         [90m     |[39m            [31m[1m^[22m[39m
         [90m 256 |[39m
         [90m 257 |[39m       [90m// Check that job was updated with COMPLETED status[39m
         [90m 258 |[39m       [36mconst[39m saveCalls [33m=[39m mockJob[33m.[39msave[33m.[39mmock[33m.[39mcalls[33m;[39m[0m
    
          Error: 
          at FakeTimers._checkFakeTimers (node_modules/@jest/fake-timers/build/index.js:654:7)
          at FakeTimers.advanceTimersByTime (node_modules/@jest/fake-timers/build/index.js:578:14)
          at Object.<anonymous> (src/tests/services/batchJob.service.test.js:255:12)

    [0m [90m 253 |[39m
     [90m 254 |[39m       [90m// Process second item (should complete)[39m
    [31m[1m>[22m[39m[90m 255 |[39m       jest[33m.[39madvanceTimersByTime([35m1000[39m)[33m;[39m
     [90m     |[39m            [31m[1m^[22m[39m
     [90m 256 |[39m
     [90m 257 |[39m       [90m// Check that job was updated with COMPLETED status[39m
     [90m 258 |[39m       [36mconst[39m saveCalls [33m=[39m mockJob[33m.[39msave[33m.[39mmock[33m.[39mcalls[33m;[39m[0m

      at FakeTimers._checkFakeTimers (node_modules/@jest/fake-timers/build/index.js:652:28)
      at FakeTimers.advanceTimersByTime (node_modules/@jest/fake-timers/build/index.js:578:14)
      at Object.<anonymous> (src/tests/services/batchJob.service.test.js:255:12)

PASS src/tests/validators/gdpr.validator.test.js
  GDPR/CCPA Validators
    requestErasure
      ΓêÜ should validate correct erasure request (7 ms)
      ΓêÜ should reject missing reason (27 ms)
      ΓêÜ should reject missing confirm (2 ms)
      ΓêÜ should reject confirm false (12 ms)
      ΓêÜ should reject reason exceeding max length (2 ms)
    updateConsent
      ΓêÜ should validate correct consent update (14 ms)
      ΓêÜ should validate with all categories (1 ms)
      ΓêÜ should validate with single category (7 ms)
      ΓêÜ should reject invalid category (5 ms)
      ΓêÜ should reject missing categories (6 ms)
      ΓêÜ should reject missing consent (6 ms)
      ΓêÜ should reject empty categories array
    rectifyData
      ΓêÜ should validate correct rectification (6 ms)
      ΓêÜ should validate with numeric value (6 ms)
      ΓêÜ should validate with boolean value (2 ms)
      ΓêÜ should reject missing field (5 ms)
      ΓêÜ should reject missing value (6 ms)
      ΓêÜ should reject empty field (1 ms)
    restrictProcessing
      ΓêÜ should validate correct restriction request (1 ms)
      ΓêÜ should reject missing reason (2 ms)
      ΓêÜ should reject empty reason (9 ms)
      ΓêÜ should reject reason exceeding max length (4 ms)

  console.warn
    A function to advance timers was called but the timers APIs are not replaced with fake timers. Call `jest.useFakeTimers()` in this test file or enable fake timers for all tests by setting 'fakeTimers': {'enableGlobally': true} in Jest configuration file.
    Stack Trace:
    
        [0m [90m 275 |[39m       batchJobService[33m.[39msimulateProcessing(jobId)[33m;[39m
         [90m 276 |[39m
        [31m[1m>[22m[39m[90m 277 |[39m       jest[33m.[39madvanceTimersByTime([35m1001[39m)[33m;[39m
         [90m     |[39m            [31m[1m^[22m[39m
         [90m 278 |[39m
         [90m 279 |[39m       [90m// Should not throw error when job is deleted[39m
         [90m 280 |[39m       expect(() [33m=>[39m jest[33m.[39madvanceTimersByTime([35m1000[39m))[33m.[39mnot[33m.[39mtoThrow()[33m;[39m[0m
    
          Error: 
          at FakeTimers._checkFakeTimers (node_modules/@jest/fake-timers/build/index.js:654:7)
          at FakeTimers.advanceTimersByTime (node_modules/@jest/fake-timers/build/index.js:578:14)
          at Object.<anonymous> (src/tests/services/batchJob.service.test.js:277:12)

    [0m [90m 275 |[39m       batchJobService[33m.[39msimulateProcessing(jobId)[33m;[39m
     [90m 276 |[39m
    [31m[1m>[22m[39m[90m 277 |[39m       jest[33m.[39madvanceTimersByTime([35m1001[39m)[33m;[39m
     [90m     |[39m            [31m[1m^[22m[39m
     [90m 278 |[39m
     [90m 279 |[39m       [90m// Should not throw error when job is deleted[39m
     [90m 280 |[39m       expect(() [33m=>[39m jest[33m.[39madvanceTimersByTime([35m1000[39m))[33m.[39mnot[33m.[39mtoThrow()[33m;[39m[0m

      at FakeTimers._checkFakeTimers (node_modules/@jest/fake-timers/build/index.js:652:28)
      at FakeTimers.advanceTimersByTime (node_modules/@jest/fake-timers/build/index.js:578:14)
      at Object.<anonymous> (src/tests/services/batchJob.service.test.js:277:12)

PASS src/tests/validators/calibrationRecords.validator.test.js
  Calibration Record Validators
    getCalibrationRecordsQuery
      ΓêÜ should validate query parameters and use defaults (13 ms)
      ΓêÜ should allow null isCompliant (8 ms)
    calibrationRecordIdSchema
      ΓêÜ should validate uuid (7 ms)
    calibrationDeviceIdSchema
      ΓêÜ should validate uuid (6 ms)
    createCalibrationRecordSchema
      ΓêÜ should validate correct create parameters (52 ms)
    updateCalibrationRecordSchema
      ΓêÜ should validate update parameters (1 ms)
    formatErrors
      ΓêÜ should format errors (5 ms)

  console.warn
    A function to advance timers was called but the timers APIs are not replaced with fake timers. Call `jest.useFakeTimers()` in this test file or enable fake timers for all tests by setting 'fakeTimers': {'enableGlobally': true} in Jest configuration file.
    Stack Trace:
    
        [0m [90m 278 |[39m
         [90m 279 |[39m       [90m// Should not throw error when job is deleted[39m
        [31m[1m>[22m[39m[90m 280 |[39m       expect(() [33m=>[39m jest[33m.[39madvanceTimersByTime([35m1000[39m))[33m.[39mnot[33m.[39mtoThrow()[33m;[39m
         [90m     |[39m                         [31m[1m^[22m[39m
         [90m 281 |[39m     })[33m;[39m
         [90m 282 |[39m
         [90m 283 |[39m     it([32m"should handle job failure during processing"[39m[33m,[39m [36masync[39m () [33m=>[39m {[0m
    
          Error: 
          at FakeTimers._checkFakeTimers (node_modules/@jest/fake-timers/build/index.js:654:7)
          at FakeTimers.advanceTimersByTime (node_modules/@jest/fake-timers/build/index.js:578:14)
          at src/tests/services/batchJob.service.test.js:280:25
          at Object.<anonymous> (node_modules/expect/build/index.js:1824:9)
          at Object.throwingMatcher [as toThrow] (node_modules/expect/build/index.js:2235:93)
          at Object.<anonymous> (src/tests/services/batchJob.service.test.js:280:56)

    [0m [90m 278 |[39m
     [90m 279 |[39m       [90m// Should not throw error when job is deleted[39m
    [31m[1m>[22m[39m[90m 280 |[39m       expect(() [33m=>[39m jest[33m.[39madvanceTimersByTime([35m1000[39m))[33m.[39mnot[33m.[39mtoThrow()[33m;[39m
     [90m     |[39m                         [31m[1m^[22m[39m
     [90m 281 |[39m     })[33m;[39m
     [90m 282 |[39m
     [90m 283 |[39m     it([32m"should handle job failure during processing"[39m[33m,[39m [36masync[39m () [33m=>[39m {[0m

      at FakeTimers._checkFakeTimers (node_modules/@jest/fake-timers/build/index.js:652:28)
      at FakeTimers.advanceTimersByTime (node_modules/@jest/fake-timers/build/index.js:578:14)
      at src/tests/services/batchJob.service.test.js:280:25
      at Object.<anonymous> (node_modules/expect/build/index.js:1824:9)
      at Object.throwingMatcher [as toThrow] (node_modules/expect/build/index.js:2235:93)
      at Object.<anonymous> (src/tests/services/batchJob.service.test.js:280:56)

  console.warn
    A function to advance timers was called but the timers APIs are not replaced with fake timers. Call `jest.useFakeTimers()` in this test file or enable fake timers for all tests by setting 'fakeTimers': {'enableGlobally': true} in Jest configuration file.
    Stack Trace:
    
        [0m [90m 295 |[39m       batchJobService[33m.[39msimulateProcessing(jobId)[33m;[39m
         [90m 296 |[39m
        [31m[1m>[22m[39m[90m 297 |[39m       jest[33m.[39madvanceTimersByTime([35m1001[39m)[33m;[39m
         [90m     |[39m            [31m[1m^[22m[39m
         [90m 298 |[39m
         [90m 299 |[39m       [90m// Should not throw error[39m
         [90m 300 |[39m       expect(() [33m=>[39m jest[33m.[39madvanceTimersByTime([35m1000[39m))[33m.[39mnot[33m.[39mtoThrow()[33m;[39m[0m
    
          Error: 
          at FakeTimers._checkFakeTimers (node_modules/@jest/fake-timers/build/index.js:654:7)
          at FakeTimers.advanceTimersByTime (node_modules/@jest/fake-timers/build/index.js:578:14)
          at Object.<anonymous> (src/tests/services/batchJob.service.test.js:297:12)

    [0m [90m 295 |[39m       batchJobService[33m.[39msimulateProcessing(jobId)[33m;[39m
     [90m 296 |[39m
    [31m[1m>[22m[39m[90m 297 |[39m       jest[33m.[39madvanceTimersByTime([35m1001[39m)[33m;[39m
     [90m     |[39m            [31m[1m^[22m[39m
     [90m 298 |[39m
     [90m 299 |[39m       [90m// Should not throw error[39m
     [90m 300 |[39m       expect(() [33m=>[39m jest[33m.[39madvanceTimersByTime([35m1000[39m))[33m.[39mnot[33m.[39mtoThrow()[33m;[39m[0m

      at FakeTimers._checkFakeTimers (node_modules/@jest/fake-timers/build/index.js:652:28)
      at FakeTimers.advanceTimersByTime (node_modules/@jest/fake-timers/build/index.js:578:14)
      at Object.<anonymous> (src/tests/services/batchJob.service.test.js:297:12)

PASS src/tests/validators/menuGroup.validator.test.js
  MenuGroup Validators
    filterMenuGroupSchema
      ΓêÜ should allow empty filter (14 ms)
      ΓêÜ should accept valid search and isActive (6 ms)
      ΓêÜ should allow null search and isActive (2 ms)
    getAssignmentsSchema
      ΓêÜ should validate a uuid roleId (2 ms)
      ΓêÜ should require a valid uuid roleId (13 ms)
      ΓêÜ should require roleId (9 ms)
    createMenuGroupSchema
      ΓêÜ should validate a valid menu group (8 ms)
      ΓêÜ should apply defaults for sortOrder and isActive (1 ms)
      ΓêÜ should allow nullable slug and icon (6 ms)
      ΓêÜ should require name (5 ms)
      ΓêÜ should reject short name (1 ms)
      ΓêÜ should reject negative sortOrder (10 ms)
      ΓêÜ should reject invalid parentId (2 ms)
    updateMenuGroupSchema
      ΓêÜ should require id (1 ms)
      ΓêÜ should validate partial update with uuid id (4 ms)
      ΓêÜ should reject invalid id (1 ms)
      ΓêÜ should reject invalid sortOrder (5 ms)
    assignMenuGroupSchema
      ΓêÜ should validate roleId and menuGroupId (1 ms)
      ΓêÜ should allow null notes (3 ms)
      ΓêÜ should reject missing menuGroupId (1 ms)
    bulkAssignMenuGroupsSchema
      ΓêÜ should validate array of menuGroupIds (9 ms)
      ΓêÜ should reject empty menuGroupIds array (6 ms)
      ΓêÜ should reject non-uuid menuGroupId (5 ms)
    revokeMenuGroupSchema
      ΓêÜ should validate roleId and menuGroupId
      ΓêÜ should reject missing menuGroupId (1 ms)
    bulkRevokeMenuGroupsSchema
      ΓêÜ should validate array of menuGroupIds (5 ms)
      ΓêÜ should reject empty menuGroupIds array (2 ms)
    assignMenuItemSchema
      ΓêÜ should validate roleId and menuItemId (1 ms)
      ΓêÜ should reject missing menuItemId (9 ms)
    revokeMenuItemSchema
      ΓêÜ should validate roleId and menuItemId (1 ms)
      ΓêÜ should reject missing menuItemId (1 ms)
    formatErrors
      ΓêÜ should format Joi error details (5 ms)

  console.warn
    A function to advance timers was called but the timers APIs are not replaced with fake timers. Call `jest.useFakeTimers()` in this test file or enable fake timers for all tests by setting 'fakeTimers': {'enableGlobally': true} in Jest configuration file.
    Stack Trace:
    
        [0m [90m 298 |[39m
         [90m 299 |[39m       [90m// Should not throw error[39m
        [31m[1m>[22m[39m[90m 300 |[39m       expect(() [33m=>[39m jest[33m.[39madvanceTimersByTime([35m1000[39m))[33m.[39mnot[33m.[39mtoThrow()[33m;[39m
         [90m     |[39m                         [31m[1m^[22m[39m
         [90m 301 |[39m     })[33m;[39m
         [90m 302 |[39m   })[33m;[39m
         [90m 303 |[39m })[33m;[39m[0m
    
          Error: 
          at FakeTimers._checkFakeTimers (node_modules/@jest/fake-timers/build/index.js:654:7)
          at FakeTimers.advanceTimersByTime (node_modules/@jest/fake-timers/build/index.js:578:14)
          at src/tests/services/batchJob.service.test.js:300:25
          at Object.<anonymous> (node_modules/expect/build/index.js:1824:9)
          at Object.throwingMatcher [as toThrow] (node_modules/expect/build/index.js:2235:93)
          at Object.<anonymous> (src/tests/services/batchJob.service.test.js:300:56)

    [0m [90m 298 |[39m
     [90m 299 |[39m       [90m// Should not throw error[39m
    [31m[1m>[22m[39m[90m 300 |[39m       expect(() [33m=>[39m jest[33m.[39madvanceTimersByTime([35m1000[39m))[33m.[39mnot[33m.[39mtoThrow()[33m;[39m
     [90m     |[39m                         [31m[1m^[22m[39m
     [90m 301 |[39m     })[33m;[39m
     [90m 302 |[39m   })[33m;[39m
     [90m 303 |[39m })[33m;[39m[0m

      at FakeTimers._checkFakeTimers (node_modules/@jest/fake-timers/build/index.js:652:28)
      at FakeTimers.advanceTimersByTime (node_modules/@jest/fake-timers/build/index.js:578:14)
      at src/tests/services/batchJob.service.test.js:300:25
      at Object.<anonymous> (node_modules/expect/build/index.js:1824:9)
      at Object.throwingMatcher [as toThrow] (node_modules/expect/build/index.js:2235:93)
      at Object.<anonymous> (src/tests/services/batchJob.service.test.js:300:56)

PASS src/tests/controllers/menuGroup.controller.test.js
  MenuGroup Controller Tests
    filterMenuGroups
      ΓêÜ should fetch and format menu groups without roleId (25 ms)
      ΓêÜ should fetch and format menu groups showing assignments if roleId is provided (6 ms)
      ΓêÜ should verify mapSlugToPath custom mapping slugs (12 ms)
    getRoleMenuAssignments
      ΓêÜ should fail validation if roleId is not a valid UUID (8 ms)
      ΓêÜ should return assigned menus and items (15 ms)
    getAvailableRoles
      ΓêÜ should fetch available roles successfully (20 ms)
    createMenuGroup
      ΓêÜ should fail validation on invalid body parameters (11 ms)
      ΓêÜ should create menu group successfully with explicit slug (14 ms)
      ΓêÜ should create menu group successfully and auto-generate slug if omitted (1 ms)
    updateMenuGroup
      ΓêÜ should fail validation if id is missing (13 ms)
      ΓêÜ should return 404 if menu group does not exist (2 ms)
      ΓêÜ should update and return menu group successfully (12 ms)
    deleteMenuGroup
      ΓêÜ should return 400 if menuGroupId is missing (1 ms)
      ΓêÜ should return 404 if menu group to delete is not found (8 ms)
      ΓêÜ should delete the menu group and cleanup nested associations successfully (6 ms)
    assignMenuGroupToRole
      ΓêÜ should fail validation if params are invalid (1 ms)
      ΓêÜ should return 404 if role is not found (1 ms)
      ΓêÜ should return 404 if menu group is not found (5 ms)
      ΓêÜ should assign menu group to role successfully (5 ms)
      ΓêÜ should assign menu item to role successfully when menuItemId is passed (2 ms)
    revokeMenuGroupFromRole
      ΓêÜ should fail validation if params are invalid (1 ms)
      ΓêÜ should revoke menu group from role successfully (4 ms)
      ΓêÜ should revoke menu item from role successfully when menuItemId is passed
    bulkAssignMenuGroups
      ΓêÜ should fail validation if roleId or menuGroupIds are invalid (13 ms)
      ΓêÜ should return 404 if role does not exist (6 ms)
      ΓêÜ should process bulk assignment and handle assign, already assigned, not found, and error scenarios (7 ms)
    bulkRevokeMenuGroups
      ΓêÜ should fail validation if roleId or menuGroupIds are invalid (6 ms)
      ΓêÜ should process bulk revocation successfully (9 ms)
    MenuGroup Validator - formatErrors
      ΓêÜ should format Joi validation errors correctly (1 ms)

PASS src/tests/services/batchJob.service.test.js
  batchJobService
    createJob
      ΓêÜ should create a batch job with default values (10 ms)
      ΓêÜ should create a batch job with specified totalItems (3 ms)
    getJobs
      ΓêÜ should return paginated batch jobs (3 ms)
      ΓêÜ should calculate totalPages correctly (1 ms)
      ΓêÜ should return correct offset for page 2 (6 ms)
    getJobStatus
      ΓêÜ should return a job by id (5 ms)
      ΓêÜ should throw AppError when job not found (3 ms)
    simulateProcessing
      ΓêÜ should complete job after processing all items (398 ms)
      ΓêÜ should handle job deletion during processing (76 ms)
      ΓêÜ should handle job failure during processing (45 ms)
      Γùï skipped should update job status to PROCESSING immediately after start

PASS src/tests/controllers/gdpr.controller.test.js
  gdprController
    exportUserData
      ΓêÜ should export user data successfully (5 ms)
    requestErasure
      ΓêÜ should request data erasure successfully (2 ms)
    getErasureStatus
      ΓêÜ should return erasure request status (1 ms)
    updateConsent
      ΓêÜ should update consent preferences successfully (2 ms)
    getConsentHistory
      ΓêÜ should return consent history (1 ms)
    getProcessingActivities
      ΓêÜ should return processing activities (5 ms)
    rectifyData
      ΓêÜ should rectify data successfully (5 ms)
    restrictProcessing
      ΓêÜ should restrict processing successfully (1 ms)

PASS src/tests/services/webauthn.service.test.js
  webauthn.service
    ΓêÜ getRegistrationOptions returns challenge and rp info (11 ms)
    ΓêÜ getLoginOptions returns challenge (6 ms)
    ΓêÜ verifyRegistration updates user with credential (729 ms)
    ΓêÜ verifyLogin validates assertion and increments sign count (6 ms)
    ΓêÜ disableWebauthn disables webauthn for user (5 ms)

PASS src/tests/validators/calibrationDevices.validator.test.js
  Calibration Device Validators
    getCalibrationDevicesQuery
      ΓêÜ should validate correct query parameters and apply defaults (16 ms)
      ΓêÜ should reject invalid status (10 ms)
    calibrationDeviceIdSchema
      ΓêÜ should validate correct uuid (2 ms)
      ΓêÜ should reject invalid uuid (5 ms)
    createCalibrationDeviceSchema
      ΓêÜ should validate correct data and apply default status (8 ms)
      ΓêÜ should reject missing required field name (1 ms)
    updateCalibrationDeviceSchema
      ΓêÜ should validate partial update data (2 ms)
    formatErrors
      ΓêÜ should format validation errors correctly (3 ms)

PASS src/tests/validators/scim.validator.test.js
  SCIM Validators
    scimUserSchema
      ΓêÜ should validate correct SCIM user (5 ms)
      ΓêÜ should validate with name object (1 ms)
      ΓêÜ should validate with partial name (4 ms)
      ΓêÜ should validate with emails array (12 ms)
      ΓêÜ should validate with multiple emails (6 ms)
      ΓêÜ should validate with roleId (4 ms)
      ΓêÜ should validate with inactive user (2 ms)
      ΓêÜ should reject invalid email in userName (1 ms)
      ΓêÜ should reject missing userName (4 ms)
      ΓêÜ should reject invalid email in emails array (5 ms)
      ΓêÜ should reject invalid UUID in roleId (1 ms)
    scimGroupSchema
      ΓêÜ should validate correct SCIM group (1 ms)
      ΓêÜ should validate with members (1 ms)
      ΓêÜ should validate with multiple members (5 ms)
      ΓêÜ should reject missing displayName (5 ms)
      ΓêÜ should reject invalid member UUID (1 ms)
    scimPatchSchema
      ΓêÜ should validate add operation (5 ms)
      ΓêÜ should validate replace operation with string value (5 ms)
      ΓêÜ should validate remove operation (1 ms)
      ΓêÜ should validate with object value (2 ms)
      ΓêÜ should validate with array value (1 ms)
      ΓêÜ should reject invalid op value (1 ms)
      ΓêÜ should reject missing op (1 ms)
      ΓêÜ should reject missing Operations array (6 ms)

PASS src/tests/services/clamAv.service.test.js
  clamAv.service
    scanFile
      ΓêÜ should skip scanning when ClamAV is disabled (22 ms)
      ΓêÜ should throw when filePath is null (28 ms)
      ΓêÜ should throw when filePath is empty string (11 ms)
      HTTP mode
        ΓêÜ should return OK when HTTP scan succeeds (15 ms)
        ΓêÜ should detect virus and return FOUND (6 ms)
        ΓêÜ should throw 500 when scan fails with Axios response error (10 ms)
      Socket mode
        ΓêÜ should scan file successfully via socket port (55 ms)
        ΓêÜ should scan file via socket path CNAME instruction (9 ms)
        ΓêÜ should throw error if STANDBY fails (7 ms)
        ΓêÜ should handle socket connection error (9 ms)
        ΓêÜ should timeout standby command (35 ms)
      Cache functionality
        ΓêÜ should store result in cache and retrieve it on second scan (12 ms)
        ΓêÜ should evict oldest cached records when cache capacity is reached (8 ms)
    scanFiles
      ΓêÜ should scan multiple files and return results (10 ms)
      ΓêÜ should record failed scans in files list gracefully (7 ms)
    clearCache
      ΓêÜ should clear the scan cache (11 ms)
    getCacheStats
      ΓêÜ should return cache stats with defaults (6 ms)
    isConfigured
      ΓêÜ should return false when ClamAV is disabled (7 ms)
      ΓêÜ should return truthy when ClamAV is enabled (10 ms)
      ΓêÜ should return true when ClamAV is enabled with HTTP mode (4 ms)
    getStatus
      ΓêÜ should return service status with disabled ClamAV (7 ms)
      ΓêÜ should return HTTP mode status when enabled (17 ms)

PASS src/tests/validators/roles.validator.test.js
  Role Validators
    createRoleSchema
      ΓêÜ should validate a valid role (7 ms)
      ΓêÜ should trim name (1 ms)
      ΓêÜ should reject a missing name (8 ms)
      ΓêÜ should reject a short name (6 ms)
    updateRoleSchema
      ΓêÜ should validate a partial update (8 ms)
      ΓêÜ should reject an invalid status (6 ms)
    assignRoleSchema
      ΓêÜ should validate userId and roleId (1 ms)
      ΓêÜ should require both ids (1 ms)
    assignPermissionSchema
      ΓêÜ should validate menuGroupId and permissionType (2 ms)
      ΓêÜ should reject an invalid permissionType (2 ms)
    formatErrors
      ΓêÜ should format validation error details (6 ms)
      ΓêÜ should handle nested field paths (4 ms)
      ΓêÜ should return empty array for empty input (1 ms)

PASS src/tests/validators/billing.validator.test.js
  Billing Validators
    updateSubscription
      ΓêÜ should validate a valid subscription update (10 ms)
      ΓêÜ should allow a partial update (1 ms)
      ΓêÜ should reject an invalid status (6 ms)
      ΓêÜ should reject an invalid billing cycle (4 ms)
    formatErrors
      ΓêÜ should format validation error details (2 ms)
      ΓêÜ should handle nested field paths (1 ms)
      ΓêÜ should return empty array for empty input (1 ms)

PASS src/tests/validators/notification.validator.test.js
  Notification Validators
    ΓêÜ should return { error, value } from validate (16 ms)
    ΓêÜ should surface validation errors (7 ms)
    ΓêÜ should format error details (8 ms)

PASS src/tests/services/calibrationDevices.service.test.js
  calibrationDevices.service
    fetchCalibrationDevices
      ΓêÜ should fetch calibration devices successfully without query params (5 ms)
      ΓêÜ should fetch with query params (find, status, category) (6 ms)
      ΓêÜ should handle error during fetching (8 ms)
    fetchSpecificCalibrationDevice
      ΓêÜ should fetch a specific device successfully (1 ms)
      ΓêÜ should return 404 if device is not found (6 ms)
      ΓêÜ should handle error during fetchSpecificCalibrationDevice (6 ms)
    createCalibrationDevice
      ΓêÜ should throw a 400 error when validation fails (1 ms)
      ΓêÜ should return 409 if device serial number already exists (1 ms)
      ΓêÜ should create device successfully if all valid (3 ms)
      ΓêÜ should handle error during create (9 ms)
    updateCalibrationDevice
      ΓêÜ should throw a 400 error when validation fails (1 ms)
      ΓêÜ should return 404 if device is not found (5 ms)
      ΓêÜ should update device successfully (1 ms)
      ΓêÜ should handle error during update (1 ms)
    deleteCalibrationDevice
      ΓêÜ should return 404 if device is not found (1 ms)
      ΓêÜ should delete device successfully (2 ms)
      ΓêÜ should handle error during delete (1 ms)
    bulkImportCalibrationDevices
      ΓêÜ should return 400 if CSV has fewer than 2 rows (28 ms)
      ΓêÜ should successfully import valid devices, skip empty rows, and handle validation/duplicate errors (38 ms)
      ΓêÜ should handle db errors and throw (9 ms)
      ΓêÜ should cover all CSV parsing edge cases, CRLF, escaped quotes, last line without newline, and calibration 
interval conversions (51 ms)

PASS src/tests/middlewares/dynamicAccess.test.js
  dynamicAccess middleware
    auth / role guards
      ΓêÜ should return a middleware function (14 ms)
      ΓêÜ should return 401 when there is no user context (12 ms)
      ΓêÜ should return 401 when the user has no role (12 ms)
      ΓêÜ should bypass for SUPER_ADMIN role (1 ms)
      ΓêÜ should bypass for SUPERADMIN role (alt spelling) (8 ms)
      ΓêÜ should return 500 when the permission lookup throws (17 ms)
    permission resolution
      ΓêÜ should allow when the role matrix grants the permission (7 ms)
      ΓêÜ should deny with 403 when the role matrix lacks the permission (1 ms)
      ΓêÜ should let write satisfy a read request (2 ms)
      ΓêÜ should use OR logic across menu groups by default (7 ms)
      ΓêÜ should require ALL groups when requireAll is set (15 ms)
      ΓêÜ should allow when requireAll is satisfied (8 ms)
    per-user overrides
      ΓêÜ should deny when an override sets the menu to none (8 ms)
      ΓêÜ should honor a permission override (11 ms)
      ΓêÜ should fall back to role permissions when override lookup fails (2 ms)
    checkSelf
      ΓêÜ should allow when acting on own resource (1 ms)
      ΓêÜ should allow self via body.userId (1 ms)
      ΓêÜ should fall through to permissions when owner id does not match (26 ms)
    checkTenant
      ΓêÜ should 404 when the resource tenant is not found (23 ms)
      ΓêÜ should 403 when the resource belongs to a different tenant (9 ms)
      ΓêÜ should allow when the resource belongs to the user tenant (9 ms)
      ΓêÜ should 404 when the resource owner is not found (no tenantId) (11 ms)
      ΓêÜ should 403 when the resource owner is in another tenant (8 ms)
      ΓêÜ should allow when the resource owner shares the tenant (2 ms)
    API key principals
      ΓêÜ should authorize via scopes when allowed (8 ms)
      ΓêÜ should deny via scopes when not allowed (3 ms)
      ΓêÜ should require all scopes when requireAll is set (1 ms)
  hasDynamicPermission
    ΓêÜ should return 400 when menuGroup is missing (2 ms)
    ΓêÜ should return 400 when permissionType is missing (1 ms)
    ΓêÜ should return 401 when there is no user (1 ms)
    ΓêÜ should return 200 with allowed true (6 ms)
    ΓêÜ should let write satisfy read (5 ms)
    ΓêÜ should return 200 with allowed false (6 ms)
    ΓêÜ should return 500 on error (7 ms)

PASS src/tests/services/redis.service.test.js
  redis.service
    initRedis
      ΓêÜ should initialize Redis connection successfully when not already connected (13 ms)
      ΓêÜ should return client immediately if already connected (6 ms)
      ΓêÜ should resolve when client status is connecting and triggers ready event (11 ms)
      ΓêÜ should log error and return null when connect throws (6 ms)
    getRedisConnection and configurations
      ΓêÜ should return the cached connection if already initialized (9 ms)
      ΓêÜ should configure retryStrategy properly (8 ms)
    getRedisConnection error listener
      ΓêÜ should trigger error callback and log redis connection errors (9 ms)
    get
      ΓêÜ should return null if client is not connected (6 ms)
      ΓêÜ should return parsed JSON object if JSON string is cached (11 ms)
      ΓêÜ should return raw string if not JSON string (8 ms)
      ΓêÜ should return null and log error if client.get throws (19 ms)
    set
      ΓêÜ should return false if client is not connected (6 ms)
      ΓêÜ should set string values directly (5 ms)
      ΓêÜ should serialize objects to JSON strings before setting (12 ms)
      ΓêÜ should return false and log error if setex throws (24 ms)
    del
      ΓêÜ should return false if client is not connected (6 ms)
      ΓêÜ should delete key and return true (6 ms)
      ΓêÜ should return false and log error if client.del throws (8 ms)
    delPattern
      ΓêÜ should return 0 if client is not connected (14 ms)
      ΓêÜ should scan and delete matching keys sequentially (19 ms)
      ΓêÜ should return 0 and log error if scan throws (26 ms)
    acquireLock
      ΓêÜ should return null if client is not connected (19 ms)
      ΓêÜ should return lockId if lock is successfully acquired (returns OK) (20 ms)
      ΓêÜ should return null if lock acquisition fails (does not return OK) (13 ms)
      ΓêÜ should return null and log error if set throws (11 ms)
    releaseLock
      ΓêÜ should return false if client is not connected (9 ms)
      ΓêÜ should return true if eval script successfully releases the lock (2 ms)
      ΓêÜ should return false if eval script returns 0 (lock not owned by this ID) (2 ms)
      ΓêÜ should return false and log error if eval throws (8 ms)
    cacheKeys
      ΓêÜ should generate correct key strings for various resource types (8 ms)
    closeRedis
      ΓêÜ should quit and close Redis connection (11 ms)
      ΓêÜ should log error if quit fails (4 ms)

PASS src/tests/controllers/warehouse.controller.test.js
  warehouseController
    getAllWarehouses
      ΓêÜ should fetch all warehouses and return success response (14 ms)
    getSpecificWarehouse
      ΓêÜ should fetch a warehouse and return success response (7 ms)
    createWarehouse
      ΓêÜ should create a warehouse and return success response (6 ms)
    updateWarehouse
      ΓêÜ should update a warehouse and return success response (7 ms)
    deleteWarehouse
      ΓêÜ should delete a warehouse and return success response (6 ms)
    getLocations
      ΓêÜ should fetch locations and return success response (5 ms)
    createLocation
      ΓêÜ should create storage location and return success response (3 ms)
    updateLocation
      ΓêÜ should update storage location and return success response (5 ms)
    deleteLocation
      ΓêÜ should delete storage location and return success response (8 ms)

PASS src/tests/validators/networkSecurity.validator.test.js
  Network Security Validators
    ipAllowlistSchema
      ΓêÜ should validate correct CIDR list (6 ms)
      ΓêÜ should validate single CIDR (12 ms)
      ΓêÜ should validate CIDR without prefix (1 ms)
      ΓêÜ should reject invalid CIDR format (2 ms)
      ΓêÜ should reject missing CIDRs (1 ms)
    geofenceSchema
      ΓêÜ should validate correct geofence (6 ms)
      ΓêÜ should validate with radius (6 ms)
      ΓêÜ should validate zero radius (5 ms)
      ΓêÜ should validate negative coordinates (1 ms)
      ΓêÜ should validate boundary latitude (5 ms)
      ΓêÜ should validate max latitude (6 ms)
      ΓêÜ should reject latitude above 90 (2 ms)
      ΓêÜ should reject latitude below -90 (1 ms)
      ΓêÜ should reject longitude above 180 (4 ms)
      ΓêÜ should reject missing latitude (1 ms)
      ΓêÜ should reject missing longitude
    evaluateLoginSchema
      ΓêÜ should validate correct login evaluation (26 ms)
      ΓêÜ should validate with IPv6 (5 ms)
      ΓêÜ should validate with geolocation (1 ms)
      ΓêÜ should validate with only longitude (1 ms)
      ΓêÜ should reject missing IP (2 ms)
      ΓêÜ should reject invalid IP (1 ms)
      ΓêÜ should reject invalid latitude (4 ms)
      ΓêÜ should reject invalid longitude (5 ms)

PASS src/tests/services/meteredBilling.service.test.js
  meteredBillingService
    trackUsage
      ΓêÜ should track usage for a tenant (20 ms)
      ΓêÜ should increment by specified amount (16 ms)
      ΓêÜ should default amount to 1 (19 ms)
      ΓêÜ should skip tracking when USAGE_ENABLED is false (1 ms)
      ΓêÜ should skip tracking when tenantId is missing (11 ms)
      ΓêÜ should skip tracking when metric is missing (1 ms)
      ΓêÜ should handle errors gracefully without throwing (8 ms)
    getUsage
      ΓêÜ should return usage data with default options (10 ms)
      ΓêÜ should return usage data with custom options (2 ms)
      ΓêÜ should return empty data when no records found (6 ms)
      ΓêÜ should handle database errors gracefully (6 ms)
    getAllUsage
      ΓêÜ should return all usage metrics for a tenant (7 ms)
      ΓêÜ should handle errors for individual metrics (6 ms)
    checkQuota
      ΓêÜ should return quota status when under limit (12 ms)
      ΓêÜ should return quota exceeded when over limit (2 ms)
      ΓêÜ should handle zero limit gracefully (6 ms)
    enforceQuotas
      ΓêÜ should return no violations when all quotas met (5 ms)
      ΓêÜ should return violations when quotas exceeded (5 ms)
      ΓêÜ should handle database errors (11 ms)
    generateUsageReport
      ΓêÜ should generate a usage report for 30 days (5 ms)
      ΓêÜ should generate a usage report for custom period (1 ms)
      ΓêÜ should handle errors gracefully (5 ms)
    getPlatformAnalytics
      ΓêÜ should return platform-wide analytics (5 ms)
      ΓêÜ should return analytics for custom period (1 ms)
      ΓêÜ should handle database errors (7 ms)
    resetUsage
      ΓêÜ should reset usage counters for a tenant/metric (2 ms)
      ΓêÜ should handle errors gracefully (2 ms)
    clearCache
      ΓêÜ should clear the in-memory usage store (6 ms)
    getStatus
      ΓêÜ should return service status (1 ms)
      ΓêÜ should show disabled when USAGE_ENABLED is false (1 ms)

PASS src/tests/utils/upload.test.js
  upload utility - comprehensive middleware tests
    Exported functions
      ΓêÜ should export upload factory function (6 ms)
      ΓêÜ should export uploadMulti factory function (8 ms)
      ΓêÜ should export deleteUpload function (1 ms)
      ΓêÜ should export getUploadUrl function (9 ms)
      ΓêÜ should create a single-file middleware from upload() (1 ms)
      ΓêÜ should create a multi-file middleware from uploadMulti() (2 ms)
      ΓêÜ should create a middleware from upload() with no options (1 ms)
      ΓêÜ should create a middleware from uploadMulti() with no options (8 ms)
    storage configuration
      ΓêÜ should resolve destination using req.uploadFolder (1 ms)
      ΓêÜ should fall back to 'uploads' folder when unset (14 ms)
      ΓêÜ should generate a filename with timestamp and uuid (10 ms)
    fileFilter behavior
      ΓêÜ should accept an allowed mime + extension (defaults) (4 ms)
      ΓêÜ should accept custom allowed mime + extension (10 ms)
      ΓêÜ should reject a disallowed extension (10 ms)
      ΓêÜ should reject a disallowed mime type (8 ms)
    upload middleware (single file)
      ΓêÜ should call next with no error and update mimetype for valid file (13 ms)
      ΓêÜ should call next with no error when there is no file (1 ms)
      ΓêÜ should call next with no error when validateMagicBytes is disabled (5 ms)
      ΓêÜ should call next with AppError when magic bytes mismatch (4 ms)
      ΓêÜ should delete the file and forward the error when validation throws (5 ms)
      ΓêÜ should forward an AppError produced by multer as-is (1 ms)
      ΓêÜ should forward a LIMIT_FILE_SIZE error as a 400 AppError (6 ms)
      ΓêÜ should forward generic multer errors (7 ms)
    uploadMulti middleware
      ΓêÜ should call next with no error and update mimetypes for valid files (7 ms)
      ΓêÜ should call next with no error when there are no files (2 ms)
      ΓêÜ should call next with no error when validateMagicBytes is disabled (5 ms)
      ΓêÜ should set mimetype to null when magic bytes mismatch (no throw) (2 ms)
      ΓêÜ should delete all files and forward error when validation throws (6 ms)
      ΓêÜ should handle error when validation throws and req.files is cleared during process (6 ms)
      ΓêÜ should forward a LIMIT_FILE_SIZE error as a 400 AppError (1 ms)
      ΓêÜ should forward generic multer errors (1 ms)
      ΓêÜ should forward an AppError produced by multer as-is (3 ms)
    deleteUpload
      ΓêÜ should be a function (1 ms)
      ΓêÜ should delete a file successfully (5 ms)
      ΓêÜ should handle ENOENT error gracefully (6 ms)
      ΓêÜ should reject with other filesystem errors (16 ms)
      ΓêÜ should reject path traversal attempts (6 ms)
      ΓêÜ should use default folder when not specified (8 ms)
      ΓêÜ should call storagePath with folder and filename (2 ms)
    getUploadUrl
      ΓêÜ should return correct URL with default folder (1 ms)
      ΓêÜ should return correct URL with custom folder (6 ms)
      ΓêÜ should handle filenames with special characters (1 ms)
      ΓêÜ should handle filenames with dots (4 ms)
      ΓêÜ should reject path traversal in filename (3 ms)
      ΓêÜ should reject filenames with double dots (7 ms)
      ΓêÜ should handle empty filename (1 ms)
      ΓêÜ should handle filename with spaces (1 ms)

PASS src/tests/controllers/certificate.controller.test.js
  certificateController
    getAllCertificates
      ΓêÜ should fetch all certificates successfully (16 ms)
      ΓêÜ should call error response when validation fails (26 ms)
    getSpecificCertificate
      ΓêÜ should fetch specific certificate successfully (1 ms)
    createCertificate
      ΓêÜ should create certificate successfully (5 ms)
    updateCertificate
      ΓêÜ should update certificate successfully (1 ms)
    deleteCertificate
      ΓêÜ should delete certificate successfully (7 ms)
    approveCertificate
      ΓêÜ should approve certificate successfully (6 ms)
    signCertificate
      ΓêÜ should sign certificate successfully (1 ms)
    revokeCertificate
      ΓêÜ should revoke certificate successfully (7 ms)
    getCertificateStats
      ΓêÜ should fetch statistics successfully (4 ms)

PASS src/tests/validators/maintenance.validator.test.js
  Maintenance Validators
    createWorkOrder
      ΓêÜ should validate correct work order (7 ms)
      ΓêÜ should validate with default priority (1 ms)
      ΓêÜ should validate with default status (2 ms)
      ΓêÜ should validate with all priority levels (1 ms)
      ΓêÜ should validate with all types (3 ms)
      ΓêÜ should validate with all statuses (5 ms)
      ΓêÜ should validate with optional fields (6 ms)
      ΓêÜ should validate with null vendor and assignee (5 ms)
      ΓêÜ should reject missing device ID (1 ms)
      ΓêÜ should reject missing title (3 ms)
      ΓêÜ should reject missing type (6 ms)
      ΓêÜ should reject invalid type (5 ms)
      ΓêÜ should reject negative estimated cost (1 ms)
    updateWorkOrder
      ΓêÜ should validate with partial update (4 ms)
      ΓêÜ should validate with all fields (2 ms)
      ΓêÜ should validate with null values (1 ms)
      ΓêÜ should reject invalid status update (2 ms)
      ΓêÜ should reject invalid type update (5 ms)
      ΓêÜ should reject negative actual cost (1 ms)
    formatErrors
      ΓêÜ should format error details correctly (7 ms)
      ΓêÜ should handle nested field paths (1 ms)
      ΓêÜ should return empty array for empty input

PASS src/tests/services/oidcJwks.test.js
  oidcJwks
    verifyIdToken
      ΓêÜ should throw error when idToken is missing (18 ms)
      ΓêÜ should throw error when issuer is missing (7 ms)
      ΓêÜ should throw error when clientId is missing (5 ms)
      ΓêÜ should throw error when idToken format is invalid (1 ms)
      ΓêÜ should throw error for unsupported algorithm (3 ms)
      ΓêÜ should verify token with valid RS256 algorithm (13 ms)
      ΓêÜ should verify token with ES256 algorithm (6 ms)
      ΓêÜ should throw error when kid is missing from JWT header (5 ms)
      ΓêÜ should throw error when no matching key found for kid (6 ms)
      ΓêÜ should use cached JWKS on subsequent calls (1 ms)
      ΓêÜ should throw TokenExpiredError as AppError (3 ms)
      ΓêÜ should throw JsonWebTokenError as AppError (5 ms)
    verifyOidcCallback
      ΓêÜ should throw error when no id_token returned (5 ms)
      ΓêÜ should return user info from decoded token (2 ms)
      ΓêÜ should use default values when name fields are missing (6 ms)
      ΓêÜ should throw AppError on OIDC verification failure (2 ms)
    getJwksInfo
      ΓêÜ should return JWKS metadata (8 ms)
    clearCache
      ΓêÜ should clear the JWKS cache (16 ms)
    getCacheStats
      ΓêÜ should return cache statistics (1 ms)

PASS src/tests/validators/webauthn.validator.test.js
  WebAuthn Validators
    ΓêÜ should validate registration options (32 ms)
    ΓêÜ should reject missing challenge (7 ms)
    ΓêÜ should reject missing rp name (10 ms)

PASS src/tests/services/menuGroup.service.test.js
  menuGroup.service
    mapSlugToPath
      ΓêÜ should map known slugs to their known paths (7 ms)
      ΓêÜ should fallback to /dashboard/{slug} for unknown slugs (1 ms)
    formatMenuGroup
      ΓêÜ should format a group without children (6 ms)
      ΓêÜ should format a group with children (1 ms)
      ΓêÜ should set isAssigned when isAssignedMap provided (5 ms)
    listMenuGroups
      ΓêÜ should return all active parent groups without role filter (2 ms)
      ΓêÜ should annotate with isAssigned when roleId provided (5 ms)
    getRoleMenuAssignments
      ΓêÜ should return all groups when parent is assigned (9 ms)
      ΓêÜ should return only explicitly assigned children when parent not assigned (6 ms)
    getAvailableRoles
      ΓêÜ should fetch all roles ordered by sortOrder (11 ms)
    createMenuGroup
      ΓêÜ should create a new menu group with auto-generated slug (2 ms)
      ΓêÜ should use provided slug (6 ms)
    updateMenuGroup
      ΓêÜ should update a menu group (6 ms)
      ΓêÜ should throw 404 when menu group not found (1 ms)
    deleteMenuGroup
      ΓêÜ should delete a menu group and its associations (7 ms)
      ΓêÜ should throw 404 when group not found (4 ms)
    assignMenuToRole
      ΓêÜ should throw 404 when role not found (5 ms)
      ΓêÜ should throw 404 when menu group not found (1 ms)
      ΓêÜ should create a new permission assignment (5 ms)
      ΓêÜ should return existing permission when already assigned (4 ms)
    revokeMenuFromRole
      ΓêÜ should destroy the permission assignment (1 ms)
    bulkAssign
      ΓêÜ should throw 404 when role not found (2 ms)
      ΓêÜ should assign existing and skip already-assigned (7 ms)
      ΓêÜ should report missing groups in failed list (2 ms)
    bulkRevoke
      ΓêÜ should return revoked and notFound lists (9 ms)

PASS src/tests/middlewares/auth.test.js
  auth middleware
    auth
      ΓêÜ should reject request without authorization header (7 ms)
      ΓêÜ should reject request with invalid token (16 ms)
      ΓêÜ should reject when user not found (4 ms)
      ΓêÜ should reject banned user (1 ms)
      ΓêÜ should reject suspended user (2 ms)
      ΓêÜ should attach user to request on success (8 ms)
      ΓêÜ should allow super admin to override tenant via x-tenant-code (2 ms)
      ΓêÜ should handle API key authentication (1 ms)
      ΓêÜ should reject invalid API key (5 ms)
      ΓêÜ should reject API key with suspended tenant (2 ms)
      ΓêÜ should reject API key with deleted tenant (1 ms)
      ΓêÜ should handle API key without tenant object (4 ms)
      ΓêÜ should handle API key with null tenant (1 ms)
      ΓêÜ should handle API key with undefined scopes (1 ms)
      ΓêÜ should attach tenant context when user has no tenant (5 ms)
      ΓêÜ should reject user with suspended tenant (7 ms)
      ΓêÜ should reject user with deleted tenant (1 ms)
      ΓêÜ should reject user with SUSPENDED tenant status (uppercase) (2 ms)
      ΓêÜ should reject user with DELETED tenant status (uppercase) (5 ms)
      ΓêÜ should allow super admin to override tenant via x-tenant-id (7 ms)
      ΓêÜ should ignore invalid tenant code override for super admin (2 ms)
      ΓêÜ should ignore inactive tenant id override for super admin (5 ms)
      ΓêÜ should handle INACTIVE user status (11 ms)
      ΓêÜ should handle error in try-catch block (1 ms)
      ΓêÜ should handle non-string role name (5 ms)
      ΓêÜ should handle SUPERADMIN role name variant (5 ms)
      ΓêÜ should handle SUPER_ADMIN role name variant (with underscore) (5 ms)
    optionalAuth
      ΓêÜ should continue without auth when no token (1 ms)
      ΓêÜ should attach user when valid token (1 ms)
      ΓêÜ should continue without user when token is invalid (5 ms)
    denyApiKey
      ΓêÜ should deny request from API key (1 ms)
      ΓêÜ should allow normal user request (1 ms)
    superAdminOnly
      ΓêÜ should deny non-super-admin (8 ms)
      ΓêÜ should allow super admin (5 ms)
      ΓêÜ should deny when user has no role (1 ms)
      ΓêÜ should deny when user is null (9 ms)

PASS src/tests/validators/warehouse.validator.test.js
  Warehouse Validators
    getWarehousesQuery
      ΓêÜ should validate correct query parameters and apply defaults (10 ms)
      ΓêÜ should allow empty find and status (6 ms)
      ΓêÜ should reject invalid status (10 ms)
      ΓêÜ should reject invalid page or limit (5 ms)
    warehouseIdSchema
      ΓêÜ should validate correct uuid (6 ms)
      ΓêÜ should reject invalid uuid or missing (1 ms)
    locationIdSchema
      ΓêÜ should validate correct uuid (1 ms)
      ΓêÜ should reject invalid uuid or missing (9 ms)
    createWarehouseSchema
      ΓêÜ should validate correct data and lowercase status (6 ms)
      ΓêÜ should reject missing required fields name or code (8 ms)
      ΓêÜ should handle null status and type conversions gracefully (8 ms)
    updateWarehouseSchema
      ΓêÜ should validate correct partial data (5 ms)
      ΓêÜ should reject invalid fields (1 ms)
      ΓêÜ should validate correct partial data without status (7 ms)
      ΓêÜ should validate correct partial data with null status
    createLocationSchema
      ΓêÜ should validate correct data (1 ms)
      ΓêÜ should reject missing warehouseId, name, or code (2 ms)
    updateLocationSchema
      ΓêÜ should validate correct partial data (7 ms)
    formatErrors
      ΓêÜ should format errors correctly (1 ms)

  console.log
    TOP-MODELS [
      'TenantScopedModel',
      'UnderscoreModel',
      'CustomFieldModel',
      'NoTenantModel',
      'models'
    ]

      at Object.<anonymous> (src/tests/middlewares/rlsEnf.test.js:54:9)

PASS src/tests/services/workflow.service.test.js
  Workflow Service
    getWorkflows
      ΓêÜ should fetch all workflows for a tenant (8 ms)
    getWorkflowById
      ΓêÜ should fetch workflow by ID if it exists (6 ms)
      ΓêÜ should throw NotFoundError if workflow does not exist (6 ms)
    createWorkflow
      ΓêÜ should create workflow and steps, committing transaction (5 ms)
      ΓêÜ should rollback transaction on error (12 ms)
    updateWorkflow
      ΓêÜ should update workflow properties and steps (5 ms)
      ΓêÜ should rollback on update error (8 ms)
    deleteWorkflow
      ΓêÜ should destroy the workflow (7 ms)
    startWorkflow
      ΓêÜ should return null if no active workflow exists (8 ms)
      ΓêÜ should create a WorkflowInstance if active workflow exists (1 ms)
      ΓêÜ should log warn and return null when DB query throws error (9 ms)
    getPendingTasks
      ΓêÜ should return pending tasks requiring the user's role and not already acted upon (6 ms)
    submitAction
      ΓêÜ should throw 404 if instance not found (7 ms)
      ΓêÜ should throw 400 if instance status is not PENDING (7 ms)
      ΓêÜ should throw 500 if step configuration is missing (6 ms)
      ΓêÜ should throw 403 if user does not have the required role (1 ms)
      ΓêÜ should throw 400 if user has already acted on this step (1 ms)
      ΓêÜ should process REJECTED action and update resource status (7 ms)
      ΓêÜ should process APPROVED and advance to next step if not final (18 ms)
      ΓêÜ should process APPROVED, finalize workflow and update resource status (StockTransfer, MaintenanceWorkOrder) 
(6 ms)
      ΓêÜ should update MaintenanceWorkOrder when approved (1 ms)
      ΓêÜ should process APPROVED, finalize workflow and update Certificate status (5 ms)
      ΓêÜ should process REJECTED action and update StockTransfer status (4 ms)
      ΓêÜ should handle missing target resource gracefully during status update (13 ms)
      ΓêÜ should rollback transaction on submit error (5 ms)

PASS src/tests/services/user.service.test.js
  user.service
    fetchUsers
      ΓêÜ should fetch users with pagination (25 ms)
      ΓêÜ should throw when transaction fails (17 ms)
    fetchSpecificUser
      ΓêÜ should return user by ID (6 ms)
      ΓêÜ should throw 404 when user not found (1 ms)
    checkUsernameAvailability
      ΓêÜ should return available when no user exists (10 ms)
      ΓêÜ should return taken when user exists (6 ms)
    userRoleUpdate
      ΓêÜ should update user role successfully (14 ms)
      ΓêÜ should throw 404 when user not found (10 ms)
      ΓêÜ should throw 400 when role is inactive (20 ms)
      ΓêÜ should throw 400 when user already has this role (2 ms)
    userCreate
      ΓêÜ should create a new user (14 ms)
      ΓêÜ should throw 409 when username already exists (6 ms)
      ΓêÜ should throw 409 when email already exists (6 ms)
      ΓêÜ should throw 404 when role not found (5 ms)
    editUser
      ΓêÜ should update user successfully (14 ms)
      ΓêÜ should throw 404 when user not found (6 ms)
    deleteUser
      ΓêÜ should delete user successfully (5 ms)
      ΓêÜ should throw 400 when trying to delete self (2 ms)
      ΓêÜ should throw 400 when userId is missing (11 ms)
      ΓêÜ should deny cross-tenant delete for a non-super-admin (6 ms)
    access-control guards
      ΓêÜ userRoleUpdate denies granting SUPER_ADMIN for a non-super-admin (16 ms)
      ΓêÜ userRoleUpdate denies cross-tenant modification (11 ms)
      ΓêÜ userCreate denies creating a SUPER_ADMIN for a non-super-admin (20 ms)

PASS src/tests/middlewares/rlsEnf.test.js
  rlsEnforcement middleware
    ΓêÜ should skip if dialect is not postgres (12 ms)
    ΓêÜ should call next immediately when no tenant context is present (4 ms)
    ΓêÜ should execute RLS session variables query in postgres dialect (11 ms)
    ΓêÜ should set SUPER_ADMIN tenant variable for superadmin context (6 ms)
    ΓêÜ should escape single quotes in the tenant value (13 ms)
    ΓêÜ should log and forward the error when the transaction fails (29 ms)
    ΓêÜ should not forward the error when headers are already sent (9 ms)
    ΓêÜ should initialize Postgres RLS skip if not using postgres (15 ms)
    ΓêÜ should create RLS policies for tenant-scoped models (23 ms)
    ΓêÜ should log a warning when policy creation fails for a table (23 ms)

PASS src/tests/services/dashboard.service.test.js
  dashboard.service
    getDashboardMetrics
      ΓêÜ should return tenant-scoped metrics when tenantId provided (25 ms)
      ΓêÜ should return global metrics when tenantId is null (36 ms)
      ΓêÜ should calculate compliance rate correctly (10 ms)
      ΓêÜ should return null compliance rate when no calibrations (5 ms)
      ΓêÜ should handle tenant not found in tenant scope (5 ms)
      ΓêÜ should include trends in response (22 ms)
      ΓêÜ should include inventory metrics (22 ms)
      ΓêÜ should handle zero totalQuantity (26 ms)

PASS src/tests/services/tenantHierarchy.service.test.js
  tenantHierarchy.service
    createSubOrganization
      ΓêÜ should throw error when hierarchy is disabled (22 ms)
      ΓêÜ should throw error when parent tenant not found (8 ms)
      ΓêÜ should throw error when parent tenant is not active (9 ms)
      ΓêÜ should create sub-organization successfully (12 ms)
    getTenantTree
      ΓêÜ should return root tree when hierarchy not found (9 ms)
      ΓêÜ should return tree with children (15 ms)
      ΓêÜ should return empty children on error (4 ms)
    getDescendantTenants
      ΓêÜ should return empty array when hierarchy not found (8 ms)
      ΓêÜ should return descendant tenant IDs (13 ms)
      ΓêÜ should return empty array on error (5 ms)
    getAncestorTenants
      ΓêÜ should return empty array when hierarchy not found (13 ms)
      ΓêÜ should return ancestor tenants (7 ms)
      ΓêÜ should return empty array on error (7 ms)
    getDataVisibilityScope
      ΓêÜ should return self scope (3 ms)
      ΓêÜ should return subtree scope (16 ms)
      ΓêÜ should return self scope for unknown scope (14 ms)
    buildTenantFilter
      ΓêÜ should return tenant filter with in clause (13 ms)
    assignRoleToUserAcrossHierarchy
      ΓêÜ should assign role to user across tenants (19 ms)
      ΓêÜ should throw error on assignment failure (40 ms)
    getUserRolesAcrossTenants
      ΓêÜ should return user roles across tenants (19 ms)
      ΓêÜ should return empty array on error (55 ms)
    getStatus
      ΓêÜ should return service status (54 ms)
    HIERARCHY_SCOPE
      ΓêÜ should have correct scope values (26 ms)

PASS src/tests/controllers/tenantHierarchy.controller.test.js
  tenantHierarchy Controller
    createSubOrganization
      ΓêÜ should create a sub-organization (11 ms)
    getTenantTree
      ΓêÜ should get tenant tree for current user tenant (5 ms)
    getDescendants
      ΓêÜ should get descendant tenants (1 ms)
    getAncestors
      ΓêÜ should get ancestor tenants (1 ms)
    getDataVisibilityScope
      ΓêÜ should return visibility scope with default self (1 ms)
    assignRoleAcrossHierarchy
      ΓêÜ should assign role across hierarchy (7 ms)
    getUserRolesAcrossTenants
      ΓêÜ should get user roles across tenants (6 ms)
    getStatus
      ΓêÜ should return service status (7 ms)
    getTenantChildren
      ΓêÜ should get child tenants of a tenant (11 ms)
    getTenantParent
      ΓêÜ should get parent tenant (10 ms)
    getTenantDescendants
      ΓêÜ should get all descendant tenants (10 ms)
    getTenantAncestors
      ΓêÜ should get all ancestor tenants (10 ms)
    addChildTenant
      ΓêÜ should add a child tenant under a parent (17 ms)
    updateTenantParent
      ΓêÜ should update a tenant's parent (32 ms)
      ΓêÜ should return 404 when tenant not found (24 ms)
      ΓêÜ should return 404 when new parent not found (32 ms)
    removeTenantParent
      ΓêÜ should remove a tenant's parent (30 ms)
      ΓêÜ should handle tenant not found (14 ms)
      ΓêÜ should handle already root tenant (15 ms)
    getCrossTenantRoles
      ΓêÜ should return cross-tenant roles with userId filter (20 ms)
      ΓêÜ should return empty when no userId filter (19 ms)

PASS src/tests/validators/audit.validator.test.js
  Audit Validators
    ΓêÜ should return { error, value } from validate (13 ms)
    ΓêÜ should surface validation errors (15 ms)
    ΓêÜ should format error details (19 ms)

PASS src/tests/validators/session.validator.test.js
  Session Validators
    revokeSessionSchema
      ΓêÜ should validate with default reason (16 ms)
      ΓêÜ should validate with custom reason (7 ms)
      ΓêÜ should reject reason exceeding max length (4 ms)
    revokeAllSessionsSchema
      ΓêÜ should validate with default reason (2 ms)
      ΓêÜ should validate with custom reason (8 ms)
      ΓêÜ should reject reason exceeding max length (9 ms)
    formatErrors
      ΓêÜ should format error details correctly (2 ms)
      ΓêÜ should handle nested field paths (6 ms)
      ΓêÜ should return empty array for empty input (1 ms)

PASS src/tests/services/customDomains.service.test.js
  customDomainsService
    verifyDomain
      ΓêÜ should return verified with DNS record (19 ms)
      ΓêÜ should return not verified when custom domains disabled (3 ms)
    addDomain
      ΓêÜ should add domain using Postgres raw SQL (10 ms)
      ΓêÜ should add domain using SQLite model (9 ms)
      ΓêÜ should send verification email to admin (13 ms)
      ΓêÜ should handle error when admin email is missing or throws (10 ms)
      ΓêÜ should throw conflict error if domain already exists (33 ms)
      ΓêÜ should throw error for invalid domain format (53 ms)
      ΓêÜ should handle database errors gracefully (27 ms)
      ΓêÜ should throw error when custom domains disabled (15 ms)
      ΓêÜ should throw error when tenantId is missing (24 ms)
      ΓêÜ should throw error when domain is missing (28 ms)
    removeDomain
      ΓêÜ should remove domain using Postgres raw SQL (5 ms)
      ΓêÜ should remove domain using SQLite model (11 ms)
      ΓêÜ should throw error when removal db transaction throws error (29 ms)
      ΓêÜ should throw error when tenantId is missing (13 ms)
      ΓêÜ should throw error when domain is missing (40 ms)
    getDomainByDomain
      ΓêÜ should retrieve domain using Postgres (8 ms)
      ΓêÜ should retrieve domain using SQLite (13 ms)
      ΓêÜ should return null on DB error (17 ms)
    resolveTenantByDomain
      ΓêÜ should resolve tenant using Postgres (6 ms)
      ΓêÜ should resolve tenant using SQLite (12 ms)
      ΓêÜ should return null when resolution db query fails (9 ms)
      ΓêÜ should return null for default subdomain (5 ms)
    getTenantDomains
      ΓêÜ should list domains using Postgres (1 ms)
      ΓêÜ should list domains using SQLite (12 ms)
      ΓêÜ should return empty array on failure (3 ms)
    provisionTLSCertificate
      ΓêÜ should return success when TLS auto-provisioning enabled (11 ms)
      ΓêÜ should return failure when TLS auto-provisioning disabled (2 ms)
    getStatus
      ΓêÜ should return service status (9 ms)
    constants
      ΓêÜ should export DOMAIN_STATUS (2 ms)
      ΓêÜ should export DOMAIN_TYPE (1 ms)

PASS src/tests/controllers/userPermission.controller.test.js
  userPermission Controller
    getUserPermissions
      ΓêÜ should return user permissions (16 ms)
      ΓêÜ should return 404 when user not found (8 ms)
    setUserPermission
      ΓêÜ should set a user permission (8 ms)
      ΓêÜ should return 400 when menuGroupId is missing (11 ms)
      ΓêÜ should return 400 when permissionType is missing (12 ms)
      ΓêÜ should default grantedBy to null when user is not on req (8 ms)
    removeUserPermission
      ΓêÜ should remove a user permission (8 ms)
      ΓêÜ should handle service error (20 ms)

PASS src/tests/utils/circuitBreaker.test.js
  circuitBreaker
    STATES
      ΓêÜ should define states (13 ms)
    CircuitBreaker class
      ΓêÜ should start in closed state (21 ms)
      ΓêÜ should execute function successfully in closed state (10 ms)
      ΓêÜ should throw when circuit is open (55 ms)
      ΓêÜ should transition to half-open after timeout (29 ms)
      ΓêÜ should close after enough successes in half-open (6 ms)
      ΓêÜ should open after reaching failure threshold (11 ms)
      ΓêÜ should reset on successful execution in closed state (18 ms)
      ΓêÜ should reset when manually reset (1 ms)
      ΓêÜ should allow manual open (9 ms)
      ΓêÜ should emit events (12 ms)
      ΓêÜ should transition to open on failure in half-open state (9 ms)
      ΓêÜ should log error when event listener throws (9 ms)
    CircuitBreakerPool
      ΓêÜ should create new breaker if not exists (8 ms)
      ΓêÜ should return existing breaker (1 ms)
      ΓêÜ should return all states (7 ms)
      ΓêÜ should reset all breakers (8 ms)
      ΓêÜ should return pool stats (5 ms)
    getBreaker
      ΓêÜ should return pre-configured breaker for email (8 ms)
      ΓêÜ should return pre-configured breaker for sms (1 ms)
      ΓêÜ should return default breaker for unknown service (1 ms)
    withCircuitBreaker
      ΓêÜ should execute function with circuit breaker (1 ms)
      ΓêÜ should throw when circuit is open (7 ms)
    getPoolStats
      ΓêÜ should return pool stats (8 ms)
    resetAll
      ΓêÜ should reset all breakers (1 ms)
    extra branch edge cases
      ΓêÜ should handle default options when constructor is called without args (6 ms)
      ΓêÜ should handle registering invalid events and emitting invalid events (6 ms)
      ΓêÜ should handle _transitionTo with invalid state (6 ms)
      ΓêÜ should skip success processing when state is OPEN (1 ms)

PASS src/tests/controllers/migration.controller.test.js
  migration Controller
    migrate
      ΓêÜ should run Up() migration and respond success (21 ms)
      ΓêÜ should handle Up() rejection (22 ms)
    dropTable
      ΓêÜ should run Down() drop and respond success (11 ms)
      ΓêÜ should handle Down() rejection (12 ms)
    seeding
      ΓêÜ should call migrationService.seedAll and respond (2 ms)
      ΓêÜ should handle seedAll rejection (5 ms)
    unseeding
      ΓêÜ should call migrationService.unseedAll and respond (13 ms)
      ΓêÜ should handle unseedAll rejection (13 ms)

PASS src/tests/controllers/billing.controller.test.js
  billing Controller
    getSubscription
      ΓêÜ should return the current subscription (11 ms)
    updateSubscription
      ΓêÜ should update the subscription (9 ms)
    fetchInvoices
      ΓêÜ should return paginated invoices (12 ms)
      ΓêÜ should use defaults when no query params (1 ms)
    handleStripeWebhook
      ΓêÜ should process a valid Stripe webhook event (14 ms)
      ΓêÜ should return 400 on invalid signature (3 ms)
      ΓêÜ should return 500 on webhook processing error (12 ms)
      ΓêÜ should handle customer.subscription.created event (1 ms)
      ΓêÜ should handle customer.subscription.updated event (3 ms)
      ΓêÜ should handle invoice.payment_succeeded event (4 ms)
      ΓêÜ should handle invoice.payment_failed event (7 ms)
      ΓêÜ should handle customer.subscription.deleted event (2 ms)

PASS src/tests/middlewares/globalSanitizer.test.js
  globalSanitizer middleware
    ΓêÜ should call next() after sanitizing body, query, and params (9 ms)
    ΓêÜ should sanitize string values in req.body (2 ms)
    ΓêÜ should not sanitize excluded fields (avatar_url, avatar, etc.) (9 ms)
    ΓêÜ should recursively sanitize nested objects (4 ms)
    ΓêÜ should sanitize array values inside req.body (5 ms)
    ΓêÜ should mutate req.query in place (safe for Express 5 getter-only query) (1 ms)
    ΓêÜ should sanitize req.params (4 ms)
    ΓêÜ should skip undefined/null body gracefully (1 ms)
    ΓêÜ should handle empty body object (3 ms)
    ΓêÜ should skip undefined/null query gracefully (1 ms)
    ΓêÜ should skip undefined/null params gracefully (4 ms)
    ΓêÜ should preserve non-string primitives in body (6 ms)
    ΓêÜ should not sanitize objects that are values of excluded fields (6 ms)

PASS src/tests/controllers/dashboard.controller.test.js
  dashboardController
    getDashboardMetrics
      ΓêÜ should return tenant-scoped metrics for non-super-admin (13 ms)
      ΓêÜ should return global metrics for SUPER_ADMIN (4 ms)
      ΓêÜ should return tenant-scoped metrics for SUPER_ADMIN with tenantId query param (17 ms)
      ΓêÜ should return tenant-scoped metrics when SUPER_ADMIN has no tenantId query param (8 ms)
      ΓêÜ should handle service error (8 ms)

PASS src/tests/controllers/iot.controller.test.js
  iotController
    ingestHttp
      ΓêÜ should ingest a reading with valid token and payload (28 ms)
      ΓêÜ should accept token from request body instead of header (15 ms)
      ΓêÜ should return 401 when token is missing (16 ms)
      ΓêÜ should return 400 when payload is missing (7 ms)
      ΓêÜ should return 401 when device token is invalid (6 ms)
      ΓêÜ should return 400 when payload is not an object (2 ms)
      ΓêÜ should handle service error via next (10 ms)

PASS src/tests/controllers/workflow.controller.test.js
  workflow Controller
    getWorkflows
      ΓêÜ should return workflows (9 ms)
      ΓêÜ should handle errors (36 ms)
    getWorkflowById
      ΓêÜ should return workflow by id (18 ms)
    createWorkflow
      ΓêÜ should create workflow (12 ms)
    updateWorkflow
      ΓêÜ should update workflow (5 ms)
    deleteWorkflow
      ΓêÜ should delete workflow (8 ms)
    getPendingTasks
      ΓêÜ should return pending tasks (6 ms)
    submitAction
      ΓêÜ should submit action (8 ms)

PASS src/tests/controllers/reporting.controller.test.js
  reporting Controller
    summary
      ΓêÜ should return dashboard summary (16 ms)
    compliance
      ΓêÜ should return compliance report as JSON when no format param (7 ms)
      ΓêÜ should filter compliance by date range (5 ms)
      ΓêÜ should return CSV when format=csv (9 ms)
    calibrationWorkload
      ΓêÜ should return calibration workload report (1 ms)
    overdueDevices
      ΓêÜ should return overdue devices report (1 ms)
      ΓêÜ should return CSV when format=csv (5 ms)
    inventory
      ΓêÜ should return inventory report (1 ms)
      ΓêÜ should return CSV when format=csv (7 ms)

PASS src/tests/services/attachment.service.test.js
  attachment.service
    createAttachment
      ΓêÜ should throw when no file uploaded (10 ms)
      ΓêÜ should create attachment from uploaded file (14 ms)
      ΓêÜ should reject if virus scan fails (4 ms)
    listAttachments
      ΓêÜ should return paginated attachments with defaults (5 ms)
      ΓêÜ should filter by resourceType (2 ms)
      ΓêÜ should filter by resourceId (1 ms)
      ΓêÜ should cap limit to MAX_LIMIT (1 ms)
      ΓêÜ should return empty when no attachments match (1 ms)
    getAttachment
      ΓêÜ should return attachment metadata (1 ms)
      ΓêÜ should throw 404 when not found (8 ms)
    deleteAttachment
      ΓêÜ should soft-delete the attachment (6 ms)
      ΓêÜ should throw 404 when not found (2 ms)
    generateSignedUrl
      ΓêÜ should generate a signed URL with HMAC token (8 ms)
      ΓêÜ should use custom expiry when provided (6 ms)
    _verifySignedToken
      ΓêÜ should return true for a valid token (6 ms)
      ΓêÜ should return false for invalid token (4 ms)
      ΓêÜ should return false for expired token (1 ms)

PASS src/tests/controllers/eSignature.controller.test.js
  eSignature Controller
    getKeyPairs
      ΓêÜ should return key pairs (19 ms)
    createKeyPair
      ΓêÜ should create key pair (5 ms)
    deleteKeyPair
      ΓêÜ should delete key pair (1 ms)
    getWorkflows
      ΓêÜ should return workflows (9 ms)
      ΓêÜ should filter by status (2 ms)
    createWorkflow
      ΓêÜ should create workflow (1 ms)
    getWorkflow
      ΓêÜ should return workflow (1 ms)
    updateWorkflow
      ΓêÜ should update workflow (5 ms)
    deleteWorkflow
      ΓêÜ should delete workflow (7 ms)
    signDocument
      ΓêÜ should sign document (7 ms)
    verifySignature
      ΓêÜ should verify signature (8 ms)
    getSignatureHistory
      ΓêÜ should return history (6 ms)
    cancelWorkflow
      ΓêÜ should cancel workflow (1 ms)
    revokeSignature
      ΓêÜ should revoke signature (2 ms)
    getStatus
      ΓêÜ should return status (6 ms)

PASS src/tests/services/email.service.test.js
  email.service
    sendEmail
      ΓêÜ should send an email with correct parameters (7 ms)
    sendActivationEmail
      ΓêÜ should render template and send activation email (12 ms)
    sendOtpEmail
      ΓêÜ should render template and send OTP email (4 ms)
    sendNotificationEmail
      ΓêÜ should send notification email with all fields and CTA url (8 ms)
      ΓêÜ should fall back to default name when firstName is missing and omit CTA when actionUrl is invalid (2 ms)

PASS src/tests/controllers/dataRetention.controller.test.js
  dataRetention Controller
    getRetentionPolicy
      ΓêÜ should return policy (7 ms)
    setRetentionPolicy
      ΓêÜ should set policy (5 ms)
    isOnLegalHold
      ΓêÜ should return legal hold status (1 ms)
    enableLegalHold
      ΓêÜ should enable legal hold (1 ms)
    disableLegalHold
      ΓêÜ should disable legal hold (5 ms)
    purgeExpiredRecords
      ΓêÜ should purge records (1 ms)
    maskPII
      ΓêÜ should mask PII (1 ms)
    anonymizeDataset
      ΓêÜ should anonymize dataset (6 ms)

PASS src/tests/controllers/vendor.controller.test.js
  vendor Controller
    fetchVendors
      ΓêÜ should list vendors with pagination (14 ms)
      ΓêÜ should filter by status (6 ms)
    getVendorById
      ΓêÜ should return a specific vendor (7 ms)
      ΓêÜ should handle vendor not found (1 ms)
    createVendor
      ΓêÜ should create a vendor (9 ms)
    updateVendor
      ΓêÜ should update a vendor (4 ms)
      ΓêÜ should handle vendor not found on update (1 ms)
    deleteVendor
      ΓêÜ should delete a vendor (8 ms)
      ΓêÜ should handle vendor not found on delete (5 ms)
    qualifyVendor
      ΓêÜ should qualify a vendor (4 ms)
      ΓêÜ should qualify with minimal body (1 ms)

PASS src/tests/services/kms.service.test.js
  kmsService
    encryptData
      ΓêÜ should return null for empty plaintext (9 ms)
      ΓêÜ should encrypt data and return formatted payload (10 ms)
      ΓêÜ should use tenantId as AAD for encryption (1 ms)
      ΓêÜ should throw AppError on encryption failure (6 ms)
      ΓêÜ should generate unique encrypted output for each call (2 ms)
    decryptData
      ΓêÜ should return plaintext as-is for non-encrypted payload (1 ms)
      ΓêÜ should return plaintext for non-v1 payload (2 ms)
      ΓêÜ should decrypt valid encrypted payload (5 ms)
      ΓêÜ should throw AppError for invalid payload structure (2 ms)
      ΓêÜ should throw AppError when decryption fails due to corrupted data (6 ms)
      ΓêÜ should throw AppError when DEK decryption fails (10 ms)
      ΓêÜ should use tenantId as AAD during decryption (7 ms)

PASS src/tests/services/certificatePdf.service.test.js
  certificatePdf.service
    computeIntegrityHash
      ΓêÜ should return a hex hash string (8 ms)
    computeSignature
      ΓêÜ should return an hmac signature (6 ms)
    generateCertificatePdf
      ΓêÜ should generate a PDF for a valid certificate (14 ms)
      ΓêÜ should return 404 when certificate not found (4 ms)
    getOrCreatePdf
      ΓêÜ should return cached PDF if it exists (2 ms)
      ΓêÜ should generate PDF if not cached (6 ms)
      ΓêÜ should return 404 when certificate not found (8 ms)
    verifyByCertificateNumber
      ΓêÜ should verify a valid certificate (3 ms)
      ΓêÜ should return not found for unknown certificate number (6 ms)
      ΓêÜ should mark revoked certificate as not valid (7 ms)
      ΓêÜ should mark expired certificate as not valid (2 ms)

PASS src/tests/utils/response.test.js
  response utils
    success
      ΓêÜ should send a success response with data and message (9 ms)
      ΓêÜ should default to 200 status (4 ms)
      ΓêÜ should default message to success (2 ms)
      ΓêÜ should send null data when provided (1 ms)
      ΓêÜ should include meta when provided (8 ms)
      ΓêÜ should include auth data when provided (2 ms)
      ΓêÜ should handle meta as second param with message as fourth (6 ms)
      ΓêÜ should handle default parameter fallback when data is undefined (1 ms)
      ΓêÜ should handle metaOrMessage being string and messageOrStatusCode not a number (2 ms)
      ΓêÜ should handle metaOrMessage being string and statusCode not a number (4 ms)
      ΓêÜ should use number from messageOrStatusCode when metaOrMessage is not a string (1 ms)
      ΓêÜ should default status to 200 when messageOrStatusCode is not number or string (5 ms)
      ΓêÜ should handle partial authData in success (1 ms)
    error
      ΓêÜ should send an error response (4 ms)
      ΓêÜ should default to 400 status (6 ms)
      ΓêÜ should include details in non-production (7 ms)
      ΓêÜ should not include details in production (1 ms)
      ΓêÜ should set data to null (1 ms)
    notFound
      ΓêÜ should send 404 response (1 ms)
      ΓêÜ should default to Resource not found (5 ms)
    badRequest
      ΓêÜ should send 400 response (6 ms)
      ΓêÜ should default to Bad request (2 ms)
    unauthorized
      ΓêÜ should send 401 response (4 ms)
      ΓêÜ should default to Unauthorized (1 ms)
    forbidden
      ΓêÜ should send 403 response (6 ms)
      ΓêÜ should default to Forbidden (3 ms)
    paginated
      ΓêÜ should send paginated response (6 ms)
      ΓêÜ should include customCounts (1 ms)
      ΓêÜ should handle default page and limit (7 ms)
      ΓêÜ should handle res.query being missing entirely (8 ms)
    login
      ΓêÜ should send login response with token and session (1 ms)
      ΓêÜ should handle null session (7 ms)
    paginate
      ΓêÜ should paginate an array of items (1 ms)
      ΓêÜ should handle empty array (8 ms)
      ΓêÜ should handle default parameters in paginate (2 ms)

PASS src/tests/middlewares/accessLog.test.js
  accessLog middleware
    ΓêÜ should export accessLog and errorLog middleware functions (5 ms)
    ΓêÜ should create two morgan instances with a custom format (4 ms)
    skip predicates
      ΓêÜ should skip access logging for /health (1 ms)
      ΓêÜ should skip access logging for /live
      ΓêÜ should skip access logging for /ready (1 ms)
      ΓêÜ should skip access logging for /favicon.ico (1 ms)
      ΓêÜ should skip access logging for /docs (1 ms)
      ΓêÜ should skip access logging for / (1 ms)
      ΓêÜ should skip access logging for /documentation (5 ms)
      ΓêÜ should skip access logging for /standards (1 ms)
      ΓêÜ should skip access logging for /tab-permissions (8 ms)
      ΓêÜ should skip access logging for /api/v1/permissions/tables (1 ms)
      ΓêÜ should not skip access logging for non-excluded paths (6 ms)
      ΓêÜ should skip error logging when status code is below 400 (1 ms)
      ΓêÜ should not skip error logging when status code is >= 400 (8 ms)
    custom tokens
      ΓêÜ custom-date token should format the current date (1 ms)
      ΓêÜ request-id token should fall back to dash when absent (1 ms)
      ΓêÜ request-id token should return the request id (1 ms)
      ΓêÜ user-id token should fall back to dash when absent (1 ms)
      ΓêÜ user-id token should return the user id (4 ms)
      ΓêÜ real-ip token should prefer cf-connecting-ip (3 ms)
      ΓêÜ real-ip token should fall back to x-forwarded-for (1 ms)
      ΓêÜ real-ip token should fall back to req.ip
    rotating stream naming
      ΓêÜ should default the log file name when no time is provided
      ΓêÜ should include the date in the log file name when time is provided (1 ms)

PASS src/tests/services/maintenance.service.test.js
  maintenance.service
    fetchWorkOrders
      ΓêÜ should fetch work orders with pagination (12 ms)
      ΓêÜ should filter by status (8 ms)
      ΓêÜ should filter by type (8 ms)
      ΓêÜ should filter by priority (1 ms)
      ΓêÜ should filter by deviceId (1 ms)
      ΓêÜ should filter by search (fuzzy title) (1 ms)
      ΓêÜ should cap limit to MAX_LIMIT (2 ms)
      ΓêÜ should propagate error on failure (1 ms)
    getWorkOrderById
      ΓêÜ should return work order by ID (3 ms)
      ΓêÜ should throw 404 when work order not found (1 ms)
      ΓêÜ should propagate database error (1 ms)
    createWorkOrder
      ΓêÜ should create a new work order (1 ms)
      ΓêÜ should map assigneeId to assignedTo (1 ms)
      ΓêÜ should propagate database error (1 ms)
    updateWorkOrder
      ΓêÜ should update work order fields (7 ms)
      ΓêÜ should map assigneeId to assignedTo in update (11 ms)
      ΓêÜ should throw 404 when work order not found (1 ms)
      ΓêÜ should propagate database error (9 ms)
    deleteWorkOrder
      ΓêÜ should delete a work order (7 ms)
      ΓêÜ should throw 404 when work order not found (2 ms)
      ΓêÜ should propagate database error (6 ms)

PASS src/tests/controllers/apiKey.controller.test.js
  apiKey Controller
    create
      ΓêÜ should create an API key (18 ms)
      ΓêÜ should create without optional fields (12 ms)
    list
      ΓêÜ should list API keys with default pagination (8 ms)
      ΓêÜ should list API keys with custom pagination (1 ms)
    getOne
      ΓêÜ should return a specific API key (7 ms)
      ΓêÜ should handle service error (2 ms)
    revoke
      ΓêÜ should revoke an API key (5 ms)
      ΓêÜ should handle service error on revoke (6 ms)

PASS src/tests/middlewares/sessionSecurity.test.js
  sessionSecurity middleware
    sessionFixationProtection
      ΓêÜ should revoke old session on login (12 ms)
      ΓêÜ should revoke old session on mfa/verify (6 ms)
      ΓêÜ should revoke old session on sso/callback (8 ms)
      ΓêÜ should skip non-auth paths (1 ms)
    enforceSessionLimit
      ΓêÜ should return a promise that resolves to a middleware function (6 ms)
      ΓêÜ should pass through when within session limit (2 ms)
    validateSessionBinding
      ΓêÜ should be an async function (4 ms)
      ΓêÜ should pass through when session exists (1 ms)
      ΓêÜ should pass through when no session (3 ms)
    enforceSessionTimeout
      ΓêÜ should return a middleware function (2 ms)
      ΓêÜ should pass through when session is active (1 ms)
      ΓêÜ should return 401 when session timed out (1 ms)
    securityHeaders
      ΓêÜ should set security headers (2 ms)
      ΓêÜ should not override existing X-Frame-Options (1 ms)
    fullSessionSecurity
      ΓêÜ should return an array of middleware functions (6 ms)

PASS src/tests/utils/session.test.js
  session utility
    hashToken
      ΓêÜ should hash a token consistently (3 ms)
      ΓêÜ should produce different hashes for different tokens
    createSession
      ΓêÜ should create a session with all fields (2 ms)
      ΓêÜ should create session with null optional fields
    findSession
      ΓêÜ should find session by sessionId
      ΓêÜ should find session by token and userId when no sessionId (4 ms)
      ΓêÜ should return null when session not found (1 ms)
    revokeSession
      ΓêÜ should revoke a session (8 ms)
    revokeAllUserSessions
      ΓêÜ should revoke all sessions for a user (5 ms)

PASS src/tests/utils/storagePath.test.js
  storagePath util
    non-packaged mode (default)
      ΓêÜ should join a single segment to the storage root (16 ms)
      ΓêÜ should join multiple segments (3 ms)
      ΓêÜ should always produce an absolute path (6 ms)
      ΓêÜ should return a string for the storage root with no segments (7 ms)
      ΓêÜ should use path.resolve with __dirname for non-packaged mode (2 ms)
    packaged mode (process.pkg is set)
      ΓêÜ should use APP_STORAGE_PATH when set in packaged mode (9 ms)
      ΓêÜ should use fallback path when APP_STORAGE_PATH is not set in packaged mode (9 ms)
      ΓêÜ should join multiple segments in packaged mode with custom path (9 ms)
      ΓêÜ should produce absolute path in packaged mode (6 ms)
      ΓêÜ should return string for storage root with no segments in packaged mode (6 ms)
      ΓêÜ should prioritize APP_STORAGE_PATH over fallback in packaged mode (5 ms)
    edge cases
      ΓêÜ should handle empty string segments (8 ms)
      ΓêÜ should handle segments with leading slashes (7 ms)
      ΓêÜ should handle APP_STORAGE_PATH with trailing slash (5 ms)

PASS src/tests/utils/env.test.js
  env.util
    ΓêÜ should not throw when loaded (23 ms)
    ΓêÜ should load dotenv config in development mode (7 ms)
    ΓêÜ should handle process.pkg being undefined (development) (1 ms)
    ΓêÜ should always produce an absolute path (7 ms)
    ΓêÜ should load dotenv config from execPath directory when packaged (5 ms)

PASS src/tests/controllers/notification.controller.test.js
  notification Controller
    fetchUserNotifications
      ΓêÜ should return paginated notifications (9 ms)
      ΓêÜ should set isSuperAdmin for SUPER_ADMIN role (1 ms)
      ΓêÜ should set isSuperAdmin for SUPERADMIN role (2 ms)
      ΓêÜ should filter by isRead (2 ms)
      ΓêÜ should filter by type (1 ms)
    markAsRead
      ΓêÜ should mark notification as read (5 ms)
    markAllAsRead
      ΓêÜ should mark all notifications as read (2 ms)
    deleteNotification
      ΓêÜ should delete a notification (7 ms)
    sendTestNotification
      ΓêÜ should emit a test notification (user scope) (2 ms)
      ΓêÜ should emit a test notification (tenant scope) (8 ms)
      ΓêÜ should use defaults when body is empty (104 ms)
      ΓêÜ should use defaults when body is undefined (6 ms)

PASS src/tests/controllers/certificatePdf.controller.test.js
  certificatePdf Controller
    generatePdf
      ΓêÜ should generate PDF (7 ms)
      ΓêÜ should handle generation failure (11 ms)
    downloadPdf
      ΓêÜ should download PDF (13 ms)
      ΓêÜ should handle failure (2 ms)
    verifyCertificate
      ΓêÜ should verify found certificate (2 ms)
      ΓêÜ should handle not found (1 ms)

PASS src/tests/middlewares/errorHandlers.test.js
  errorHandler middleware
    ΓêÜ should log error with Winston and return sanitized response (18 ms)
    ΓêÜ should sanitize error messages in production mode (7 ms)
    ΓêÜ should use default status 500 when err.status is missing (11 ms)
    ΓêÜ should use the error's status code when provided (22 ms)
    ΓêÜ should handle error with no message (13 ms)
    ΓêÜ should include requestId 'unknown' when req.requestId is missing (5 ms)

PASS src/tests/controllers/predictiveMaintenance.controller.test.js
  predictiveMaintenance Controller
    analyzeDevice
      ΓêÜ should analyze device (15 ms)
      ΓêÜ should handle errors (1 ms)
    getRecommendations
      ΓêÜ should return recommendations (11 ms)
      ΓêÜ should handle errors (15 ms)
    approveRecommendation
      ΓêÜ should approve recommendation (1 ms)
      ΓêÜ should handle device not found (1 ms)
      ΓêÜ should handle no recommendation (2 ms)
      ΓêÜ should handle errors (1 ms)

PASS src/tests/utils/appError.test.js
  AppError
    ΓêÜ should create an AppError with status and message (6 ms)
    ΓêÜ should default to 500 status (1 ms)
    ΓêÜ should handle various HTTP status codes (2 ms)
    ΓêÜ should set isOperational to false for non-operational errors (1 ms)
    ΓêÜ should store details (14 ms)
    ΓêÜ should have proper stack trace (17 ms)
    ΓêÜ should be instance of Error (1 ms)
    toJSON
      ΓêÜ should return JSON response object (1 ms)
      ΓêÜ should include details in non-production (1 ms)
      ΓêÜ should not include details in production (14 ms)
  Specific error classes
    ΓêÜ BadRequestError should have status 400 (12 ms)
    ΓêÜ UnauthorizedError should have status 401 (7 ms)
    ΓêÜ ForbiddenError should have status 403 (12 ms)
    ΓêÜ NotFoundError should have status 404 (7 ms)
    ΓêÜ ConflictError should have status 409 (2 ms)
    ΓêÜ TooManyRequestsError should have status 429 (1 ms)
    ΓêÜ LockedError should have status 423 (8 ms)
    ΓêÜ InternalServerError should have status 500 and not be operational (2 ms)
    ΓêÜ InternalServerError should accept details (10 ms)
    ΓêÜ should use default message and details for BadRequestError, ForbiddenError, and ConflictError (9 ms)
  formatErrors
    ΓêÜ should format a single error (7 ms)
    ΓêÜ should format multiple errors (1 ms)
    ΓêÜ should handle empty array (1 ms)
    ΓêÜ should handle null input (5 ms)
    ΓêÜ should handle undefined input (7 ms)

PASS src/tests/controllers/ai.controller.test.js
  ai Controller
    processOcr
      ΓêÜ should process OCR and return extracted data (19 ms)
      ΓêÜ should return 400 when no file is provided (3 ms)
      ΓêÜ should return 500 when OCR fails (10 ms)
    queryRAG
      ΓêÜ should return RAG query answer (9 ms)
      ΓêÜ should return 400 when question is empty (7 ms)
      ΓêÜ should return 400 when question is missing (6 ms)
      ΓêÜ should return 500 when RAG query fails (32 ms)

PASS src/tests/services/ai.service.test.js
  ai.service
    getAiConfig
      ΓêÜ should throw when tenantId is missing (14 ms)
      ΓêÜ should fetch tenant AI settings and build config (6 ms)
      ΓêÜ should fallback to env vars when no tenant settings (4 ms)
    processCertificateOcr
      ΓêÜ should return null when API key is not configured (3 ms)
      ΓêÜ should call the vision API and return parsed JSON (21 ms)
      ΓêÜ should return null on API failure without throwing (2 ms)
    generateEmbedding
      ΓêÜ should return null when API key is missing (3 ms)
      ΓêÜ should call the embeddings API and return vector (7 ms)
      ΓêÜ should return null on error (2 ms)
    queryDocuments
      ΓêÜ should return null when API key is missing (12 ms)
      ΓêÜ should embed the question and call LLM with context (23 ms)
      ΓêÜ should return null when embedding fails (38 ms)

PASS src/tests/services/quota.service.test.js
  quota.service
    PLAN_FEATURES
      ΓêÜ should have correct features for free plan (6 ms)
      ΓêÜ should have correct features for professional plan (1 ms)
      ΓêÜ should have correct features for business plan (2 ms)
      ΓêÜ should have correct features for enterprise plan (2 ms)
    PLAN_ORDER
      ΓêÜ should have correct plan order (1 ms)
    getSeatUsage
      ΓêÜ should count users for tenant (2 ms)
    checkSeatQuota
      ΓêÜ should return unlimited when tenant not found (1 ms)
      ΓêÜ should return unlimited when limit is null (19 ms)
      ΓêÜ should return unlimited when limit is negative (2 ms)
      ΓêÜ should return allowed true when under limit (13 ms)
      ΓêÜ should return allowed false when at limit (24 ms)
    getStorageUsageMb
      ΓêÜ should return 0 when Attachment not available (4 ms)
      ΓêÜ should return 0 when tenantId not provided (35 ms)
      ΓêÜ should convert bytes to MB (21 ms)
    checkStorageQuota
      ΓêÜ should return unlimited when tenant not found (7 ms)
      ΓêÜ should return unlimited when limit is null (2 ms)
      ΓêÜ should return allowed true when under limit (6 ms)
      ΓêÜ should include incoming bytes in calculation (7 ms)
    planHasFeature
      ΓêÜ should return true for core feature in any plan (2 ms)
      ΓêÜ should return true for professional features in higher plans (1 ms)
      ΓêÜ should return false for feature not in plan (8 ms)
      ΓêÜ should default to free for unknown plan (6 ms)
    checkFeature
      ΓêÜ should return allowed true for feature in plan (11 ms)
      ΓêÜ should return allowed false for feature not in plan (1 ms)
      ΓêÜ should default to free when tenant not found (2 ms)
    getUsageSummary
      ΓêÜ should return null when tenant not found (5 ms)
      ΓêÜ should return usage summary with all fields (5 ms)

PASS src/tests/controllers/qms.controller.test.js
  qms Controller
    createNC
      ΓêÜ should create a non-conformance (52 ms)
    getNCs
      ΓêÜ should return paginated non-conformances (12 ms)
      ΓêÜ should filter by status (5 ms)
    updateNC
      ΓêÜ should update a non-conformance (8 ms)
      ΓêÜ should handle not found error (5 ms)
    createCapa
      ΓêÜ should create a CAPA (1 ms)
      ΓêÜ should handle NC not found error (2 ms)
    getCapas
      ΓêÜ should return paginated CAPAs (10 ms)
      ΓêÜ should filter by status (5 ms)
    updateCapa
      ΓêÜ should update a CAPA (2 ms)
      ΓêÜ should handle CAPA not found error (9 ms)

PASS src/tests/services/calibrationRecords.service.test.js
  calibrationRecords.service
    fetchCalibrationRecords
      ΓêÜ should fetch records successfully without optional filters (28 ms)
      ΓêÜ should fetch records with all optional filters (deviceId, isCompliant, from, to) (6 ms)
      ΓêÜ should handle error during fetching (14 ms)
    fetchSpecificCalibrationRecord
      ΓêÜ should fetch specific record successfully (5 ms)
      ΓêÜ should return 404 if not found (6 ms)
      ΓêÜ should handle error during fetchSpecific (4 ms)
    createCalibrationRecord
      ΓêÜ should throw 400 when validation fails (2 ms)
      ΓêÜ should return 404 if device not found or belongs to another tenant (16 ms)
      ΓêÜ should create record successfully without updating device nextCalibrationDate if details missing (7 ms)
      ΓêÜ should create record and update nextCalibrationDate if validation info exists (2 ms)
      ΓêÜ should handle error during creation (7 ms)
    updateCalibrationRecord
      ΓêÜ should throw 400 when validation fails (8 ms)
      ΓêÜ should return 404 if record is not found (5 ms)
      ΓêÜ should update record successfully (3 ms)
      ΓêÜ should handle error during update (1 ms)
    deleteCalibrationRecord
      ΓêÜ should return 404 if record not found (2 ms)
      ΓêÜ should delete record successfully (6 ms)
      ΓêÜ should handle error during delete (3 ms)

PASS src/tests/utils/test.utils.test.js
  createMockRes
    ΓêÜ should return an object with mock methods (13 ms)
    ΓêÜ should chain method calls (6 ms)
  createMockReq
    ΓêÜ should return an object with default properties (7 ms)
    ΓêÜ should accept custom properties (6 ms)
  createMockNext
    ΓêÜ should return a mock function (2 ms)
    ΓêÜ should track calls (1 ms)
  createMockModel
    ΓêÜ should return an object with default mock methods (1 ms)
    ΓêÜ should allow overriding default methods (5 ms)
  createMockTransaction
    ΓêÜ should return an object with commit and rollback methods (1 ms)
    ΓêÜ should resolve commit and rollback (4 ms)
  wait
    ΓêÜ should resolve after the specified time (26 ms)
    ΓêÜ should resolve immediately with 0ms (10 ms)
  mockThrow
    ΓêÜ should return a mock that rejects with the error (5 ms)
  mockResolve
    ΓêÜ should return a mock that resolves with the value

PASS src/tests/controllers/attachment.controller.test.js
  attachment Controller
    upload
      ΓêÜ should upload an attachment (25 ms)
      ΓêÜ should upload without optional resource params (12 ms)
    list
      ΓêÜ should list all attachments (9 ms)
      ΓêÜ should filter by resource type and ID (9 ms)
      ΓêÜ should support pagination query (5 ms)
    getOne
      ΓêÜ should return an attachment by ID (1 ms)
      ΓêÜ should handle attachment not found (6 ms)
    download
      ΓêÜ should serve file download (2 ms)
    createSignedUrl
      ΓêÜ should generate a signed URL (5 ms)
      ΓêÜ should use default expiresInSec when not provided (8 ms)
    downloadSigned
      ΓêÜ should serve file download via signed URL (1 ms)
    remove
      ΓêÜ should delete an attachment (6 ms)
      ΓêÜ should return 404 when attachment not found (7 ms)

PASS src/tests/middlewares/rlsEnforcement.test.js
  rlsEnforcement middleware
    ΓêÜ should skip if dialect is not postgres (3 ms)
    ΓêÜ should call next immediately when no tenant context is present (8 ms)
    ΓêÜ should execute RLS session variables query in postgres dialect (12 ms)
    ΓêÜ should set SUPER_ADMIN tenant variable for superadmin context (6 ms)
    ΓêÜ should escape single quotes in the tenant value (3 ms)
    ΓêÜ should log and forward the error when the transaction fails (6 ms)
    ΓêÜ should not forward the error when headers are already sent (1 ms)
    ΓêÜ should set an empty tenant variable when context has no tenant id (1 ms)
    ΓêÜ should initialize Postgres RLS skip if not using postgres (2 ms)
    ΓêÜ should create RLS policies for tenant-scoped models (10 ms)
    ΓêÜ should log a warning when policy creation fails for a table (10 ms)

PASS src/tests/middlewares/enforceQuota.test.js
  enforceQuota middleware
    enforceSeatQuota
      ΓêÜ should bypass quota check for SUPER_ADMIN (name 'SUPER_ADMIN') (12 ms)
      ΓêÜ should bypass quota check for SUPERADMIN (name 'SUPERADMIN') (6 ms)
      ΓêÜ should allow when quota check returns allowed: true (13 ms)
      ΓêÜ should throw 403 when seat limit is reached (16 ms)
      ΓêÜ should forward unexpected errors to next() (9 ms)
    enforceStorageQuota
      ΓêÜ should bypass for SUPER_ADMIN (11 ms)
      ΓêÜ should allow when storage quota has headroom (4 ms)
      ΓêÜ should allow when content-length header is missing (treats as 0) (7 ms)
      ΓêÜ should throw 413 when storage limit would be exceeded (5 ms)
      ΓêÜ should forward unexpected errors to next() (8 ms)
    requireFeature
      ΓêÜ should bypass feature check for SUPER_ADMIN (7 ms)
      ΓêÜ should allow when the plan has the feature (8 ms)
      ΓêÜ should throw 402 when plan lacks the feature (8 ms)
      ΓêÜ should forward unexpected errors to next() (15 ms)

PASS src/tests/services/userPermission.service.test.js
  userPermission.service
    getUserPermissions
      ΓêÜ should throw error when user not found (18 ms)
      ΓêÜ should return user permissions with role and overrides (7 ms)
      ΓêÜ should apply custom overrides over role permissions (3 ms)
      ΓêÜ should handle user without role (5 ms)
      ΓêÜ should filter out role permissions with null menu (6 ms)
    setUserPermission
      ΓêÜ should throw error for invalid permission type (10 ms)
      ΓêÜ should throw error when user not found (3 ms)
      ΓêÜ should throw error when menu not found (7 ms)
      ΓêÜ should create new permission override (7 ms)
      ΓêÜ should update existing permission override (8 ms)
      ΓêÜ should invalidate cache after setting permission (2 ms)
    removeUserPermission
      ΓêÜ should remove permission override and invalidate cache (2 ms)
    getUserOverrideMatrix
      ΓêÜ should return cached matrix when available (1 ms)
      ΓêÜ should fetch and cache matrix when not cached (2 ms)
      ΓêÜ should skip entries without menu name (1 ms)

PASS src/tests/services/apiKey.service.test.js
  apiKey.service
    scopeAllows
      ΓêÜ '*' allows everything (7 ms)
      ΓêÜ resource:read allows read only (2 ms)
      ΓêÜ resource:write implies read (6 ms)
      ΓêÜ resource:* allows both actions (2 ms)
      ΓêÜ *:read allows read on any resource but not write (4 ms)
      ΓêÜ bare resource implies write (1 ms)
      ΓêÜ is case-insensitive on the resource (1 ms)
      ΓêÜ denies an unrelated resource (5 ms)
      ΓêÜ handles a non-array scopes value (5 ms)
    createApiKey
      ΓêÜ returns the raw key once and persists only a hash + prefix (12 ms)
      ΓêÜ throws 400 without a name (9 ms)
    verifyApiKey
      ΓêÜ returns null for a non-cbk key (10 ms)
      ΓêÜ returns null when not found (4 ms)
      ΓêÜ returns null when inactive (10 ms)
      ΓêÜ returns null when expired (1 ms)
      ΓêÜ returns the key when valid and refreshes lastUsedAt (6 ms)

PASS src/tests/controllers/sop.controller.test.js
  sop Controller
    createDocument
      ΓêÜ should create document (4 ms)
    getDocuments
      ΓêÜ should return documents (1 ms)
    publishDocument
      ΓêÜ should publish document
      ΓêÜ should handle 404 (2 ms)
    acknowledgeTraining
      ΓêÜ should acknowledge training (5 ms)
      ΓêÜ should handle 404 (6 ms)

PASS src/tests/controllers/calibrationScheduler.controller.test.js
  calibrationScheduler Controller
    runScan
      ΓêÜ should run calibration scan for tenant user (9 ms)
      ΓêÜ should run scan with leadDays from body (5 ms)
      ΓêÜ should allow super admin to scan all tenants (12 ms)
      ΓêÜ should allow super admin to target specific tenant via body only (no allTenants) (5 ms)
    listDue
      ΓêÜ should return due devices for tenant user (10 ms)
      ΓêÜ should filter by leadDays from query (6 ms)
      ΓêÜ should allow super admin to list due for all tenants (10 ms)
      ΓêÜ should allow super admin to target specific tenant via body only (no allTenants) (5 ms)

PASS src/tests/controllers/tenantBackup.controller.test.js
  tenantBackup Controller
    createBackup
      ΓêÜ should create a backup successfully (7 ms)
      ΓêÜ should return 400 when name is missing (5 ms)
    getBackups
      ΓêÜ should list backups with pagination (4 ms)
      ΓêÜ should filter by status (24 ms)
    getBackup
      ΓêÜ should return a specific backup (8 ms)
      ΓêÜ should return 404 when backup not found (4 ms)
    downloadBackup
      ΓêÜ should download a backup file (6 ms)
    restoreBackup
      ΓêÜ should restore a backup successfully (9 ms)
      ΓêÜ should restore with mergeData true (2 ms)
    deleteBackup
      ΓêÜ should delete a backup successfully (2 ms)
    getBackupStats
      ΓêÜ should return backup statistics (8 ms)

PASS src/tests/controllers/content.controller.test.js
  contentController
    listPosts
      ΓêÜ should return paginated posts (12 ms)
    getPost
      ΓêÜ should return a specific post (9 ms)
    createPost
      ΓêÜ should create a post with valid data (9 ms)
    updatePost
      ΓêÜ should update a post (17 ms)
    deletePost
      ΓêÜ should delete a post (2 ms)
    checkSlug
      ΓêÜ should check slug availability (9 ms)
    listPublishedPosts
      ΓêÜ should return published posts (7 ms)
    getPublishedPost
      ΓêÜ should return a published post by slug (8 ms)
    listCategories
      ΓêÜ should return all categories (14 ms)
    createCategory
      ΓêÜ should create a category with valid data (1 ms)
    updateCategory
      ΓêÜ should update a category (19 ms)
    deleteCategory
      ΓêÜ should delete a category (25 ms)

PASS src/tests/middlewares/rbac.test.js
  rbac middleware
    rbac
      ΓêÜ should reject when req.user is missing (32 ms)
      ΓêÜ should reject when user has no role name (21 ms)
      ΓêÜ should allow SUPER_ADMIN to bypass all checks (17 ms)
      ΓêÜ should allow SUPERADMIN (alias) to bypass all checks (19 ms)
      ΓêÜ should allow when user role is explicitly in the allowlist (28 ms)
      ΓêÜ should allow with allowHigher=true when user level exceeds minimum (14 ms)
      ΓêÜ should reject when user level is below minimum with allowHigher=true (12 ms)
      ΓêÜ should allow when user role name exactly matches with allowHigher=false (8 ms)
      ΓêÜ should reject when user level is higher but allowHigher is false (15 ms)
      ΓêÜ should allow any authenticated user when rbac() is called with no requiredRoles (11 ms)
      ΓêÜ should use roleLevel fallback when role_level is missing (2 ms)
      ΓêÜ should pass when no listed roles map to known levels (minRequiredLevel=0) (2 ms)
    checkRoleLevel
      ΓêÜ should pass when user role level meets the minimum (9 ms)
      ΓêÜ should reject when user role level is below minimum (36 ms)
      ΓêÜ should reject when req.user is missing (22 ms)
      ΓêÜ should reject when req.user.role is missing (16 ms)
      ΓêÜ should treat missing roleLevel as 0 (2 ms)
    notSuperAdmin
      ΓêÜ should pass for non-super-admin users (30 ms)
      ΓêÜ should pass when req.user is null (26 ms)
      ΓêÜ should reject SUPER_ADMIN (2 ms)
      ΓêÜ should reject SUPERADMIN alias (9 ms)
      ΓêÜ should pass for users without a role (2 ms)

PASS src/tests/services/qms.service.test.js
  qms.service
    Non-Conformance (NC)
      createNC
        ΓêÜ should create a non-conformance with formatted ncNumber (20 ms)
      getNCs
        ΓêÜ should return paginated list of non-conformances (5 ms)
      updateNC
        ΓêÜ should update and save NC if found (40 ms)
        ΓêÜ should throw 404 AppError if NC not found (44 ms)
    CAPA
      createCapa
        ΓêÜ should create CAPA if associated NC exists (56 ms)
        ΓêÜ should throw 404 AppError if associated NC not found (1 ms)
      getCapas
        ΓêÜ should return paginated list of CAPAs (11 ms)
      updateCapa
        ΓêÜ should update and save CAPA if found (2 ms)
        ΓêÜ should throw 404 AppError if CAPA not found (36 ms)

PASS src/tests/controllers/supplierScorecard.controller.test.js
  supplierScorecard Controller
    createScorecard
      ΓêÜ should create scorecard (32 ms)
    getScorecards
      ΓêÜ should return scorecards (18 ms)
    getScorecardById
      ΓêÜ should return scorecard by id (47 ms)
      ΓêÜ should handle 404 (14 ms)
    updateScorecard
      ΓêÜ should update scorecard (10 ms)
      ΓêÜ should handle 404 (15 ms)
    deleteScorecard
      ΓêÜ should delete scorecard (10 ms)
      ΓêÜ should handle 404 (13 ms)

PASS src/tests/services/tenantUpload.service.test.js
  tenantUpload.service
    updateTenantLogo
      ΓêÜ should update tenant logo successfully (42 ms)
      ΓêÜ should handle tenant without existing logo (14 ms)
      ΓêÜ should throw 404 when tenant not found (17 ms)
      ΓêÜ should continue if old logo deletion fails (13 ms)
      ΓêÜ should throw InternalServerError if a non-AppError occurs (33 ms)
    removeTenantLogo
      ΓêÜ should remove tenant logo successfully (18 ms)
      ΓêÜ should do nothing if tenant has no logo (60 ms)
      ΓêÜ should throw 404 when tenant not found (13 ms)
      ΓêÜ should continue if logo deletion fails (12 ms)
      ΓêÜ should throw InternalServerError if a non-AppError occurs (9 ms)
      ΓêÜ should not delete logo if it is default.svg (22 ms)
      ΓêÜ should not delete logo if it resolves to a falsy filename in updateTenantLogo (21 ms)
      ΓêÜ should not delete logo if it resolves to a falsy filename in removeTenantLogo (12 ms)

PASS src/tests/controllers/admin.controller.test.js
  admin Controller
    getAllTenants
      ΓêÜ should return all tenants without filters (19 ms)
      ΓêÜ should return tenants with search filter (6 ms)
      ΓêÜ should return tenants with pagination (8 ms)
    updateTenantStatus
      ΓêÜ should update tenant status (1 ms)
      ΓêÜ should return 404 when tenant not found (18 ms)
      ΓêÜ should return 400 for invalid status (11 ms)
    updateTenantFlags
      ΓêÜ should update tenant flags (9 ms)
      ΓêÜ should return 404 when tenant not found (12 ms)

PASS src/tests/controllers/featureFlag.controller.test.js
  featureFlag Controller
    getTenantFlags
      ΓêÜ should return all flags for tenant (36 ms)
    isFlagEnabled
      ΓêÜ should return flag status (11 ms)
      ΓêÜ should return disabled flag status (16 ms)
    setTenantFlag
      ΓêÜ should set a feature flag for tenant (22 ms)
    resetTenantFlag
      ΓêÜ should reset a feature flag to default (2 ms)
    initializeTenantFlags
      ΓêÜ should initialize default flags for tenant (7 ms)
    getAllFlagDefinitions
      ΓêÜ should return all flag definitions (1 ms)

PASS src/tests/services/sessionCleanup.test.js
  sessionCleanup middleware
    cleanupExpiredSessionsJob
      ΓêÜ should delete expired sessions successfully (108 ms)
      ΓêÜ should log error when cleanup fails (117 ms)
    revokeUserSessions
      ΓêÜ should revoke all sessions for a user (28 ms)
      ΓêÜ should use default reason when not provided (20 ms)
      ΓêÜ should log error when revocation fails (49 ms)
    initSessionCleanup
      ΓêÜ should use default schedule when SESSION_CLEANUP_SCHEDULER is not set (24 ms)
      ΓêÜ should use custom schedule from environment variable (19 ms)
      ΓêÜ should log message about custom schedule (26 ms)
      ΓêÜ should log default message when using default schedule (14 ms)

PASS src/tests/controllers/webhook.controller.test.js
  webhook Controller
    create
      ΓêÜ should create a webhook (16 ms)
    list
      ΓêÜ should list webhooks (2 ms)
    getOne
      ΓêÜ should return a specific webhook (2 ms)
    update
      ΓêÜ should update a webhook (1 ms)
    remove
      ΓêÜ should delete a webhook (6 ms)
    deliveries
      ΓêÜ should list webhook deliveries (2 ms)
    test
      ΓêÜ should test a webhook delivery (10 ms)

PASS src/tests/services/supplierScorecard.service.test.js
  supplierScorecard.service
    createScorecard
      ΓêÜ should create scorecard after validating vendor exists (34 ms)
      ΓêÜ should throw 404 when vendor not found (15 ms)
      ΓêÜ should pass through empty vendor data (15 ms)
    getScorecards
      ΓêÜ should return paginated scorecards with defaults (12 ms)
      ΓêÜ should filter by vendorId and status (6 ms)
      ΓêÜ should handle custom pagination (10 ms)
      ΓêÜ should return totalPages 0 when no results (1 ms)
    getScorecardById
      ΓêÜ should return scorecard with vendor and evaluator (5 ms)
      ΓêÜ should throw 404 when scorecard not found (1 ms)
    updateScorecard
      ΓêÜ should update and return scorecard (7 ms)
      ΓêÜ should throw 404 when updating non-existent scorecard (7 ms)
    deleteScorecard
      ΓêÜ should delete scorecard and return true (4 ms)
      ΓêÜ should throw 404 when deleting non-existent scorecard (6 ms)

PASS src/tests/middlewares/calibrationScheduler.middleware.test.js
  calibrationScheduler middleware
    initCalibrationScheduler
      ΓêÜ should log info and return when CALIBRATION_SCHEDULER is 'disabled' (26 ms)
      ΓêÜ should log info and return when CALIBRATION_SCHEDULER is 'off' (12 ms)
      ΓêÜ should log error and return when cron expression is invalid (21 ms)
      ΓêÜ should log info with custom schedule when expression is valid (11 ms)
      ΓêÜ should log info with default schedule when no env var is set (14 ms)
      ΓêÜ should register a cron job with the provided schedule (13 ms)
      ΓêÜ should run calibration scan and log summary when cron fires successfully (9 ms)
      ΓêÜ should log error when calibration scan throws (12 ms)
      ΓêÜ should use default schedule when env var is empty string (6 ms)

PASS src/tests/services/stripeWebhook.service.test.js
  stripeWebhook.service
    constructEvent (dev bypass, no signing secret)
      ΓêÜ parses the raw JSON body outside production (16 ms)
    handleEvent
      ΓêÜ invoice.paid ΓåÆ subscription Active, tenant active, invoice recorded (10 ms)
      ΓêÜ repeated payment_failure (already PastDue) suspends the tenant (5 ms)
      ΓêÜ subscription.updated maps status + plan and updates tenant plan (8 ms)
      ΓêÜ returns handled:false when the subscription is not found (1 ms)

PASS src/tests/controllers/scim.controller.test.js
  scim Controller
    Users
      ΓêÜ should get users (24 ms)
      ΓêÜ should get user by id (5 ms)
      ΓêÜ should create user (6 ms)
      ΓêÜ should update user (1 ms)
      ΓêÜ should patch user (8 ms)
      ΓêÜ should delete user (1 ms)
    Groups
      ΓêÜ should get groups (7 ms)
      ΓêÜ should get group by id (2 ms)
      ΓêÜ should create group (1 ms)
      ΓêÜ should update group (1 ms)
      ΓêÜ should patch group (1 ms)
      ΓêÜ should delete group (4 ms)

PASS src/tests/services/sop.service.test.js
  sop.service
    createDocument
      ΓêÜ should create SOP document with formatted number (10 ms)
    getDocuments
      ΓêÜ should return paginated list of documents (14 ms)
    publishDocument
      ΓêÜ should publish SOP and create bulk training acknowledgments if required (6 ms)
      ΓêÜ should throw 404 AppError if document not found (15 ms)
    acknowledgeTraining
      ΓêÜ should complete training acknowledgment if found (2 ms)
      ΓêÜ should throw 404 AppError if training acknowledgment not found (5 ms)

PASS src/tests/middlewares/backup.test.js
  backup middleware
    backupAndZip
      ΓêÜ should create backup of data and log folders (15 ms)
      ΓêÜ should skip log backup when log folder does not exist (12 ms)
      ΓêÜ should handle errors gracefully (8 ms)
    extractZip
      ΓêÜ should extract zip file to destination (12 ms)
      ΓêÜ should skip directories during extraction (2 ms)
    deleteOldFiles
      ΓêÜ should remove files older than 30 days (10 ms)
      ΓêÜ should not remove files within 30 days (1 ms)
      ΓêÜ should handle errors gracefully (6 ms)
    cronBackup
      ΓêÜ should schedule cron job (1 ms)

PASS src/tests/middlewares/activityLog.test.js
  activityLog.middleware
    activityLogger
      ΓêÜ should assign requestId and set header (39 ms)
      ΓêÜ should not overwrite an existing X-Request-Id header (7 ms)
      ΓêÜ should reuse existing requestId from req (4 ms)
      ΓêÜ should log request and response for non-excluded paths (7 ms)
      ΓêÜ should exclude health check endpoints from logging (6 ms)
      ΓêÜ should exclude /live endpoint (9 ms)
      ΓêÜ should exclude /ready endpoint (7 ms)
      ΓêÜ should exclude /docs endpoint (1 ms)
      ΓêÜ should log when NODE_ENV is production (14 ms)
    logger
      ΓêÜ should have http, info, warn, error methods (9 ms)

PASS src/tests/controllers/finance.controller.test.js
  financeController
    fetchAssetFinances
      ΓêÜ should return paginated asset finance records (13 ms)
      ΓêÜ should use req.tenantId when set (6 ms)
    getAssetFinanceById
      ΓêÜ should return a finance record by ID (7 ms)
    createAssetFinance
      ΓêÜ should create a finance record (5 ms)
    updateAssetFinance
      ΓêÜ should update a finance record (1 ms)
    deleteAssetFinance
      ΓêÜ should delete a finance record (2 ms)
    getDepreciationReport
      ΓêÜ should return JSON depreciation report (6 ms)
      ΓêÜ should return CSV when format=csv (9 ms)

PASS src/tests/controllers/risk.controller.test.js
  risk Controller
    createRisk
      ΓêÜ should create risk (16 ms)
    getRisks
      ΓêÜ should return risks (9 ms)
    getRiskById
      ΓêÜ should return risk by id (4 ms)
      ΓêÜ should handle 404 (5 ms)
    updateRisk
      ΓêÜ should update risk (1 ms)
      ΓêÜ should handle 404 (1 ms)
    deleteRisk
      ΓêÜ should delete risk (7 ms)
      ΓêÜ should handle 404

PASS src/tests/utils/controllerWrapper.test.js
  asyncHandler
    ΓêÜ should catch async errors and pass to express error handler (28 ms)
    ΓêÜ should pass successful response to next normally (4 ms)
    ΓêÜ should handle sync errors (2 ms)
    ΓêÜ should handle successful async operations (2 ms)
  asyncHandlerWithMapping
    ΓêÜ should pass successful response without calling sendError (5 ms)
    ΓêÜ should map error message patterns to status codes (4 ms)
    ΓêÜ should fall back to 500 status when no pattern matches (7 ms)
    ΓêÜ should handle error with missing message and stack, and catch response errors when next is not a function (5 
ms)
    ΓêÜ should handle missing message in asyncHandlerWithMapping (6 ms)

PASS src/tests/controllers/tenantLifecycle.controller.test.js
  tenantLifecycle Controller
    suspendTenant
      ΓêÜ should suspend a tenant (24 ms)
      ΓêÜ should return 400 on invalid tenantId (7 ms)
    resumeTenant
      ΓêÜ should resume a tenant (1 ms)
      ΓêÜ should return 400 on invalid tenantId (4 ms)
    enterGracePeriod
      ΓêÜ should enter grace period (2 ms)
    offboardTenant
      ΓêÜ should offboard a tenant (2 ms)
    cancelOffboarding
      ΓêÜ should cancel offboarding (3 ms)
    getTenantLifecycleStatus
      ΓêÜ should return lifecycle status (1 ms)
    exportTenantData
      ΓêÜ should export tenant data (3 ms)

PASS src/tests/middlewares/sessionCleanup.test.js
  sessionCleanup.middleware
    cleanupExpiredSessionsJob
      ΓêÜ should call cleanupExpiredSessions and return count (15 ms)
      ΓêÜ should throw error when cleanup fails (18 ms)
    revokeUserSessions
      ΓêÜ should revoke all sessions for a user (5 ms)
      ΓêÜ should use default reason ACCOUNT_SECURITY (5 ms)
      ΓêÜ should throw error when revoke fails (4 ms)
    initSessionCleanup
      ΓêÜ should schedule cron job with default schedule (5 ms)
      ΓêÜ should schedule cron job with custom schedule from env (2 ms)
      ΓêÜ should return cleanup and revoke functions (5 ms)

PASS src/tests/middlewares/validateUuid.test.js
  validateUuid middleware
    ΓêÜ should call next() for a valid UUID (13 ms)
    ΓêÜ should return 400 for an invalid UUID (6 ms)
    ΓêÜ should call next() when param is undefined (1 ms)
    ΓêÜ should call next() when param is empty string (3 ms)
    ΓêÜ should validate multiple params (1 ms)
    ΓêÜ should fail on second invalid param (6 ms)
    ΓêÜ should reject UUID with version 6+ digit (9 ms)

PASS src/tests/controllers/quota.controller.test.js
  quotaController
    getUsage
      ΓêÜ should return quota usage summary (7 ms)
      ΓêÜ should return 404 when tenant not found (10 ms)

PASS src/tests/utils/appPath.test.js
  appPath util
    ΓêÜ should join a single segment to the app root (4 ms)
    ΓêÜ should join multiple segments (1 ms)
    ΓêÜ should return the app root when given no segments (2 ms)
    ΓêÜ should always produce an absolute path (1 ms)
    ΓêÜ should return correct path when packaged (7 ms)

PASS src/tests/controllers/maintenance.controller.test.js
  maintenanceController
    fetchWorkOrders
      ΓêÜ should return paginated work orders with default pagination (4 ms)
      ΓêÜ should filter by query parameters (8 ms)
    getWorkOrderById
      ΓêÜ should return a specific work order (1 ms)
    createWorkOrder
      ΓêÜ should create a work order with valid data (11 ms)
    updateWorkOrder
      ΓêÜ should update a work order (1 ms)
    deleteWorkOrder
      ΓêÜ should delete a work order (2 ms)

PASS src/tests/services/virusScan.service.test.js
  virusScan.service
    scanFile
      ΓêÜ should return clean with provider=none by default (3 ms)
      ΓêÜ should return clean when provider=none explicitly set (2 ms)
      ΓêÜ should warn and return clean for unimplemented provider (3 ms)
      ΓêÜ should warn for any non-none provider (4 ms)
      ΓêÜ should pass through the exact absPath in the warning (3 ms)

PASS src/tests/controllers/search.controller.test.js
  search Controller
    search
      ΓêÜ should search without types (8 ms)
      ΓêÜ should search with comma-separated types (1 ms)
      ΓêÜ should filter empty types (1 ms)
      ΓêÜ should handle errors (8 ms)

PASS src/tests/controllers/batchJob.controller.test.js
  batchJob Controller
    createTestJob
      ΓêÜ should create a job with defaults (4 ms)
      ΓêÜ should create a job with custom type and totalItems (6 ms)
    getJobs
      ΓêÜ should return paginated jobs (3 ms)
      ΓêÜ should return paginated jobs with pagination params (3 ms)
    getJobStatus
      ΓêÜ should return job status (3 ms)
      ΓêÜ should return 404 when job not found (3 ms)

PASS src/tests/utils/otp.test.js
  OTP utility
    generateOTP
      ΓêÜ should generate a 6-digit OTP by default (3 ms)
      ΓêÜ should generate OTP with custom length (1 ms)
      ΓêÜ should generate numeric OTP (1 ms)
    hashOTP
      ΓêÜ should hash an OTP (1 ms)
      ΓêÜ should produce consistent hash for same OTP (1 ms)
    verifyOTP
      ΓêÜ should verify correct OTP
      ΓêÜ should reject incorrect OTP (1 ms)
      ΓêÜ should handle null hashed value (1 ms)

PASS src/tests/controllers/audit.controller.test.js
  auditController
    fetchAuditLogs
      ΓêÜ should return paginated audit logs with default pagination (9 ms)
      ΓêÜ should filter by query parameters (3 ms)
      ΓêÜ should handle service error (2 ms)

PASS src/tests/middlewares/notFound.test.js
  notFound middleware
    ΓêÜ should call sendNotFound with 404 status (3 ms)
    ΓêÜ should not call next() - notFound does not pass to error handlers (1 ms)

Summary of all failing tests
FAIL src/tests/services/risk.service.test.js
  ΓùÅ riskService ΓÇ║ updateRisk ΓÇ║ should update a risk

    expect(received).toEqual(expected) // deep equality

    - Expected  - 0
    + Received  + 1

      Object {
        "id": "risk-1",
        "status": "closed",
        "title": "Test Risk",
    +   "update": [Function mockConstructor],
      }

    [0m [90m 228 |[39m
     [90m 229 |[39m       expect(mockRisk[33m.[39mupdate)[33m.[39mtoHaveBeenCalledWith(updateData)[33m;[39m
    [31m[1m>[22m[39m[90m 230 |[39m       expect(result)[33m.[39mtoEqual({
     [90m     |[39m                      [31m[1m^[22m[39m
     [90m 231 |[39m         id[33m:[39m riskId[33m,[39m
     [90m 232 |[39m         title[33m:[39m [32m"Test Risk"[39m[33m,[39m
     [90m 233 |[39m         status[33m:[39m [32m"closed"[39m[33m,[39m[0m

      at Object.<anonymous> (src/tests/services/risk.service.test.js:230:22)

FAIL src/tests/controllers/roles.controller.test.js
  ΓùÅ Test suite failed to run

    Jest encountered an unexpected token

    Jest failed to parse a file. This happens e.g. when your code or its dependencies use non-standard JavaScript 
syntax, or when Jest is not configured to support such syntax.

    Out of the box Jest supports Babel, which will be used to transform your files into valid JS based on your Babel 
configuration.

    By default "node_modules" folder is ignored by transformers.

    Here's what you can do:
     ΓÇó If you are trying to use ECMAScript Modules, see https://jestjs.io/docs/ecmascript-modules for how to enable 
it.
     ΓÇó If you are trying to use TypeScript, see https://jestjs.io/docs/getting-started#using-typescript
     ΓÇó To have some of your "node_modules" files transformed, you can specify a custom "transformIgnorePatterns" in 
your config.
     ΓÇó If you need a custom transformation, specify a "transform" option in your config.
     ΓÇó If you simply want to mock your non-JS modules (e.g. binary assets) you can stub them out with the 
"moduleNameMapper" config option.

    You'll find more details and examples of these config options in the docs:
    https://jestjs.io/docs/configuration
    For information about custom transformations, see:
    https://jestjs.io/docs/code-transformation

    Details:

    C:\Users\Zed\Documents\Project\Callibrator\backend\src\tests\controllers\roles.controller.test.js:416
          });
          ^

    SyntaxError: Unexpected token '}'

      at ModuleExecutor.compile (node_modules/jest-runtime/build/index.js:2104:44)

FAIL src/tests/controllers/tenant.controller.test.js
  ΓùÅ tenant Controller ΓÇ║ getPublicBranding ΓÇ║ should handle tenantId from body

    expect(jest.fn()).toHaveBeenCalledWith(...expected)

    Expected: "550e8400-e29b-41d4-a716-446655440001"

    Number of calls: 0

    [0m [90m 262 |[39m       [36mawait[39m tenantController[33m.[39mgetPublicBranding(req[33m,[39m 
res[33m,[39m next)[33m;[39m
     [90m 263 |[39m
    [31m[1m>[22m[39m[90m 264 |[39m       
expect(tenantService[33m.[39mgetPublicBranding)[33m.[39mtoHaveBeenCalledWith(
     [90m     |[39m                                               [31m[1m^[22m[39m
     [90m 265 |[39m         [33mVALID_TENANT_ID[39m[33m,[39m
     [90m 266 |[39m       )[33m;[39m
     [90m 267 |[39m     })[33m;[39m[0m

      at Object.<anonymous> (src/tests/controllers/tenant.controller.test.js:264:47)


Test Suites: 3 failed, 244 passed, 247 total
Tests:       2 failed, 1 skipped, 3609 passed, 3612 total
Snapshots:   0 total
Time:        32.693 s, estimated 36 s
Ran all test suites.
Force exiting Jest: Have you considered using `--detectOpenHandles` to detect async operations that kept running after 
all tests finished?
